Archive member included to satisfy reference by file (symbol)

d:/embitz/1.11/share/em_armgcc/bin/../lib/gcc/arm-none-eabi/5.4.1/armv7e-m\libgcc.a(_arm_addsubdf3.o)
                              obj\debug\src\main.o (__aeabi_f2d)
d:/embitz/1.11/share/em_armgcc/bin/../lib/gcc/arm-none-eabi/5.4.1/armv7e-m\libgcc.a(_arm_muldivdf3.o)
                              obj\debug\src\main.o (__aeabi_dmul)
d:/embitz/1.11/share/em_armgcc/bin/../lib/gcc/arm-none-eabi/5.4.1/armv7e-m\libgcc.a(_arm_truncdfsf2.o)
                              obj\debug\src\main.o (__aeabi_d2f)
d:/embitz/1.11/share/em_armgcc/bin/../lib/gcc/arm-none-eabi/5.4.1/armv7e-m\libgcc.a(_arm_addsubsf3.o)
                              obj\debug\src\adc.o (__aeabi_ui2f)
d:/embitz/1.11/share/em_armgcc/bin/../lib/gcc/arm-none-eabi/5.4.1/armv7e-m\libgcc.a(_arm_muldivsf3.o)
                              obj\debug\src\main.o (__aeabi_fmul)
d:/embitz/1.11/share/em_armgcc/bin/../lib/gcc/arm-none-eabi/5.4.1/armv7e-m\libgcc.a(_arm_cmpsf2.o)
                              obj\debug\src\main.o (__aeabi_fcmplt)
d:/embitz/1.11/share/em_armgcc/bin/../lib/gcc/arm-none-eabi/5.4.1/../../../../arm-none-eabi/lib/armv7e-m\libg_n.a(lib_a-exit.o)
                              d:/embitz/1.11/share/em_armgcc/bin/../lib/gcc/arm-none-eabi/5.4.1/../../../../arm-none-eabi/lib/armv7e-m/crt0.o (exit)
d:/embitz/1.11/share/em_armgcc/bin/../lib/gcc/arm-none-eabi/5.4.1/../../../../arm-none-eabi/lib/armv7e-m\libg_n.a(lib_a-impure.o)
                              d:/embitz/1.11/share/em_armgcc/bin/../lib/gcc/arm-none-eabi/5.4.1/../../../../arm-none-eabi/lib/armv7e-m\libg_n.a(lib_a-exit.o) (_global_impure_ptr)
d:/embitz/1.11/share/em_armgcc/bin/../lib/gcc/arm-none-eabi/5.4.1/../../../../arm-none-eabi/lib/armv7e-m\libg_n.a(lib_a-init.o)
                              d:/embitz/1.11/share/em_armgcc/bin/../lib/gcc/arm-none-eabi/5.4.1/../../../../arm-none-eabi/lib/armv7e-m/crt0.o (__libc_init_array)
d:/embitz/1.11/share/em_armgcc/bin/../lib/gcc/arm-none-eabi/5.4.1/../../../../arm-none-eabi/lib/armv7e-m\libg_n.a(lib_a-memcpy-stub.o)
                              obj\debug\src\lcd.o (memcpy)
d:/embitz/1.11/share/em_armgcc/bin/../lib/gcc/arm-none-eabi/5.4.1/../../../../arm-none-eabi/lib/armv7e-m\libg_n.a(lib_a-memset.o)
                              d:/embitz/1.11/share/em_armgcc/bin/../lib/gcc/arm-none-eabi/5.4.1/../../../../arm-none-eabi/lib/armv7e-m/crt0.o (memset)
d:/embitz/1.11/share/em_armgcc/bin/../lib/gcc/arm-none-eabi/5.4.1/../../../../arm-none-eabi/lib/armv7e-m\libg_n.a(lib_a-nano-vfprintf_float.o)
                              (_printf_float)
d:/embitz/1.11/share/em_armgcc/bin/../lib/gcc/arm-none-eabi/5.4.1/../../../../arm-none-eabi/lib/armv7e-m\libg_n.a(lib_a-nano-vfprintf_i.o)
                              d:/embitz/1.11/share/em_armgcc/bin/../lib/gcc/arm-none-eabi/5.4.1/../../../../arm-none-eabi/lib/armv7e-m\libg_n.a(lib_a-nano-vfprintf_float.o) (_printf_common)
d:/embitz/1.11/share/em_armgcc/bin/../lib/gcc/arm-none-eabi/5.4.1/../../../../arm-none-eabi/lib/armv7e-m\libg_n.a(lib_a-printf.o)
                              obj\debug\src\adc.o (printf)
d:/embitz/1.11/share/em_armgcc/bin/../lib/gcc/arm-none-eabi/5.4.1/../../../../arm-none-eabi/lib/armv7e-m\libg_n.a(lib_a-puts.o)
                              obj\debug\src\main.o (puts)
d:/embitz/1.11/share/em_armgcc/bin/../lib/gcc/arm-none-eabi/5.4.1/../../../../arm-none-eabi/lib/armv7e-m\libg_n.a(lib_a-setbuf.o)
                              obj\debug\src\30021_io.o (setbuf)
d:/embitz/1.11/share/em_armgcc/bin/../lib/gcc/arm-none-eabi/5.4.1/../../../../arm-none-eabi/lib/armv7e-m\libg_n.a(lib_a-setvbuf.o)
                              d:/embitz/1.11/share/em_armgcc/bin/../lib/gcc/arm-none-eabi/5.4.1/../../../../arm-none-eabi/lib/armv7e-m\libg_n.a(lib_a-setbuf.o) (setvbuf)
d:/embitz/1.11/share/em_armgcc/bin/../lib/gcc/arm-none-eabi/5.4.1/../../../../arm-none-eabi/lib/armv7e-m\libg_n.a(lib_a-sprintf.o)
                              obj\debug\src\main.o (sprintf)
d:/embitz/1.11/share/em_armgcc/bin/../lib/gcc/arm-none-eabi/5.4.1/../../../../arm-none-eabi/lib/armv7e-m\libg_n.a(lib_a-strlen.o)
                              d:/embitz/1.11/share/em_armgcc/bin/../lib/gcc/arm-none-eabi/5.4.1/../../../../arm-none-eabi/lib/armv7e-m\libg_n.a(lib_a-nano-vfprintf_float.o) (strlen)
d:/embitz/1.11/share/em_armgcc/bin/../lib/gcc/arm-none-eabi/5.4.1/../../../../arm-none-eabi/lib/armv7e-m\libg_n.a(lib_a-wbuf.o)
                              d:/embitz/1.11/share/em_armgcc/bin/../lib/gcc/arm-none-eabi/5.4.1/../../../../arm-none-eabi/lib/armv7e-m\libg_n.a(lib_a-puts.o) (__swbuf_r)
d:/embitz/1.11/share/em_armgcc/bin/../lib/gcc/arm-none-eabi/5.4.1/../../../../arm-none-eabi/lib/armv7e-m\libg_n.a(lib_a-wsetup.o)
                              d:/embitz/1.11/share/em_armgcc/bin/../lib/gcc/arm-none-eabi/5.4.1/../../../../arm-none-eabi/lib/armv7e-m\libg_n.a(lib_a-puts.o) (__swsetup_r)
[...]
Memory Configuration

Name             Origin             Length             Attributes
ROM              0x08000000         0x00008000         xr
RAM              0x20000000         0x00004000         xrw
*default*        0x00000000         0xffffffff

Linker script and memory map

LOAD d:/embitz/1.11/share/em_armgcc/bin/../lib/gcc/arm-none-eabi/5.4.1/armv7e-m/crti.o
LOAD d:/embitz/1.11/share/em_armgcc/bin/../lib/gcc/arm-none-eabi/5.4.1/armv7e-m/crtbegin.o
LOAD d:/embitz/1.11/share/em_armgcc/bin/../lib/gcc/arm-none-eabi/5.4.1/../../../../arm-none-eabi/lib/armv7e-m/crt0.o
                0x00000000                __HEAP_SIZE = 0x0
                0x00000100                __STACK_SIZE = 0x100

.text           0x08000000     0x6748
 *(.isr_vector)
 .isr_vector    0x08000000      0x188 obj\debug\src\startup_stm32f30x.o
                0x08000000                __isr_vector
 *(.text*)
 .text          0x08000188       0x5c d:/embitz/1.11/share/em_armgcc/bin/../lib/gcc/arm-none-eabi/5.4.1/armv7e-m/crtbegin.o
 .text          0x080001e4       0x74 d:/embitz/1.11/share/em_armgcc/bin/../lib/gcc/arm-none-eabi/5.4.1/../../../../arm-none-eabi/lib/armv7e-m/crt0.o
                0x080001e4                _start
                0x080001e4                _mainCRTStartup
 .text.ADC_Init
                0x08000258       0x80 obj\debug\spl\src\stm32f30x_adc.o
                0x08000258                ADC_Init
 .text.ADC_StructInit
                0x080002d8       0x44 obj\debug\spl\src\stm32f30x_adc.o
                0x080002d8                ADC_StructInit
 .text.ADC_Cmd  0x0800031c       0x38 obj\debug\spl\src\stm32f30x_adc.o
                0x0800031c                ADC_Cmd
 .text.ADC_StartCalibration
                0x08000354       0x20 obj\debug\spl\src\stm32f30x_adc.o
                0x08000354                ADC_StartCalibration
 .text.ADC_SelectCalibrationMode
                0x08000374       0x2c obj\debug\spl\src\stm32f30x_adc.o
                0x08000374                ADC_SelectCalibrationMode
 .text.ADC_GetCalibrationStatus
                0x080003a0       0x2c obj\debug\spl\src\stm32f30x_adc.o
                0x080003a0                ADC_GetCalibrationStatus
 .text.ADC_GetDisableCmdStatus
                0x080003cc       0x30 obj\debug\spl\src\stm32f30x_adc.o
                0x080003cc                ADC_GetDisableCmdStatus
 .text.ADC_VoltageRegulatorCmd
                0x080003fc       0x44 obj\debug\spl\src\stm32f30x_adc.o
                0x080003fc                ADC_VoltageRegulatorCmd
 .text.ADC_RegularChannelConfig
                0x08000440      0x1f0 obj\debug\spl\src\stm32f30x_adc.o
                0x08000440                ADC_RegularChannelConfig
 .text.ADC_StartConversion
                0x08000630       0x20 obj\debug\spl\src\stm32f30x_adc.o
                0x08000630                ADC_StartConversion
 .text.ADC_GetConversionValue
                0x08000650       0x18 obj\debug\spl\src\stm32f30x_adc.o
                0x08000650                ADC_GetConversionValue
 .text.ADC_GetFlagStatus
                0x08000668       0x30 obj\debug\spl\src\stm32f30x_adc.o
                0x08000668                ADC_GetFlagStatus
 .text.EXTI_Init
                0x08000698      0x1f4 obj\debug\spl\src\stm32f30x_exti.o
                0x08000698                EXTI_Init
 .text.EXTI_ClearITPendingBit
                0x0800088c       0x30 obj\debug\spl\src\stm32f30x_exti.o
                0x0800088c                EXTI_ClearITPendingBit
 .text.FLASH_Unlock
                0x080008bc       0x30 obj\debug\spl\src\stm32f30x_flash.o
                0x080008bc                FLASH_Unlock
 .text.FLASH_Lock
                0x080008ec       0x1c obj\debug\spl\src\stm32f30x_flash.o
                0x080008ec                FLASH_Lock
 .text.FLASH_ErasePage
                0x08000908       0x64 obj\debug\spl\src\stm32f30x_flash.o
                0x08000908                FLASH_ErasePage
 .text.FLASH_ProgramWord
                0x0800096c       0x90 obj\debug\spl\src\stm32f30x_flash.o
                0x0800096c                FLASH_ProgramWord
 .text.FLASH_ClearFlag
                0x080009fc       0x1c obj\debug\spl\src\stm32f30x_flash.o
                0x080009fc                FLASH_ClearFlag
 .text.FLASH_GetStatus
                0x08000a18       0x54 obj\debug\spl\src\stm32f30x_flash.o
                0x08000a18                FLASH_GetStatus
 .text.FLASH_WaitForLastOperation
                0x08000a6c       0x44 obj\debug\spl\src\stm32f30x_flash.o
                0x08000a6c                FLASH_WaitForLastOperation
 .text.GPIO_Init
                0x08000ab0      0x12c obj\debug\spl\src\stm32f30x_gpio.o
                0x08000ab0                GPIO_Init
 .text.GPIO_StructInit
                0x08000bdc       0x34 obj\debug\spl\src\stm32f30x_gpio.o
                0x08000bdc                GPIO_StructInit
 .text.NVIC_PriorityGroupConfig
                0x08000c10       0x24 obj\debug\spl\src\stm32f30x_misc.o
                0x08000c10                NVIC_PriorityGroupConfig
 .text.NVIC_Init
                0x08000c34       0xc4 obj\debug\spl\src\stm32f30x_misc.o
                0x08000c34                NVIC_Init
 .text.RCC_GetClocksFreq
                0x08000cf8      0x414 obj\debug\spl\src\stm32f30x_rcc.o
                0x08000cf8                RCC_GetClocksFreq
 .text.RCC_ADCCLKConfig
                0x0800110c       0x4c obj\debug\spl\src\stm32f30x_rcc.o
                0x0800110c                RCC_ADCCLKConfig
 .text.RCC_AHBPeriphClockCmd
                0x08001158       0x3c obj\debug\spl\src\stm32f30x_rcc.o
                0x08001158                RCC_AHBPeriphClockCmd
 .text.RCC_APB2PeriphClockCmd
                0x08001194       0x3c obj\debug\spl\src\stm32f30x_rcc.o
                0x08001194                RCC_APB2PeriphClockCmd
 .text.RCC_APB1PeriphClockCmd
                0x080011d0       0x3c obj\debug\spl\src\stm32f30x_rcc.o
                0x080011d0                RCC_APB1PeriphClockCmd
 .text.SPI_SendData8
                0x0800120c       0x2c obj\debug\spl\src\stm32f30x_spi.o
                0x0800120c                SPI_SendData8
 .text.SPI_I2S_GetFlagStatus
                0x08001238       0x38 obj\debug\spl\src\stm32f30x_spi.o
                0x08001238                SPI_I2S_GetFlagStatus
 .text.SYSCFG_EXTILineConfig
                0x08001270       0x84 obj\debug\spl\src\stm32f30x_syscfg.o
                0x08001270                SYSCFG_EXTILineConfig
 .text.TIM_TimeBaseInit
                0x080012f4       0xec obj\debug\spl\src\stm32f30x_tim.o
                0x080012f4                TIM_TimeBaseInit
 .text.TIM_TimeBaseStructInit
                0x080013e0       0x34 obj\debug\spl\src\stm32f30x_tim.o
                0x080013e0                TIM_TimeBaseStructInit
 .text.TIM_Cmd  0x08001414       0x40 obj\debug\spl\src\stm32f30x_tim.o
                0x08001414                TIM_Cmd
 .text.TIM_ITConfig
                0x08001454       0x40 obj\debug\spl\src\stm32f30x_tim.o
                0x08001454                TIM_ITConfig
 .text.TIM_ClearITPendingBit
                0x08001494       0x24 obj\debug\spl\src\stm32f30x_tim.o
                0x08001494                TIM_ClearITPendingBit
 .text.USART_SendData
                0x080014b8       0x24 obj\debug\spl\src\stm32f30x_usart.o
                0x080014b8                USART_SendData
 .text.USART_GetFlagStatus
                0x080014dc       0x30 obj\debug\spl\src\stm32f30x_usart.o
                0x080014dc                USART_GetFlagStatus
 .text.uart_putc
                0x0800150c       0x34 obj\debug\src\30021_io.o
                0x0800150c                uart_putc
 .text._write_r
                0x08001540       0x4c obj\debug\src\30021_io.o
                0x08001540                _write_r
 .text.init_usb_uart
                0x0800158c      0x220 obj\debug\src\30021_io.o
                0x0800158c                init_usb_uart
 .text.ADC_setup_PA
                0x080017ac      0x13c obj\debug\src\adc.o
                0x080017ac                ADC_setup_PA
 .text.ADC_measure_PA
                0x080018e8      0x114 obj\debug\src\adc.o
                0x080018e8                ADC_measure_PA
 .text.init_page_flash
                0x080019fc       0x24 obj\debug\src\flash.o
                0x080019fc                init_page_flash
 .text.read_float_flash
                0x08001a20       0x24 obj\debug\src\flash.o
                0x08001a20                read_float_flash
 .text.write_float_flash
                0x08001a44       0x2c obj\debug\src\flash.o
                0x08001a44                write_float_flash
 .text.lcd_transmit_byte
                0x08001a70       0x64 obj\debug\src\lcd.o
                0x08001a70                lcd_transmit_byte
 .text.lcd_push_buffer
                0x08001ad4      0x184 obj\debug\src\lcd.o
                0x08001ad4                lcd_push_buffer
 .text.lcd_reset
                0x08001c58       0xe0 obj\debug\src\lcd.o
                0x08001c58                lcd_reset
 .text.init_spi_lcd
                0x08001d38      0x2b8 obj\debug\src\lcd.o
                0x08001d38                init_spi_lcd
 .text.TIM2_IRQHandler
                0x08001ff0       0x1c obj\debug\src\main.o
                0x08001ff0                TIM2_IRQHandler
 .text.EXTI0_IRQHandler
                0x0800200c       0x24 obj\debug\src\main.o
                0x0800200c                EXTI0_IRQHandler
 .text.initJoystick
                0x08002030       0xcc obj\debug\src\main.o
                0x08002030                initJoystick
 .text.init_interrupt
                0x080020fc       0x58 obj\debug\src\main.o
                0x080020fc                init_interrupt
 .text.setup    0x08002154       0x3c obj\debug\src\main.o
                0x08002154                setup
 .text.LoadCorrectionFactor
                0x08002190      0x104 obj\debug\src\main.o
                0x08002190                LoadCorrectionFactor
 .text.BurstMeasurement
                0x08002294       0x78 obj\debug\src\main.o
                0x08002294                BurstMeasurement
 .text.BenchCalibration
                0x0800230c      0x168 obj\debug\src\main.o
                0x0800230c                BenchCalibration
 *fill*         0x08002474        0x4 
 .text.CalibrationCompare
                0x08002478      0x1bc obj\debug\src\main.o
                0x08002478                CalibrationCompare
 .text.main     0x08002634       0x68 obj\debug\src\main.o
                0x08002634                main
 .text          0x0800269c       0xe4 obj\debug\src\startup_stm32f30x.o
                0x0800269c                Reset_Handler
                0x080026e2                NMI_Handler
                0x080026e4                HardFault_Handler
                0x080026e6                MemManage_Handler
                0x080026e8                BusFault_Handler
                0x080026ea                UsageFault_Handler
                0x080026ec                SVC_Handler
                0x080026ee                DebugMon_Handler
                0x080026f0                PendSV_Handler
                0x080026f2                SysTick_Handler
                0x080026f4                WWDG_IRQHandler
                0x080026f6                PVD_IRQHandler
                0x080026f8                TAMPER_STAMP_IRQHandler
                0x080026fa                RTC_WKUP_IRQHandler
                0x080026fc                FLASH_IRQHandler
                0x080026fe                RCC_IRQHandler
                0x08002702                EXTI1_IRQHandler
                0x08002704                EXTI2_TS_IRQHandler
                0x08002706                EXTI3_IRQHandler
                0x08002708                EXTI4_IRQHandler
                0x0800270a                DMA1_Channel1_IRQHandler
                0x0800270c                DMA1_Channel2_IRQHandler
                0x0800270e                DMA1_Channel3_IRQHandler
                0x08002710                DMA1_Channel4_IRQHandler
                0x08002712                DMA1_Channel5_IRQHandler
                0x08002714                DMA1_Channel6_IRQHandler
                0x08002716                DMA1_Channel7_IRQHandler
                0x08002718                ADC1_2_IRQHandler
                0x0800271a                USB_HP_CAN1_TX_IRQHandler
                0x0800271c                USB_LP_CAN1_RX0_IRQHandler
                0x0800271e                CAN1_RX1_IRQHandler
                0x08002720                CAN1_SCE_IRQHandler
                0x08002722                EXTI9_5_IRQHandler
                0x08002724                TIM1_BRK_TIM15_IRQHandler
                0x08002726                TIM1_UP_TIM16_IRQHandler
                0x08002728                TIM1_TRG_COM_TIM17_IRQHandler
                0x0800272a                TIM1_CC_IRQHandler
                0x0800272e                TIM3_IRQHandler
                0x08002730                TIM4_IRQHandler
                0x08002732                I2C1_EV_IRQHandler
                0x08002734                I2C1_ER_IRQHandler
                0x08002736                I2C2_EV_IRQHandler
                0x08002738                I2C2_ER_IRQHandler
                0x0800273a                SPI1_IRQHandler
                0x0800273c                SPI2_IRQHandler
                0x0800273e                USART1_IRQHandler
                0x08002740                USART2_IRQHandler
                0x08002742                USART3_IRQHandler
                0x08002744                EXTI15_10_IRQHandler
                0x08002746                RTC_Alarm_IRQHandler
                0x08002748                USBWakeUp_IRQHandler
                0x0800274a                TIM8_BRK_IRQHandler
                0x0800274c                TIM8_UP_IRQHandler
                0x0800274e                TIM8_TRG_COM_IRQHandler
                0x08002750                TIM8_CC_IRQHandler
                0x08002752                ADC3_IRQHandler
                0x08002754                SPI3_IRQHandler
                0x08002756                UART4_IRQHandler
                0x08002758                UART5_IRQHandler
                0x0800275a                TIM6_DAC_IRQHandler
                0x0800275c                TIM7_IRQHandler
                0x0800275e                DMA2_Channel1_IRQHandler
                0x08002760                DMA2_Channel2_IRQHandler
                0x08002762                DMA2_Channel3_IRQHandler
                0x08002764                DMA2_Channel4_IRQHandler
                0x08002766                DMA2_Channel5_IRQHandler
                0x08002768                ADC4_IRQHandler
                0x0800276a                COMP1_2_3_IRQHandler
                0x0800276c                COMP4_5_6_IRQHandler
                0x0800276e                COMP7_IRQHandler
                0x08002770                USB_HP_IRQHandler
                0x08002772                USB_LP_IRQHandler
                0x08002774                USBWakeUp_RMP_IRQHandler
                0x08002776                FPU_IRQHandler
 .text.SystemInit
                0x08002780       0x84 obj\debug\src\system_stm32f30x.o
                0x08002780                SystemInit
 .text.SetSysClock
                0x08002804       0x90 obj\debug\src\system_stm32f30x.o
 .text.initTimer
                0x08002894       0x6c obj\debug\src\timer.o
                0x08002894                initTimer
 .text          0x08002900      0x370 d:/embitz/1.11/share/em_armgcc/bin/../lib/gcc/arm-none-eabi/5.4.1/armv7e-m\libgcc.a(_arm_addsubdf3.o)
                0x08002900                __aeabi_drsub
                0x08002908                __aeabi_dsub
                0x08002908                __subdf3
                0x0800290c                __aeabi_dadd
                0x0800290c                __adddf3
                0x08002b84                __floatunsidf
                0x08002b84                __aeabi_ui2d
                0x08002ba4                __floatsidf
                0x08002ba4                __aeabi_i2d
                0x08002bc8                __aeabi_f2d
                0x08002bc8                __extendsfdf2
                0x08002c04                __floatundidf
                0x08002c04                __aeabi_ul2d
                0x08002c14                __floatdidf
                0x08002c14                __aeabi_l2d
 .text          0x08002c70      0x424 d:/embitz/1.11/share/em_armgcc/bin/../lib/gcc/arm-none-eabi/5.4.1/armv7e-m\libgcc.a(_arm_muldivdf3.o)
                0x08002c70                __aeabi_dmul
                0x08002c70                __muldf3
                0x08002ec4                __divdf3
                0x08002ec4                __aeabi_ddiv
 .text          0x08003094       0xa0 d:/embitz/1.11/share/em_armgcc/bin/../lib/gcc/arm-none-eabi/5.4.1/armv7e-m\libgcc.a(_arm_truncdfsf2.o)
                0x08003094                __truncdfsf2
                0x08003094                __aeabi_d2f
 .text          0x08003134      0x21c d:/embitz/1.11/share/em_armgcc/bin/../lib/gcc/arm-none-eabi/5.4.1/armv7e-m\libgcc.a(_arm_addsubsf3.o)
                0x08003134                __aeabi_frsub
                0x0800313c                __subsf3
                0x0800313c                __aeabi_fsub
                0x08003140                __aeabi_fadd
                0x08003140                __addsf3
                0x080032a0                __aeabi_ui2f
                0x080032a0                __floatunsisf
                0x080032a8                __aeabi_i2f
                0x080032a8                __floatsisf
                0x080032c4                __aeabi_ul2f
                0x080032c4                __floatundisf
                0x080032d4                __aeabi_l2f
                0x080032d4                __floatdisf
 .text          0x08003350      0x2a0 d:/embitz/1.11/share/em_armgcc/bin/../lib/gcc/arm-none-eabi/5.4.1/armv7e-m\libgcc.a(_arm_muldivsf3.o)
                0x08003350                __mulsf3
                0x08003350                __aeabi_fmul
                0x080034b8                __aeabi_fdiv
                0x080034b8                __divsf3
 .text          0x080035f0       0xec d:/embitz/1.11/share/em_armgcc/bin/../lib/gcc/arm-none-eabi/5.4.1/armv7e-m\libgcc.a(_arm_cmpsf2.o)
                0x080035f0                __gesf2
                0x080035f0                __gtsf2
                0x080035f8                __lesf2
                0x080035f8                __ltsf2
                0x08003600                __nesf2
                0x08003600                __eqsf2
                0x08003600                __cmpsf2
                0x08003660                __aeabi_cfrcmple
                0x08003668                __aeabi_cfcmpeq
                0x08003668                __aeabi_cfcmple
                0x08003678                __aeabi_fcmpeq
                0x0800368c                __aeabi_fcmplt
                0x080036a0                __aeabi_fcmple
                0x080036b4                __aeabi_fcmpge
                0x080036c8                __aeabi_fcmpgt
 .text.exit     0x080036dc       0x28 d:/embitz/1.11/share/em_armgcc/bin/../lib/gcc/arm-none-eabi/5.4.1/../../../../arm-none-eabi/lib/armv7e-m\libg_n.a(lib_a-exit.o)
                0x080036dc                exit
 .text.__libc_init_array
                0x08003704       0x4c d:/embitz/1.11/share/em_armgcc/bin/../lib/gcc/arm-none-eabi/5.4.1/../../../../arm-none-eabi/lib/armv7e-m\libg_n.a(lib_a-init.o)
                0x08003704                __libc_init_array
 .text.memcpy   0x08003750       0x16 d:/embitz/1.11/share/em_armgcc/bin/../lib/gcc/arm-none-eabi/5.4.1/../../../../arm-none-eabi/lib/armv7e-m\libg_n.a(lib_a-memcpy-stub.o)
                0x08003750                memcpy
 .text.memset   0x08003766       0x10 d:/embitz/1.11/share/em_armgcc/bin/../lib/gcc/arm-none-eabi/5.4.1/../../../../arm-none-eabi/lib/armv7e-m\libg_n.a(lib_a-memset.o)
                0x08003766                memset
 .text.__cvt    0x08003776       0xbe d:/embitz/1.11/share/em_armgcc/bin/../lib/gcc/arm-none-eabi/5.4.1/../../../../arm-none-eabi/lib/armv7e-m\libg_n.a(lib_a-nano-vfprintf_float.o)
                0x08003776                __cvt
 .text.__exponent
                0x08003834       0x60 d:/embitz/1.11/share/em_armgcc/bin/../lib/gcc/arm-none-eabi/5.4.1/../../../../arm-none-eabi/lib/armv7e-m\libg_n.a(lib_a-nano-vfprintf_float.o)
                0x08003834                __exponent
 .text._printf_float
                0x08003894      0x488 d:/embitz/1.11/share/em_armgcc/bin/../lib/gcc/arm-none-eabi/5.4.1/../../../../arm-none-eabi/lib/armv7e-m\libg_n.a(lib_a-nano-vfprintf_float.o)
                0x08003894                _printf_float
 .text._printf_common
                0x08003d1c       0xec d:/embitz/1.11/share/em_armgcc/bin/../lib/gcc/arm-none-eabi/5.4.1/../../../../arm-none-eabi/lib/armv7e-m\libg_n.a(lib_a-nano-vfprintf_i.o)
                0x08003d1c                _printf_common
 .text._printf_i
                0x08003e08      0x24c d:/embitz/1.11/share/em_armgcc/bin/../lib/gcc/arm-none-eabi/5.4.1/../../../../arm-none-eabi/lib/armv7e-m\libg_n.a(lib_a-nano-vfprintf_i.o)
                0x08003e08                _printf_i
 .text.printf   0x08004054       0x30 d:/embitz/1.11/share/em_armgcc/bin/../lib/gcc/arm-none-eabi/5.4.1/../../../../arm-none-eabi/lib/armv7e-m\libg_n.a(lib_a-printf.o)
                0x08004054                iprintf
                0x08004054                printf
 .text._puts_r  0x08004084       0xb4 d:/embitz/1.11/share/em_armgcc/bin/../lib/gcc/arm-none-eabi/5.4.1/../../../../arm-none-eabi/lib/armv7e-m\libg_n.a(lib_a-puts.o)
                0x08004084                _puts_r
 .text.puts     0x08004138       0x10 d:/embitz/1.11/share/em_armgcc/bin/../lib/gcc/arm-none-eabi/5.4.1/../../../../arm-none-eabi/lib/armv7e-m\libg_n.a(lib_a-puts.o)
                0x08004138                puts
 .text.setbuf   0x08004148       0x10 d:/embitz/1.11/share/em_armgcc/bin/../lib/gcc/arm-none-eabi/5.4.1/../../../../arm-none-eabi/lib/armv7e-m\libg_n.a(lib_a-setbuf.o)
                0x08004148                setbuf
 .text.setvbuf  0x08004158      0x154 d:/embitz/1.11/share/em_armgcc/bin/../lib/gcc/arm-none-eabi/5.4.1/../../../../arm-none-eabi/lib/armv7e-m\libg_n.a(lib_a-setvbuf.o)
                0x08004158                setvbuf
 .text          0x080042ac       0x10 d:/embitz/1.11/share/em_armgcc/bin/../lib/gcc/arm-none-eabi/5.4.1/../../../../arm-none-eabi/lib/armv7e-m\libg_n.a(lib_a-strlen.o)
                0x080042ac                strlen
 .text.__swbuf_r
                0x080042bc       0xa8 d:/embitz/1.11/share/em_armgcc/bin/../lib/gcc/arm-none-eabi/5.4.1/../../../../arm-none-eabi/lib/armv7e-m\libg_n.a(lib_a-wbuf.o)
                0x080042bc                __swbuf_r
 .text.__swsetup_r
                0x08004364       0xdc d:/embitz/1.11/share/em_armgcc/bin/../lib/gcc/arm-none-eabi/5.4.1/../../../../arm-none-eabi/lib/armv7e-m\libg_n.a(lib_a-wsetup.o)
                0x08004364                __swsetup_r
 .text.quorem   0x08004440      0x11e d:/embitz/1.11/share/em_armgcc/bin/../lib/gcc/arm-none-eabi/5.4.1/../../../../arm-none-eabi/lib/armv7e-m\libg_n.a(lib_a-dtoa.o)
 *fill*         0x0800455e        0x2 
 .text._dtoa_r  0x08004560      0xb38 d:/embitz/1.11/share/em_armgcc/bin/../lib/gcc/arm-none-eabi/5.4.1/../../../../arm-none-eabi/lib/armv7e-m\libg_n.a(lib_a-dtoa.o)
                0x08004560                _dtoa_r
 .text.__sflush_r
                0x08005098      0x110 d:/embitz/1.11/share/em_armgcc/bin/../lib/gcc/arm-none-eabi/5.4.1/../../../../arm-none-eabi/lib/armv7e-m\libg_n.a(lib_a-fflush.o)
                0x08005098                __sflush_r
 .text._fflush_r
                0x080051a8       0x54 d:/embitz/1.11/share/em_armgcc/bin/../lib/gcc/arm-none-eabi/5.4.1/../../../../arm-none-eabi/lib/armv7e-m\libg_n.a(lib_a-fflush.o)
                0x080051a8                _fflush_r
 .text._cleanup_r
                0x080051fc        0xc d:/embitz/1.11/share/em_armgcc/bin/../lib/gcc/arm-none-eabi/5.4.1/../../../../arm-none-eabi/lib/armv7e-m\libg_n.a(lib_a-findfp.o)
                0x080051fc                _cleanup_r
 .text.std.isra.0
                0x08005208       0x48 d:/embitz/1.11/share/em_armgcc/bin/../lib/gcc/arm-none-eabi/5.4.1/../../../../arm-none-eabi/lib/armv7e-m\libg_n.a(lib_a-findfp.o)
 .text.__sfmoreglue
                0x08005250       0x2c d:/embitz/1.11/share/em_armgcc/bin/../lib/gcc/arm-none-eabi/5.4.1/../../../../arm-none-eabi/lib/armv7e-m\libg_n.a(lib_a-findfp.o)
                0x08005250                __sfmoreglue
 .text.__sinit  0x0800527c       0x60 d:/embitz/1.11/share/em_armgcc/bin/../lib/gcc/arm-none-eabi/5.4.1/../../../../arm-none-eabi/lib/armv7e-m\libg_n.a(lib_a-findfp.o)
                0x0800527c                __sinit
 .text.__sfp    0x080052dc       0x78 d:/embitz/1.11/share/em_armgcc/bin/../lib/gcc/arm-none-eabi/5.4.1/../../../../arm-none-eabi/lib/armv7e-m\libg_n.a(lib_a-findfp.o)
                0x080052dc                __sfp
 .text._fwalk_reent
                0x08005354       0x3c d:/embitz/1.11/share/em_armgcc/bin/../lib/gcc/arm-none-eabi/5.4.1/../../../../arm-none-eabi/lib/armv7e-m\libg_n.a(lib_a-fwalk.o)
                0x08005354                _fwalk_reent
 .text._localeconv_r
                0x08005390        0x8 d:/embitz/1.11/share/em_armgcc/bin/../lib/gcc/arm-none-eabi/5.4.1/../../../../arm-none-eabi/lib/armv7e-m\libg_n.a(lib_a-locale.o)
                0x08005390                _localeconv_r
 .text.__swhatbuf_r
                0x08005398       0x46 d:/embitz/1.11/share/em_armgcc/bin/../lib/gcc/arm-none-eabi/5.4.1/../../../../arm-none-eabi/lib/armv7e-m\libg_n.a(lib_a-makebuf.o)
                0x08005398                __swhatbuf_r
 *fill*         0x080053de        0x2 
 .text.__smakebuf_r
                0x080053e0       0x78 d:/embitz/1.11/share/em_armgcc/bin/../lib/gcc/arm-none-eabi/5.4.1/../../../../arm-none-eabi/lib/armv7e-m\libg_n.a(lib_a-makebuf.o)
                0x080053e0                __smakebuf_r
 .text.malloc   0x08005458       0x10 d:/embitz/1.11/share/em_armgcc/bin/../lib/gcc/arm-none-eabi/5.4.1/../../../../arm-none-eabi/lib/armv7e-m\libg_n.a(lib_a-malloc.o)
                0x08005458                malloc
 *fill*         0x08005468        0x8 
 .text          0x08005470       0xa0 d:/embitz/1.11/share/em_armgcc/bin/../lib/gcc/arm-none-eabi/5.4.1/../../../../arm-none-eabi/lib/armv7e-m\libg_n.a(lib_a-memchr.o)
                0x08005470                memchr
 .text._Balloc  0x08005510       0x6a d:/embitz/1.11/share/em_armgcc/bin/../lib/gcc/arm-none-eabi/5.4.1/../../../../arm-none-eabi/lib/armv7e-m\libg_n.a(lib_a-mprec.o)
                0x08005510                _Balloc
 .text._Bfree   0x0800557a       0x2e d:/embitz/1.11/share/em_armgcc/bin/../lib/gcc/arm-none-eabi/5.4.1/../../../../arm-none-eabi/lib/armv7e-m\libg_n.a(lib_a-mprec.o)
                0x0800557a                _Bfree
 .text.__multadd
                0x080055a8       0x76 d:/embitz/1.11/share/em_armgcc/bin/../lib/gcc/arm-none-eabi/5.4.1/../../../../arm-none-eabi/lib/armv7e-m\libg_n.a(lib_a-mprec.o)
                0x080055a8                __multadd
 .text.__hi0bits
                0x0800561e       0x40 d:/embitz/1.11/share/em_armgcc/bin/../lib/gcc/arm-none-eabi/5.4.1/../../../../arm-none-eabi/lib/armv7e-m\libg_n.a(lib_a-mprec.o)
                0x0800561e                __hi0bits
 .text.__lo0bits
                0x0800565e       0x5a d:/embitz/1.11/share/em_armgcc/bin/../lib/gcc/arm-none-eabi/5.4.1/../../../../arm-none-eabi/lib/armv7e-m\libg_n.a(lib_a-mprec.o)
                0x0800565e                __lo0bits
 .text.__i2b    0x080056b8       0x12 d:/embitz/1.11/share/em_armgcc/bin/../lib/gcc/arm-none-eabi/5.4.1/../../../../arm-none-eabi/lib/armv7e-m\libg_n.a(lib_a-mprec.o)
                0x080056b8                __i2b
 .text.__multiply
                0x080056ca      0x122 d:/embitz/1.11/share/em_armgcc/bin/../lib/gcc/arm-none-eabi/5.4.1/../../../../arm-none-eabi/lib/armv7e-m\libg_n.a(lib_a-mprec.o)
                0x080056ca                __multiply
 .text.__pow5mult
                0x080057ec       0x9c d:/embitz/1.11/share/em_armgcc/bin/../lib/gcc/arm-none-eabi/5.4.1/../../../../arm-none-eabi/lib/armv7e-m\libg_n.a(lib_a-mprec.o)
                0x080057ec                __pow5mult
 .text.__lshift
                0x08005888       0xa2 d:/embitz/1.11/share/em_armgcc/bin/../lib/gcc/arm-none-eabi/5.4.1/../../../../arm-none-eabi/lib/armv7e-m\libg_n.a(lib_a-mprec.o)
                0x08005888                __lshift
 .text.__mcmp   0x0800592a       0x38 d:/embitz/1.11/share/em_armgcc/bin/../lib/gcc/arm-none-eabi/5.4.1/../../../../arm-none-eabi/lib/armv7e-m\libg_n.a(lib_a-mprec.o)
                0x0800592a                __mcmp
 .text.__mdiff  0x08005962       0xbe d:/embitz/1.11/share/em_armgcc/bin/../lib/gcc/arm-none-eabi/5.4.1/../../../../arm-none-eabi/lib/armv7e-m\libg_n.a(lib_a-mprec.o)
                0x08005962                __mdiff
 .text.__d2b    0x08005a20       0x9c d:/embitz/1.11/share/em_armgcc/bin/../lib/gcc/arm-none-eabi/5.4.1/../../../../arm-none-eabi/lib/armv7e-m\libg_n.a(lib_a-mprec.o)
                0x08005a20                __d2b
 .text._calloc_r
                0x08005abc       0x1c d:/embitz/1.11/share/em_armgcc/bin/../lib/gcc/arm-none-eabi/5.4.1/../../../../arm-none-eabi/lib/armv7e-m\libg_n.a(lib_a-nano-callocr.o)
                0x08005abc                _calloc_r
 .text._free_r  0x08005ad8       0x9c d:/embitz/1.11/share/em_armgcc/bin/../lib/gcc/arm-none-eabi/5.4.1/../../../../arm-none-eabi/lib/armv7e-m\libg_n.a(lib_a-nano-freer.o)
                0x08005ad8                _free_r
 .text._malloc_r
                0x08005b74       0xbc d:/embitz/1.11/share/em_armgcc/bin/../lib/gcc/arm-none-eabi/5.4.1/../../../../arm-none-eabi/lib/armv7e-m\libg_n.a(lib_a-nano-mallocr.o)
                0x08005b74                _malloc_r
 .text.__sfputc_r
                0x08005c30       0x2c d:/embitz/1.11/share/em_armgcc/bin/../lib/gcc/arm-none-eabi/5.4.1/../../../../arm-none-eabi/lib/armv7e-m\libg_n.a(lib_a-nano-vfprintf.o)
 .text.__sfputs_r
                0x08005c5c       0x24 d:/embitz/1.11/share/em_armgcc/bin/../lib/gcc/arm-none-eabi/5.4.1/../../../../arm-none-eabi/lib/armv7e-m\libg_n.a(lib_a-nano-vfprintf.o)
                0x08005c5c                __sfputs_r
 .text._vfprintf_r
                0x08005c80      0x238 d:/embitz/1.11/share/em_armgcc/bin/../lib/gcc/arm-none-eabi/5.4.1/../../../../arm-none-eabi/lib/armv7e-m\libg_n.a(lib_a-nano-vfprintf.o)
                0x08005c80                _vfprintf_r
                0x08005c80                _vfiprintf_r
 .text._sbrk_r  0x08005eb8       0x20 d:/embitz/1.11/share/em_armgcc/bin/../lib/gcc/arm-none-eabi/5.4.1/../../../../arm-none-eabi/lib/armv7e-m\libg_n.a(lib_a-sbrkr.o)
                0x08005eb8                _sbrk_r
 .text.__sread  0x08005ed8       0x22 d:/embitz/1.11/share/em_armgcc/bin/../lib/gcc/arm-none-eabi/5.4.1/../../../../arm-none-eabi/lib/armv7e-m\libg_n.a(lib_a-stdio.o)
                0x08005ed8                __sread
 .text.__swrite
                0x08005efa       0x38 d:/embitz/1.11/share/em_armgcc/bin/../lib/gcc/arm-none-eabi/5.4.1/../../../../arm-none-eabi/lib/armv7e-m\libg_n.a(lib_a-stdio.o)
                0x08005efa                __swrite
 .text.__sseek  0x08005f32       0x24 d:/embitz/1.11/share/em_armgcc/bin/../lib/gcc/arm-none-eabi/5.4.1/../../../../arm-none-eabi/lib/armv7e-m\libg_n.a(lib_a-stdio.o)
                0x08005f32                __sseek
 .text.__sclose
                0x08005f56        0x8 d:/embitz/1.11/share/em_armgcc/bin/../lib/gcc/arm-none-eabi/5.4.1/../../../../arm-none-eabi/lib/armv7e-m\libg_n.a(lib_a-stdio.o)
                0x08005f56                __sclose
 *fill*         0x08005f5e        0x2 
 .text._close_r
                0x08005f60       0x20 d:/embitz/1.11/share/em_armgcc/bin/../lib/gcc/arm-none-eabi/5.4.1/../../../../arm-none-eabi/lib/armv7e-m\libg_n.a(lib_a-closer.o)
                0x08005f60                _close_r
 .text._fstat_r
                0x08005f80       0x24 d:/embitz/1.11/share/em_armgcc/bin/../lib/gcc/arm-none-eabi/5.4.1/../../../../arm-none-eabi/lib/armv7e-m\libg_n.a(lib_a-fstatr.o)
                0x08005f80                _fstat_r
 .text._isatty_r
                0x08005fa4       0x20 d:/embitz/1.11/share/em_armgcc/bin/../lib/gcc/arm-none-eabi/5.4.1/../../../../arm-none-eabi/lib/armv7e-m\libg_n.a(lib_a-isattyr.o)
                0x08005fa4                _isatty_r
 .text._lseek_r
                0x08005fc4       0x24 d:/embitz/1.11/share/em_armgcc/bin/../lib/gcc/arm-none-eabi/5.4.1/../../../../arm-none-eabi/lib/armv7e-m\libg_n.a(lib_a-lseekr.o)
                0x08005fc4                _lseek_r
 .text.__malloc_lock
                0x08005fe8        0x2 d:/embitz/1.11/share/em_armgcc/bin/../lib/gcc/arm-none-eabi/5.4.1/../../../../arm-none-eabi/lib/armv7e-m\libg_n.a(lib_a-mlock.o)
                0x08005fe8                __malloc_lock
 .text.__malloc_unlock
                0x08005fea        0x2 d:/embitz/1.11/share/em_armgcc/bin/../lib/gcc/arm-none-eabi/5.4.1/../../../../arm-none-eabi/lib/armv7e-m\libg_n.a(lib_a-mlock.o)
                0x08005fea                __malloc_unlock
 .text._read_r  0x08005fec       0x24 d:/embitz/1.11/share/em_armgcc/bin/../lib/gcc/arm-none-eabi/5.4.1/../../../../arm-none-eabi/lib/armv7e-m\libg_n.a(lib_a-readr.o)
                0x08005fec                _read_r
 .text          0x08006010      0x110 d:/embitz/1.11/share/em_armgcc/bin/../lib/gcc/arm-none-eabi/5.4.1/armv7e-m\libgcc.a(_arm_cmpdf2.o)
                0x08006010                __gtdf2
                0x08006010                __gedf2
                0x08006018                __ltdf2
                0x08006018                __ledf2
                0x08006020                __nedf2
                0x08006020                __eqdf2
                0x08006020                __cmpdf2
                0x0800609c                __aeabi_cdrcmple
                0x080060ac                __aeabi_cdcmpeq
                0x080060ac                __aeabi_cdcmple
                0x080060bc                __aeabi_dcmpeq
                0x080060d0                __aeabi_dcmplt
                0x080060e4                __aeabi_dcmple
                0x080060f8                __aeabi_dcmpge
                0x0800610c                __aeabi_dcmpgt
 .text          0x08006120       0x2c d:/embitz/1.11/share/em_armgcc/bin/../lib/gcc/arm-none-eabi/5.4.1/armv7e-m\libgcc.a(_arm_unorddf2.o)
                0x08006120                __unorddf2
                0x08006120                __aeabi_dcmpun
 .text          0x0800614c       0x50 d:/embitz/1.11/share/em_armgcc/bin/../lib/gcc/arm-none-eabi/5.4.1/armv7e-m\libgcc.a(_arm_fixdfsi.o)
                0x0800614c                __aeabi_d2iz
                0x0800614c                __fixdfsi
 .text._close   0x0800619c       0x10 d:/embitz/1.11/share/em_armgcc/bin/../lib/gcc/arm-none-eabi/5.4.1/../../../../arm-none-eabi/lib/armv7e-m\libnosys_s.a(close.o)
                0x0800619c                _close
 .text._fstat   0x080061ac       0x10 d:/embitz/1.11/share/em_armgcc/bin/../lib/gcc/arm-none-eabi/5.4.1/../../../../arm-none-eabi/lib/armv7e-m\libnosys_s.a(fstat.o)
                0x080061ac                _fstat
 .text._isatty  0x080061bc       0x10 d:/embitz/1.11/share/em_armgcc/bin/../lib/gcc/arm-none-eabi/5.4.1/../../../../arm-none-eabi/lib/armv7e-m\libnosys_s.a(isatty.o)
                0x080061bc                _isatty
 .text._lseek   0x080061cc       0x10 d:/embitz/1.11/share/em_armgcc/bin/../lib/gcc/arm-none-eabi/5.4.1/../../../../arm-none-eabi/lib/armv7e-m\libnosys_s.a(lseek.o)
                0x080061cc                _lseek
 .text._read    0x080061dc       0x10 d:/embitz/1.11/share/em_armgcc/bin/../lib/gcc/arm-none-eabi/5.4.1/../../../../arm-none-eabi/lib/armv7e-m\libnosys_s.a(read.o)
                0x080061dc                _read
 .text._sbrk    0x080061ec       0x1c d:/embitz/1.11/share/em_armgcc/bin/../lib/gcc/arm-none-eabi/5.4.1/../../../../arm-none-eabi/lib/armv7e-m\libnosys_s.a(sbrk.o)
                0x080061ec                _sbrk
 .text._exit    0x08006208        0x2 d:/embitz/1.11/share/em_armgcc/bin/../lib/gcc/arm-none-eabi/5.4.1/../../../../arm-none-eabi/lib/armv7e-m\libnosys_s.a(_exit.o)
                0x08006208                _exit
 *(.init)
 *fill*         0x0800620a        0x2 
 .init          0x0800620c        0x4 d:/embitz/1.11/share/em_armgcc/bin/../lib/gcc/arm-none-eabi/5.4.1/armv7e-m/crti.o
                0x0800620c                _init
 .init          0x08006210        0x8 d:/embitz/1.11/share/em_armgcc/bin/../lib/gcc/arm-none-eabi/5.4.1/armv7e-m/crtn.o
 *(.fini)
 .fini          0x08006218        0x4 d:/embitz/1.11/share/em_armgcc/bin/../lib/gcc/arm-none-eabi/5.4.1/armv7e-m/crti.o
                0x08006218                _fini
 .fini          0x0800621c        0x8 d:/embitz/1.11/share/em_armgcc/bin/../lib/gcc/arm-none-eabi/5.4.1/armv7e-m/crtn.o
 *crtbegin.o(.ctors)
 *crtbegin?.o(.ctors)
 *(EXCLUDE_FILE(*crtend.o *crtend?.o) .ctors)
 *(SORT(.ctors.*))
 *(.ctors)
 *crtbegin.o(.dtors)
 *crtbegin?.o(.dtors)
 *(EXCLUDE_FILE(*crtend.o *crtend?.o) .dtors)
 *(SORT(.dtors.*))
 *(.dtors)
 *(.rodata*)
 .rodata        0x08006224       0x37 obj\debug\src\adc.o
 *fill*         0x0800625b        0x1 
 .rodata        0x0800625c      0x321 obj\debug\src\main.o
 .rodata.str1.1
                0x0800657d        0x2 d:/embitz/1.11/share/em_armgcc/bin/../lib/gcc/arm-none-eabi/5.4.1/../../../../arm-none-eabi/lib/armv7e-m\libg_n.a(lib_a-impure.o)
 *fill*         0x0800657f        0x1 
 .rodata._global_impure_ptr
                0x08006580        0x4 d:/embitz/1.11/share/em_armgcc/bin/../lib/gcc/arm-none-eabi/5.4.1/../../../../arm-none-eabi/lib/armv7e-m\libg_n.a(lib_a-impure.o)
                0x08006580                _global_impure_ptr
 .rodata.str1.1
                0x08006584       0x12 d:/embitz/1.11/share/em_armgcc/bin/../lib/gcc/arm-none-eabi/5.4.1/../../../../arm-none-eabi/lib/armv7e-m\libg_n.a(lib_a-nano-vfprintf_float.o)
 .rodata.str1.1
                0x08006596       0x22 d:/embitz/1.11/share/em_armgcc/bin/../lib/gcc/arm-none-eabi/5.4.1/../../../../arm-none-eabi/lib/armv7e-m\libg_n.a(lib_a-nano-vfprintf_i.o)
 .rodata.str1.1
                0x080065b8        0xd d:/embitz/1.11/share/em_armgcc/bin/../lib/gcc/arm-none-eabi/5.4.1/../../../../arm-none-eabi/lib/armv7e-m\libg_n.a(lib_a-dtoa.o)
                                  0xf (size before relaxing)
 *fill*         0x080065c5        0x3 
 .rodata.__sf_fake_stdin
                0x080065c8       0x20 d:/embitz/1.11/share/em_armgcc/bin/../lib/gcc/arm-none-eabi/5.4.1/../../../../arm-none-eabi/lib/armv7e-m\libg_n.a(lib_a-findfp.o)
                0x080065c8                __sf_fake_stdin
 .rodata.__sf_fake_stdout
                0x080065e8       0x20 d:/embitz/1.11/share/em_armgcc/bin/../lib/gcc/arm-none-eabi/5.4.1/../../../../arm-none-eabi/lib/armv7e-m\libg_n.a(lib_a-findfp.o)
                0x080065e8                __sf_fake_stdout
 .rodata.__sf_fake_stderr
                0x08006608       0x20 d:/embitz/1.11/share/em_armgcc/bin/../lib/gcc/arm-none-eabi/5.4.1/../../../../arm-none-eabi/lib/armv7e-m\libg_n.a(lib_a-findfp.o)
                0x08006608                __sf_fake_stderr
 .rodata.str1.1
                0x08006628        0x8 d:/embitz/1.11/share/em_armgcc/bin/../lib/gcc/arm-none-eabi/5.4.1/../../../../arm-none-eabi/lib/armv7e-m\libg_n.a(lib_a-locale.o)
                                  0xb (size before relaxing)
 .rodata.__mprec_tens
                0x08006630       0xc8 d:/embitz/1.11/share/em_armgcc/bin/../lib/gcc/arm-none-eabi/5.4.1/../../../../arm-none-eabi/lib/armv7e-m\libg_n.a(lib_a-mprec.o)
                0x08006630                __mprec_tens
 .rodata.p05.5408
                0x080066f8        0xc d:/embitz/1.11/share/em_armgcc/bin/../lib/gcc/arm-none-eabi/5.4.1/../../../../arm-none-eabi/lib/armv7e-m\libg_n.a(lib_a-mprec.o)
 *fill*         0x08006704        0x4 
 .rodata.__mprec_bigtens
                0x08006708       0x28 d:/embitz/1.11/share/em_armgcc/bin/../lib/gcc/arm-none-eabi/5.4.1/../../../../arm-none-eabi/lib/armv7e-m\libg_n.a(lib_a-mprec.o)
                0x08006708                __mprec_bigtens
 .rodata.str1.1
                0x08006730       0x11 d:/embitz/1.11/share/em_armgcc/bin/../lib/gcc/arm-none-eabi/5.4.1/../../../../arm-none-eabi/lib/armv7e-m\libg_n.a(lib_a-nano-vfprintf.o)
 *(.eh_frame*)
 *fill*         0x08006741        0x3 
 .eh_frame      0x08006744        0x0 d:/embitz/1.11/share/em_armgcc/bin/../lib/gcc/arm-none-eabi/5.4.1/armv7e-m/crtbegin.o
 .eh_frame      0x08006744        0x4 d:/embitz/1.11/share/em_armgcc/bin/../lib/gcc/arm-none-eabi/5.4.1/armv7e-m/crtend.o

.glue_7         0x08006748        0x0
 .glue_7        0x08006748        0x0 linker stubs

.glue_7t        0x08006748        0x0
 .glue_7t       0x08006748        0x0 linker stubs

.vfp11_veneer   0x08006748        0x0
 .vfp11_veneer  0x08006748        0x0 linker stubs

.v4_bx          0x08006748        0x0
 .v4_bx         0x08006748        0x0 linker stubs

.iplt           0x08006748        0x0
 .iplt          0x08006748        0x0 d:/embitz/1.11/share/em_armgcc/bin/../lib/gcc/arm-none-eabi/5.4.1/armv7e-m/crtbegin.o

.ARM.extab
 *(.ARM.extab* .gnu.linkonce.armextab.*)
                0x08006748                __exidx_start = .

.ARM.exidx      0x08006748        0x8
 *(.ARM.exidx* .gnu.linkonce.armexidx.*)
 .ARM.exidx     0x08006748        0x8 d:/embitz/1.11/share/em_armgcc/bin/../lib/gcc/arm-none-eabi/5.4.1/../../../../arm-none-eabi/lib/armv7e-m/crt0.o
                0x08006750                __exidx_end = .
                0x08006750                __etext = .

.rel.dyn        0x08006750        0x0
 .rel.iplt      0x08006750        0x0 d:/embitz/1.11/share/em_armgcc/bin/../lib/gcc/arm-none-eabi/5.4.1/armv7e-m/crtbegin.o

.data           0x20000000       0xd8 load address 0x08006750
                0x20000000                __data_start__ = .
 *(vtable)
 *(.data*)
 .data.APBAHBPrescTable
                0x20000000       0x10 obj\debug\spl\src\stm32f30x_rcc.o
 .data.ADCPrescTable
                0x20000010       0x1a obj\debug\spl\src\stm32f30x_rcc.o
 *fill*         0x2000002a        0x2 
 .data.CALFACT1
                0x2000002c        0x4 obj\debug\src\main.o
                0x2000002c                CALFACT1
 .data.CALFACT2
                0x20000030        0x4 obj\debug\src\main.o
                0x20000030                CALFACT2
 .data.impure_data
                0x20000034       0x60 d:/embitz/1.11/share/em_armgcc/bin/../lib/gcc/arm-none-eabi/5.4.1/../../../../arm-none-eabi/lib/armv7e-m\libg_n.a(lib_a-impure.o)
 .data._impure_ptr
                0x20000094        0x4 d:/embitz/1.11/share/em_armgcc/bin/../lib/gcc/arm-none-eabi/5.4.1/../../../../arm-none-eabi/lib/armv7e-m\libg_n.a(lib_a-impure.o)
                0x20000094                _impure_ptr
 .data.lconv    0x20000098       0x38 d:/embitz/1.11/share/em_armgcc/bin/../lib/gcc/arm-none-eabi/5.4.1/../../../../arm-none-eabi/lib/armv7e-m\libg_n.a(lib_a-locale.o)
                0x200000d0                . = ALIGN (0x4)
                0x200000d0                PROVIDE (__preinit_array_start, .)
 *(.preinit_array)
                0x200000d0                PROVIDE (__preinit_array_end, .)
                0x200000d0                . = ALIGN (0x4)
                0x200000d0                PROVIDE (__init_array_start, .)
 *(SORT(.init_array.*))
 *(.init_array)
 .init_array    0x200000d0        0x4 d:/embitz/1.11/share/em_armgcc/bin/../lib/gcc/arm-none-eabi/5.4.1/armv7e-m/crtbegin.o
                0x200000d4                PROVIDE (__init_array_end, .)
                0x200000d4                . = ALIGN (0x4)
                [!provide]                PROVIDE (__fini_array_start, .)
 *(SORT(.fini_array.*))
 *(.fini_array)
 .fini_array    0x200000d4        0x4 d:/embitz/1.11/share/em_armgcc/bin/../lib/gcc/arm-none-eabi/5.4.1/armv7e-m/crtbegin.o
                [!provide]                PROVIDE (__fini_array_end, .)
                0x200000d8                . = ALIGN (0x4)
                0x200000d8                __data_end__ = .

.jcr            0x200000d8        0x0 load address 0x08006828
 .jcr           0x200000d8        0x0 d:/embitz/1.11/share/em_armgcc/bin/../lib/gcc/arm-none-eabi/5.4.1/armv7e-m/crtbegin.o

.igot.plt       0x200000d8        0x0 load address 0x08006828
 .igot.plt      0x200000d8        0x0 d:/embitz/1.11/share/em_armgcc/bin/../lib/gcc/arm-none-eabi/5.4.1/armv7e-m/crtbegin.o

.bss            0x200000d8      0x24c load address 0x08006828
                0x200000d8                __bss_start__ = .
 *(.bss*)
 .bss           0x200000d8       0x1c d:/embitz/1.11/share/em_armgcc/bin/../lib/gcc/arm-none-eabi/5.4.1/armv7e-m/crtbegin.o
 .bss.channel2ADC
                0x200000f4        0x4 obj\debug\src\main.o
                0x200000f4                channel2ADC
 .bss.channel1ADC
                0x200000f8        0x4 obj\debug\src\main.o
                0x200000f8                channel1ADC
 .bss.CalibFlag
                0x200000fc        0x1 obj\debug\src\main.o
                0x200000fc                CalibFlag
 .bss.PrintFlag
                0x200000fd        0x1 obj\debug\src\main.o
                0x200000fd                PrintFlag
 .bss.ADC_CH1_RAW
                0x200000fe        0x2 obj\debug\src\main.o
                0x200000fe                ADC_CH1_RAW
 .bss.ADC_CH2_RAW
                0x20000100        0x2 obj\debug\src\main.o
                0x20000100                ADC_CH2_RAW
 *fill*         0x20000102        0x2 
 .bss.__malloc_sbrk_start
                0x20000104        0x4 d:/embitz/1.11/share/em_armgcc/bin/../lib/gcc/arm-none-eabi/5.4.1/../../../../arm-none-eabi/lib/armv7e-m\libg_n.a(lib_a-nano-mallocr.o)
                0x20000104                __malloc_sbrk_start
 .bss.__malloc_free_list
                0x20000108        0x4 d:/embitz/1.11/share/em_armgcc/bin/../lib/gcc/arm-none-eabi/5.4.1/../../../../arm-none-eabi/lib/armv7e-m\libg_n.a(lib_a-nano-mallocr.o)
                0x20000108                __malloc_free_list
 .bss.heap_end.4167
                0x2000010c        0x4 d:/embitz/1.11/share/em_armgcc/bin/../lib/gcc/arm-none-eabi/5.4.1/../../../../arm-none-eabi/lib/armv7e-m\libnosys_s.a(sbrk.o)
 *(COMMON)
 COMMON         0x20000110      0x210 obj\debug\src\main.o
                0x20000110                tempval
                0x20000114                fbuffer
                0x20000314                tempfloat
                0x20000318                time1
 COMMON         0x20000320        0x4 d:/embitz/1.11/share/em_armgcc/bin/../lib/gcc/arm-none-eabi/5.4.1/../../../../arm-none-eabi/lib/armv7e-m\libg_n.a(lib_a-reent.o)
                0x20000320                errno
                0x20000324                __bss_end__ = .

.heap           0x20000328        0x0
                0x20000328                __end__ = .
                0x20000328                end = __end__
 *(.heap*)
 .heap          0x20000328        0x0 obj\debug\src\startup_stm32f30x.o
                0x20000328                __HeapLimit = .

.stack_dummy    0x20000328      0x100
 *(.stack)
 .stack         0x20000328      0x100 obj\debug\src\startup_stm32f30x.o
                0x20004000                __StackTop = (ORIGIN (RAM) + LENGTH (RAM))
                0x20003f00                __StackLimit = (__StackTop - SIZEOF (.stack_dummy))
                0x20004000                PROVIDE (__stack, __StackTop)
                0x00000001                ASSERT ((__StackLimit >= __HeapLimit), region RAM overflowed with stack)
LOAD obj\debug\spl\src\stm32f30x_adc.o
LOAD obj\debug\spl\src\stm32f30x_can.o
LOAD obj\debug\spl\src\stm32f30x_comp.o
LOAD obj\debug\spl\src\stm32f30x_crc.o
LOAD obj\debug\spl\src\stm32f30x_dac.o
LOAD obj\debug\spl\src\stm32f30x_dbgmcu.o
LOAD obj\debug\spl\src\stm32f30x_dma.o
LOAD obj\debug\spl\src\stm32f30x_exti.o
LOAD obj\debug\spl\src\stm32f30x_flash.o
LOAD obj\debug\spl\src\stm32f30x_gpio.o
LOAD obj\debug\spl\src\stm32f30x_i2c.o
LOAD obj\debug\spl\src\stm32f30x_iwdg.o
LOAD obj\debug\spl\src\stm32f30x_misc.o
LOAD obj\debug\spl\src\stm32f30x_opamp.o
LOAD obj\debug\spl\src\stm32f30x_pwr.o
LOAD obj\debug\spl\src\stm32f30x_rcc.o
LOAD obj\debug\spl\src\stm32f30x_rtc.o
LOAD obj\debug\spl\src\stm32f30x_spi.o
LOAD obj\debug\spl\src\stm32f30x_syscfg.o
LOAD obj\debug\spl\src\stm32f30x_tim.o
LOAD obj\debug\spl\src\stm32f30x_usart.o
LOAD obj\debug\spl\src\stm32f30x_wwdg.o
LOAD obj\debug\src\30021_io.o
LOAD obj\debug\src\adc.o
LOAD obj\debug\src\flash.o
LOAD obj\debug\src\lcd.o
LOAD obj\debug\src\main.o
LOAD obj\debug\src\startup_stm32f30x.o
LOAD obj\debug\src\system_stm32f30x.o
LOAD obj\debug\src\timer.o
START GROUP
LOAD d:/embitz/1.11/share/em_armgcc/bin/../lib/gcc/arm-none-eabi/5.4.1/armv7e-m\libgcc.a
LOAD d:/embitz/1.11/share/em_armgcc/bin/../lib/gcc/arm-none-eabi/5.4.1/../../../../arm-none-eabi/lib/armv7e-m\libg_n.a
LOAD d:/embitz/1.11/share/em_armgcc/bin/../lib/gcc/arm-none-eabi/5.4.1/../../../../arm-none-eabi/lib/armv7e-m\libc_n.a
END GROUP
START GROUP
LOAD d:/embitz/1.11/share/em_armgcc/bin/../lib/gcc/arm-none-eabi/5.4.1/armv7e-m\libgcc.a
LOAD d:/embitz/1.11/share/em_armgcc/bin/../lib/gcc/arm-none-eabi/5.4.1/../../../../arm-none-eabi/lib/armv7e-m\libc_n.a
LOAD d:/embitz/1.11/share/em_armgcc/bin/../lib/gcc/arm-none-eabi/5.4.1/../../../../arm-none-eabi/lib/armv7e-m\libnosys_s.a
END GROUP
LOAD d:/embitz/1.11/share/em_armgcc/bin/../lib/gcc/arm-none-eabi/5.4.1/armv7e-m/crtend.o
LOAD d:/embitz/1.11/share/em_armgcc/bin/../lib/gcc/arm-none-eabi/5.4.1/armv7e-m/crtn.o
OUTPUT(bin\Debug\EX1.elf elf32-littlearm)

.ARM.attributes
                0x00000000       0x2a
 .ARM.attributes
                0x00000000       0x1e d:/embitz/1.11/share/em_armgcc/bin/../lib/gcc/arm-none-eabi/5.4.1/armv7e-m/crti.o
 .ARM.attributes
                0x0000001e       0x2e d:/embitz/1.11/share/em_armgcc/bin/../lib/gcc/arm-none-eabi/5.4.1/armv7e-m/crtbegin.o
 .ARM.attributes
                0x0000004c       0x1c d:/embitz/1.11/share/em_armgcc/bin/../lib/gcc/arm-none-eabi/5.4.1/../../../../arm-none-eabi/lib/armv7e-m/crt0.o
 .ARM.attributes
                0x00000068       0x33 obj\debug\spl\src\stm32f30x_adc.o
 .ARM.attributes
                0x0000009b       0x33 obj\debug\spl\src\stm32f30x_exti.o
 .ARM.attributes
                0x000000ce       0x33 obj\debug\spl\src\stm32f30x_flash.o
 .ARM.attributes
                0x00000101       0x33 obj\debug\spl\src\stm32f30x_gpio.o
 .ARM.attributes
                0x00000134       0x33 obj\debug\spl\src\stm32f30x_misc.o
 .ARM.attributes
                0x00000167       0x33 obj\debug\spl\src\stm32f30x_rcc.o
 .ARM.attributes
                0x0000019a       0x33 obj\debug\spl\src\stm32f30x_spi.o
 .ARM.attributes
                0x000001cd       0x33 obj\debug\spl\src\stm32f30x_syscfg.o
 .ARM.attributes
                0x00000200       0x33 obj\debug\spl\src\stm32f30x_tim.o
 .ARM.attributes
                0x00000233       0x33 obj\debug\spl\src\stm32f30x_usart.o
 .ARM.attributes
                0x00000266       0x33 obj\debug\src\30021_io.o
 .ARM.attributes
                0x00000299       0x33 obj\debug\src\adc.o
 .ARM.attributes
                0x000002cc       0x33 obj\debug\src\flash.o
 .ARM.attributes
                0x000002ff       0x33 obj\debug\src\lcd.o
 .ARM.attributes
                0x00000332       0x33 obj\debug\src\main.o
 .ARM.attributes
                0x00000365       0x1b obj\debug\src\startup_stm32f30x.o
 .ARM.attributes
                0x00000380       0x33 obj\debug\src\system_stm32f30x.o
 .ARM.attributes
                0x000003b3       0x33 obj\debug\src\timer.o
 .ARM.attributes
                0x000003e6       0x1e d:/embitz/1.11/share/em_armgcc/bin/../lib/gcc/arm-none-eabi/5.4.1/armv7e-m\libgcc.a(_arm_addsubdf3.o)
 .ARM.attributes
                0x00000404       0x1e d:/embitz/1.11/share/em_armgcc/bin/../lib/gcc/arm-none-eabi/5.4.1/armv7e-m\libgcc.a(_arm_muldivdf3.o)
 .ARM.attributes
                0x00000422       0x1e d:/embitz/1.11/share/em_armgcc/bin/../lib/gcc/arm-none-eabi/5.4.1/armv7e-m\libgcc.a(_arm_truncdfsf2.o)
 .ARM.attributes
                0x00000440       0x1e d:/embitz/1.11/share/em_armgcc/bin/../lib/gcc/arm-none-eabi/5.4.1/armv7e-m\libgcc.a(_arm_addsubsf3.o)
 .ARM.attributes
                0x0000045e       0x1e d:/embitz/1.11/share/em_armgcc/bin/../lib/gcc/arm-none-eabi/5.4.1/armv7e-m\libgcc.a(_arm_muldivsf3.o)
 .ARM.attributes
                0x0000047c       0x1e d:/embitz/1.11/share/em_armgcc/bin/../lib/gcc/arm-none-eabi/5.4.1/armv7e-m\libgcc.a(_arm_cmpsf2.o)
 .ARM.attributes
                0x0000049a       0x2e d:/embitz/1.11/share/em_armgcc/bin/../lib/gcc/arm-none-eabi/5.4.1/../../../../arm-none-eabi/lib/armv7e-m\libg_n.a(lib_a-exit.o)
 .ARM.attributes
                0x000004c8       0x2e d:/embitz/1.11/share/em_armgcc/bin/../lib/gcc/arm-none-eabi/5.4.1/../../../../arm-none-eabi/lib/armv7e-m\libg_n.a(lib_a-impure.o)
 .ARM.attributes
                0x000004f6       0x2e d:/embitz/1.11/share/em_armgcc/bin/../lib/gcc/arm-none-eabi/5.4.1/../../../../arm-none-eabi/lib/armv7e-m\libg_n.a(lib_a-init.o)
 .ARM.attributes
                0x00000524       0x2e d:/embitz/1.11/share/em_armgcc/bin/../lib/gcc/arm-none-eabi/5.4.1/../../../../arm-none-eabi/lib/armv7e-m\libg_n.a(lib_a-memcpy-stub.o)
 .ARM.attributes
                0x00000552       0x2e d:/embitz/1.11/share/em_armgcc/bin/../lib/gcc/arm-none-eabi/5.4.1/../../../../arm-none-eabi/lib/armv7e-m\libg_n.a(lib_a-memset.o)
 .ARM.attributes
                0x00000580       0x2e d:/embitz/1.11/share/em_armgcc/bin/../lib/gcc/arm-none-eabi/5.4.1/../../../../arm-none-eabi/lib/armv7e-m\libg_n.a(lib_a-nano-vfprintf_float.o)
 .ARM.attributes
                0x000005ae       0x2e d:/embitz/1.11/share/em_armgcc/bin/../lib/gcc/arm-none-eabi/5.4.1/../../../../arm-none-eabi/lib/armv7e-m\libg_n.a(lib_a-nano-vfprintf_i.o)
 .ARM.attributes
                0x000005dc       0x2e d:/embitz/1.11/share/em_armgcc/bin/../lib/gcc/arm-none-eabi/5.4.1/../../../../arm-none-eabi/lib/armv7e-m\libg_n.a(lib_a-printf.o)
 .ARM.attributes
                0x0000060a       0x2e d:/embitz/1.11/share/em_armgcc/bin/../lib/gcc/arm-none-eabi/5.4.1/../../../../arm-none-eabi/lib/armv7e-m\libg_n.a(lib_a-puts.o)
 .ARM.attributes
                0x00000638       0x2e d:/embitz/1.11/share/em_armgcc/bin/../lib/gcc/arm-none-eabi/5.4.1/../../../../arm-none-eabi/lib/armv7e-m\libg_n.a(lib_a-setbuf.o)
 .ARM.attributes
                0x00000666       0x2e d:/embitz/1.11/share/em_armgcc/bin/../lib/gcc/arm-none-eabi/5.4.1/../../../../arm-none-eabi/lib/armv7e-m\libg_n.a(lib_a-setvbuf.o)
 .ARM.attributes
                0x00000694       0x17 d:/embitz/1.11/share/em_armgcc/bin/../lib/gcc/arm-none-eabi/5.4.1/../../../../arm-none-eabi/lib/armv7e-m\libg_n.a(lib_a-strlen.o)
 .ARM.attributes
                0x000006ab       0x2e d:/embitz/1.11/share/em_armgcc/bin/../lib/gcc/arm-none-eabi/5.4.1/../../../../arm-none-eabi/lib/armv7e-m\libg_n.a(lib_a-wbuf.o)
 .ARM.attributes
                0x000006d9       0x2e d:/embitz/1.11/share/em_armgcc/bin/../lib/gcc/arm-none-eabi/5.4.1/../../../../arm-none-eabi/lib/armv7e-m\libg_n.a(lib_a-wsetup.o)
 .ARM.attributes
                0x00000707       0x2e d:/embitz/1.11/share/em_armgcc/bin/../lib/gcc/arm-none-eabi/5.4.1/../../../../arm-none-eabi/lib/armv7e-m\libg_n.a(lib_a-dtoa.o)
 .ARM.attributes
                0x00000735       0x2e d:/embitz/1.11/share/em_armgcc/bin/../lib/gcc/arm-none-eabi/5.4.1/../../../../arm-none-eabi/lib/armv7e-m\libg_n.a(lib_a-fflush.o)
 .ARM.attributes
                0x00000763       0x2e d:/embitz/1.11/share/em_armgcc/bin/../lib/gcc/arm-none-eabi/5.4.1/../../../../arm-none-eabi/lib/armv7e-m\libg_n.a(lib_a-findfp.o)
 .ARM.attributes
                0x00000791       0x2e d:/embitz/1.11/share/em_armgcc/bin/../lib/gcc/arm-none-eabi/5.4.1/../../../../arm-none-eabi/lib/armv7e-m\libg_n.a(lib_a-fwalk.o)
 .ARM.attributes
                0x000007bf       0x2e d:/embitz/1.11/share/em_armgcc/bin/../lib/gcc/arm-none-eabi/5.4.1/../../../../arm-none-eabi/lib/armv7e-m\libg_n.a(lib_a-locale.o)
 .ARM.attributes
                0x000007ed       0x2e d:/embitz/1.11/share/em_armgcc/bin/../lib/gcc/arm-none-eabi/5.4.1/../../../../arm-none-eabi/lib/armv7e-m\libg_n.a(lib_a-makebuf.o)
 .ARM.attributes
                0x0000081b       0x2e d:/embitz/1.11/share/em_armgcc/bin/../lib/gcc/arm-none-eabi/5.4.1/../../../../arm-none-eabi/lib/armv7e-m\libg_n.a(lib_a-malloc.o)
 .ARM.attributes
                0x00000849       0x1c d:/embitz/1.11/share/em_armgcc/bin/../lib/gcc/arm-none-eabi/5.4.1/../../../../arm-none-eabi/lib/armv7e-m\libg_n.a(lib_a-memchr.o)
 .ARM.attributes
                0x00000865       0x2e d:/embitz/1.11/share/em_armgcc/bin/../lib/gcc/arm-none-eabi/5.4.1/../../../../arm-none-eabi/lib/armv7e-m\libg_n.a(lib_a-mprec.o)
 .ARM.attributes
                0x00000893       0x2e d:/embitz/1.11/share/em_armgcc/bin/../lib/gcc/arm-none-eabi/5.4.1/../../../../arm-none-eabi/lib/armv7e-m\libg_n.a(lib_a-nano-callocr.o)
 .ARM.attributes
                0x000008c1       0x2e d:/embitz/1.11/share/em_armgcc/bin/../lib/gcc/arm-none-eabi/5.4.1/../../../../arm-none-eabi/lib/armv7e-m\libg_n.a(lib_a-nano-freer.o)
 .ARM.attributes
                0x000008ef       0x2e d:/embitz/1.11/share/em_armgcc/bin/../lib/gcc/arm-none-eabi/5.4.1/../../../../arm-none-eabi/lib/armv7e-m\libg_n.a(lib_a-nano-mallocr.o)
 .ARM.attributes
                0x0000091d       0x2e d:/embitz/1.11/share/em_armgcc/bin/../lib/gcc/arm-none-eabi/5.4.1/../../../../arm-none-eabi/lib/armv7e-m\libg_n.a(lib_a-nano-vfprintf.o)
 .ARM.attributes
                0x0000094b       0x2e d:/embitz/1.11/share/em_armgcc/bin/../lib/gcc/arm-none-eabi/5.4.1/../../../../arm-none-eabi/lib/armv7e-m\libg_n.a(lib_a-sbrkr.o)
 .ARM.attributes
                0x00000979       0x2e d:/embitz/1.11/share/em_armgcc/bin/../lib/gcc/arm-none-eabi/5.4.1/../../../../arm-none-eabi/lib/armv7e-m\libg_n.a(lib_a-stdio.o)
 .ARM.attributes
                0x000009a7       0x2e d:/embitz/1.11/share/em_armgcc/bin/../lib/gcc/arm-none-eabi/5.4.1/../../../../arm-none-eabi/lib/armv7e-m\libg_n.a(lib_a-closer.o)
 .ARM.attributes
                0x000009d5       0x2e d:/embitz/1.11/share/em_armgcc/bin/../lib/gcc/arm-none-eabi/5.4.1/../../../../arm-none-eabi/lib/armv7e-m\libg_n.a(lib_a-fstatr.o)
 .ARM.attributes
                0x00000a03       0x2e d:/embitz/1.11/share/em_armgcc/bin/../lib/gcc/arm-none-eabi/5.4.1/../../../../arm-none-eabi/lib/armv7e-m\libg_n.a(lib_a-isattyr.o)
 .ARM.attributes
                0x00000a31       0x2e d:/embitz/1.11/share/em_armgcc/bin/../lib/gcc/arm-none-eabi/5.4.1/../../../../arm-none-eabi/lib/armv7e-m\libg_n.a(lib_a-lseekr.o)
 .ARM.attributes
                0x00000a5f       0x2e d:/embitz/1.11/share/em_armgcc/bin/../lib/gcc/arm-none-eabi/5.4.1/../../../../arm-none-eabi/lib/armv7e-m\libg_n.a(lib_a-mlock.o)
 .ARM.attributes
                0x00000a8d       0x2e d:/embitz/1.11/share/em_armgcc/bin/../lib/gcc/arm-none-eabi/5.4.1/../../../../arm-none-eabi/lib/armv7e-m\libg_n.a(lib_a-readr.o)
 .ARM.attributes
                0x00000abb       0x2e d:/embitz/1.11/share/em_armgcc/bin/../lib/gcc/arm-none-eabi/5.4.1/../../../../arm-none-eabi/lib/armv7e-m\libg_n.a(lib_a-reent.o)
 .ARM.attributes
                0x00000ae9       0x1e d:/embitz/1.11/share/em_armgcc/bin/../lib/gcc/arm-none-eabi/5.4.1/armv7e-m\libgcc.a(_arm_cmpdf2.o)
 .ARM.attributes
                0x00000b07       0x1e d:/embitz/1.11/share/em_armgcc/bin/../lib/gcc/arm-none-eabi/5.4.1/armv7e-m\libgcc.a(_arm_unorddf2.o)
 .ARM.attributes
                0x00000b25       0x1e d:/embitz/1.11/share/em_armgcc/bin/../lib/gcc/arm-none-eabi/5.4.1/armv7e-m\libgcc.a(_arm_fixdfsi.o)
 .ARM.attributes
                0x00000b43       0x2e d:/embitz/1.11/share/em_armgcc/bin/../lib/gcc/arm-none-eabi/5.4.1/../../../../arm-none-eabi/lib/armv7e-m\libnosys_s.a(close.o)
 .ARM.attributes
                0x00000b71       0x2e d:/embitz/1.11/share/em_armgcc/bin/../lib/gcc/arm-none-eabi/5.4.1/../../../../arm-none-eabi/lib/armv7e-m\libnosys_s.a(fstat.o)
 .ARM.attributes
                0x00000b9f       0x2e d:/embitz/1.11/share/em_armgcc/bin/../lib/gcc/arm-none-eabi/5.4.1/../../../../arm-none-eabi/lib/armv7e-m\libnosys_s.a(isatty.o)
 .ARM.attributes
                0x00000bcd       0x2e d:/embitz/1.11/share/em_armgcc/bin/../lib/gcc/arm-none-eabi/5.4.1/../../../../arm-none-eabi/lib/armv7e-m\libnosys_s.a(lseek.o)
 .ARM.attributes
                0x00000bfb       0x2e d:/embitz/1.11/share/em_armgcc/bin/../lib/gcc/arm-none-eabi/5.4.1/../../../../arm-none-eabi/lib/armv7e-m\libnosys_s.a(read.o)
 .ARM.attributes
                0x00000c29       0x2e d:/embitz/1.11/share/em_armgcc/bin/../lib/gcc/arm-none-eabi/5.4.1/../../../../arm-none-eabi/lib/armv7e-m\libnosys_s.a(sbrk.o)
 .ARM.attributes
                0x00000c57       0x2e d:/embitz/1.11/share/em_armgcc/bin/../lib/gcc/arm-none-eabi/5.4.1/../../../../arm-none-eabi/lib/armv7e-m\libnosys_s.a(_exit.o)
 .ARM.attributes
                0x00000c85       0x2e d:/embitz/1.11/share/em_armgcc/bin/../lib/gcc/arm-none-eabi/5.4.1/armv7e-m/crtend.o
 .ARM.attributes
                0x00000cb3       0x1e d:/embitz/1.11/share/em_armgcc/bin/../lib/gcc/arm-none-eabi/5.4.1/armv7e-m/crtn.o

.comment        0x00000000       0x6e
 .comment       0x00000000       0x6e obj\debug\spl\src\stm32f30x_adc.o
                                 0x6f (size before relaxing)
 .comment       0x0000006e       0x6f obj\debug\spl\src\stm32f30x_exti.o
 .comment       0x0000006e       0x6f obj\debug\spl\src\stm32f30x_flash.o
 .comment       0x0000006e       0x6f obj\debug\spl\src\stm32f30x_gpio.o
 .comment       0x0000006e       0x6f obj\debug\spl\src\stm32f30x_misc.o
 .comment       0x0000006e       0x6f obj\debug\spl\src\stm32f30x_rcc.o
 .comment       0x0000006e       0x6f obj\debug\spl\src\stm32f30x_spi.o
 .comment       0x0000006e       0x6f obj\debug\spl\src\stm32f30x_syscfg.o
 .comment       0x0000006e       0x6f obj\debug\spl\src\stm32f30x_tim.o
 .comment       0x0000006e       0x6f obj\debug\spl\src\stm32f30x_usart.o
 .comment       0x0000006e       0x6f obj\debug\src\30021_io.o
 .comment       0x0000006e       0x6f obj\debug\src\adc.o
 .comment       0x0000006e       0x6f obj\debug\src\flash.o
 .comment       0x0000006e       0x6f obj\debug\src\lcd.o
 .comment       0x0000006e       0x6f obj\debug\src\main.o
 .comment       0x0000006e       0x6f obj\debug\src\system_stm32f30x.o
 .comment       0x0000006e       0x6f obj\debug\src\timer.o

.debug_info     0x00000000     0xa721
 .debug_info    0x00000000     0x1327 obj\debug\spl\src\stm32f30x_adc.o
 .debug_info    0x00001327      0x3cc obj\debug\spl\src\stm32f30x_exti.o
 .debug_info    0x000016f3      0x7df obj\debug\spl\src\stm32f30x_flash.o
 .debug_info    0x00001ed2      0x61a obj\debug\spl\src\stm32f30x_gpio.o
 .debug_info    0x000024ec      0x55e obj\debug\spl\src\stm32f30x_misc.o
 .debug_info    0x00002a4a      0xad4 obj\debug\spl\src\stm32f30x_rcc.o
 .debug_info    0x0000351e      0xb82 obj\debug\spl\src\stm32f30x_spi.o
 .debug_info    0x000040a0      0x3d6 obj\debug\spl\src\stm32f30x_syscfg.o
 .debug_info    0x00004476     0x2194 obj\debug\spl\src\stm32f30x_tim.o
 .debug_info    0x0000660a      0xecc obj\debug\spl\src\stm32f30x_usart.o
 .debug_info    0x000074d6      0xd55 obj\debug\src\30021_io.o
 .debug_info    0x0000822b      0x69d obj\debug\src\adc.o
 .debug_info    0x000088c8      0x257 obj\debug\src\flash.o
 .debug_info    0x00008b1f      0x61c obj\debug\src\lcd.o
 .debug_info    0x0000913b      0xaf7 obj\debug\src\main.o
 .debug_info    0x00009c32       0xa9 obj\debug\src\startup_stm32f30x.o
 .debug_info    0x00009cdb      0x470 obj\debug\src\system_stm32f30x.o
 .debug_info    0x0000a14b      0x5d6 obj\debug\src\timer.o

.debug_abbrev   0x00000000     0x1a36
 .debug_abbrev  0x00000000      0x197 obj\debug\spl\src\stm32f30x_adc.o
 .debug_abbrev  0x00000197      0x183 obj\debug\spl\src\stm32f30x_exti.o
 .debug_abbrev  0x0000031a      0x1bb obj\debug\spl\src\stm32f30x_flash.o
 .debug_abbrev  0x000004d5      0x19d obj\debug\spl\src\stm32f30x_gpio.o
 .debug_abbrev  0x00000672      0x14c obj\debug\spl\src\stm32f30x_misc.o
 .debug_abbrev  0x000007be      0x1ea obj\debug\spl\src\stm32f30x_rcc.o
 .debug_abbrev  0x000009a8      0x190 obj\debug\spl\src\stm32f30x_spi.o
 .debug_abbrev  0x00000b38      0x188 obj\debug\spl\src\stm32f30x_syscfg.o
 .debug_abbrev  0x00000cc0      0x18e obj\debug\spl\src\stm32f30x_tim.o
 .debug_abbrev  0x00000e4e      0x15c obj\debug\spl\src\stm32f30x_usart.o
 .debug_abbrev  0x00000faa      0x23b obj\debug\src\30021_io.o
 .debug_abbrev  0x000011e5      0x14b obj\debug\src\adc.o
 .debug_abbrev  0x00001330       0x97 obj\debug\src\flash.o
 .debug_abbrev  0x000013c7      0x1bd obj\debug\src\lcd.o
 .debug_abbrev  0x00001584      0x1f0 obj\debug\src\main.o
 .debug_abbrev  0x00001774       0x14 obj\debug\src\startup_stm32f30x.o
 .debug_abbrev  0x00001788      0x11a obj\debug\src\system_stm32f30x.o
 .debug_abbrev  0x000018a2      0x194 obj\debug\src\timer.o

.debug_aranges  0x00000000      0xe60
 .debug_aranges
                0x00000000      0x210 obj\debug\spl\src\stm32f30x_adc.o
 .debug_aranges
                0x00000210       0x58 obj\debug\spl\src\stm32f30x_exti.o
 .debug_aranges
                0x00000268      0x100 obj\debug\spl\src\stm32f30x_flash.o
 .debug_aranges
                0x00000368       0x80 obj\debug\spl\src\stm32f30x_gpio.o
 .debug_aranges
                0x000003e8       0x40 obj\debug\spl\src\stm32f30x_misc.o
 .debug_aranges
                0x00000428      0x150 obj\debug\spl\src\stm32f30x_rcc.o
 .debug_aranges
                0x00000578      0x118 obj\debug\spl\src\stm32f30x_spi.o
 .debug_aranges
                0x00000690       0x88 obj\debug\spl\src\stm32f30x_syscfg.o
 .debug_aranges
                0x00000718      0x3a8 obj\debug\spl\src\stm32f30x_tim.o
 .debug_aranges
                0x00000ac0      0x1a0 obj\debug\spl\src\stm32f30x_usart.o
 .debug_aranges
                0x00000c60       0x38 obj\debug\src\30021_io.o
 .debug_aranges
                0x00000c98       0x30 obj\debug\src\adc.o
 .debug_aranges
                0x00000cc8       0x50 obj\debug\src\flash.o
 .debug_aranges
                0x00000d18       0x50 obj\debug\src\lcd.o
 .debug_aranges
                0x00000d68       0x70 obj\debug\src\main.o
 .debug_aranges
                0x00000dd8       0x20 obj\debug\src\startup_stm32f30x.o
 .debug_aranges
                0x00000df8       0x30 obj\debug\src\system_stm32f30x.o
 .debug_aranges
                0x00000e28       0x38 obj\debug\src\timer.o

.debug_ranges   0x00000000      0xd48
 .debug_ranges  0x00000000      0x200 obj\debug\spl\src\stm32f30x_adc.o
 .debug_ranges  0x00000200       0x48 obj\debug\spl\src\stm32f30x_exti.o
 .debug_ranges  0x00000248       0xf0 obj\debug\spl\src\stm32f30x_flash.o
 .debug_ranges  0x00000338       0x70 obj\debug\spl\src\stm32f30x_gpio.o
 .debug_ranges  0x000003a8       0x30 obj\debug\spl\src\stm32f30x_misc.o
 .debug_ranges  0x000003d8      0x140 obj\debug\spl\src\stm32f30x_rcc.o
 .debug_ranges  0x00000518      0x108 obj\debug\spl\src\stm32f30x_spi.o
 .debug_ranges  0x00000620       0x78 obj\debug\spl\src\stm32f30x_syscfg.o
 .debug_ranges  0x00000698      0x398 obj\debug\spl\src\stm32f30x_tim.o
 .debug_ranges  0x00000a30      0x190 obj\debug\spl\src\stm32f30x_usart.o
 .debug_ranges  0x00000bc0       0x28 obj\debug\src\30021_io.o
 .debug_ranges  0x00000be8       0x20 obj\debug\src\adc.o
 .debug_ranges  0x00000c08       0x40 obj\debug\src\flash.o
 .debug_ranges  0x00000c48       0x58 obj\debug\src\lcd.o
 .debug_ranges  0x00000ca0       0x60 obj\debug\src\main.o
 .debug_ranges  0x00000d00       0x20 obj\debug\src\system_stm32f30x.o
 .debug_ranges  0x00000d20       0x28 obj\debug\src\timer.o

.debug_macro    0x00000000    0x11150
 .debug_macro   0x00000000      0x1b3 obj\debug\spl\src\stm32f30x_adc.o
 .debug_macro   0x000001b3      0x892 obj\debug\spl\src\stm32f30x_adc.o
 .debug_macro   0x00000a45       0x74 obj\debug\spl\src\stm32f30x_adc.o
 .debug_macro   0x00000ab9       0x35 obj\debug\spl\src\stm32f30x_adc.o
 .debug_macro   0x00000aee       0x22 obj\debug\spl\src\stm32f30x_adc.o
 .debug_macro   0x00000b10       0x87 obj\debug\spl\src\stm32f30x_adc.o
 .debug_macro   0x00000b97       0x44 obj\debug\spl\src\stm32f30x_adc.o
 .debug_macro   0x00000bdb       0xfd obj\debug\spl\src\stm32f30x_adc.o
 .debug_macro   0x00000cd8       0x5e obj\debug\spl\src\stm32f30x_adc.o
 .debug_macro   0x00000d36      0x1df obj\debug\spl\src\stm32f30x_adc.o
 .debug_macro   0x00000f15       0x18 obj\debug\spl\src\stm32f30x_adc.o
 .debug_macro   0x00000f2d       0x42 obj\debug\spl\src\stm32f30x_adc.o
 .debug_macro   0x00000f6f      0x8cb obj\debug\spl\src\stm32f30x_adc.o
 .debug_macro   0x0000183a     0x769b obj\debug\spl\src\stm32f30x_adc.o
 .debug_macro   0x00008ed5      0x3c9 obj\debug\spl\src\stm32f30x_adc.o
 .debug_macro   0x0000929e       0x46 obj\debug\spl\src\stm32f30x_adc.o
 .debug_macro   0x000092e4      0x231 obj\debug\spl\src\stm32f30x_adc.o
 .debug_macro   0x00009515      0x196 obj\debug\spl\src\stm32f30x_adc.o
 .debug_macro   0x000096ab       0x8e obj\debug\spl\src\stm32f30x_adc.o
 .debug_macro   0x00009739      0x3a8 obj\debug\spl\src\stm32f30x_adc.o
 .debug_macro   0x00009ae1      0x114 obj\debug\spl\src\stm32f30x_adc.o
 .debug_macro   0x00009bf5      0x1e4 obj\debug\spl\src\stm32f30x_adc.o
 .debug_macro   0x00009dd9      0x1b6 obj\debug\spl\src\stm32f30x_adc.o
 .debug_macro   0x00009f8f      0x1df obj\debug\spl\src\stm32f30x_adc.o
 .debug_macro   0x0000a16e      0x29a obj\debug\spl\src\stm32f30x_adc.o
 .debug_macro   0x0000a408       0x70 obj\debug\spl\src\stm32f30x_adc.o
 .debug_macro   0x0000a478      0x10c obj\debug\spl\src\stm32f30x_adc.o
 .debug_macro   0x0000a584       0xb8 obj\debug\spl\src\stm32f30x_adc.o
 .debug_macro   0x0000a63c      0x5c6 obj\debug\spl\src\stm32f30x_adc.o
 .debug_macro   0x0000ac02      0x551 obj\debug\spl\src\stm32f30x_adc.o
 .debug_macro   0x0000b153      0x3ab obj\debug\spl\src\stm32f30x_adc.o
 .debug_macro   0x0000b4fe      0x8d8 obj\debug\spl\src\stm32f30x_adc.o
 .debug_macro   0x0000bdd6      0x364 obj\debug\spl\src\stm32f30x_adc.o
 .debug_macro   0x0000c13a       0x34 obj\debug\spl\src\stm32f30x_adc.o
 .debug_macro   0x0000c16e       0x89 obj\debug\spl\src\stm32f30x_adc.o
 .debug_macro   0x0000c1f7       0x35 obj\debug\spl\src\stm32f30x_adc.o
 .debug_macro   0x0000c22c      0x5a6 obj\debug\spl\src\stm32f30x_adc.o
 .debug_macro   0x0000c7d2      0x1a1 obj\debug\spl\src\stm32f30x_exti.o
 .debug_macro   0x0000c973      0x10e obj\debug\spl\src\stm32f30x_exti.o
 .debug_macro   0x0000ca81      0x1ad obj\debug\spl\src\stm32f30x_flash.o
 .debug_macro   0x0000cc2e      0x1de obj\debug\spl\src\stm32f30x_flash.o
 .debug_macro   0x0000ce0c      0x19b obj\debug\spl\src\stm32f30x_gpio.o
 .debug_macro   0x0000cfa7      0x1b0 obj\debug\spl\src\stm32f30x_gpio.o
 .debug_macro   0x0000d157      0x1a1 obj\debug\spl\src\stm32f30x_misc.o
 .debug_macro   0x0000d2f8       0x83 obj\debug\spl\src\stm32f30x_misc.o
 .debug_macro   0x0000d37b      0x238 obj\debug\spl\src\stm32f30x_rcc.o
 .debug_macro   0x0000d5b3      0x5c0 obj\debug\spl\src\stm32f30x_rcc.o
 .debug_macro   0x0000db73      0x1b0 obj\debug\spl\src\stm32f30x_spi.o
 .debug_macro   0x0000dd23      0x3a5 obj\debug\spl\src\stm32f30x_spi.o
 .debug_macro   0x0000e0c8      0x1cb obj\debug\spl\src\stm32f30x_syscfg.o
 .debug_macro   0x0000e293      0x1d9 obj\debug\spl\src\stm32f30x_syscfg.o
 .debug_macro   0x0000e46c      0x1c5 obj\debug\spl\src\stm32f30x_tim.o
 .debug_macro   0x0000e631      0x8d2 obj\debug\spl\src\stm32f30x_tim.o
 .debug_macro   0x0000ef03      0x1b3 obj\debug\spl\src\stm32f30x_usart.o
 .debug_macro   0x0000f0b6      0x35e obj\debug\spl\src\stm32f30x_usart.o
 .debug_macro   0x0000f414      0x2d8 obj\debug\src\30021_io.o
 .debug_macro   0x0000f6ec       0x52 obj\debug\src\30021_io.o
 .debug_macro   0x0000f73e       0x35 obj\debug\src\30021_io.o
 .debug_macro   0x0000f773       0x9c obj\debug\src\30021_io.o
 .debug_macro   0x0000f80f       0x16 obj\debug\src\30021_io.o
 .debug_macro   0x0000f825       0x97 obj\debug\src\30021_io.o
 .debug_macro   0x0000f8bc      0x30d obj\debug\src\30021_io.o
 .debug_macro   0x0000fbc9       0xfd obj\debug\src\30021_io.o
 .debug_macro   0x0000fcc6       0x10 obj\debug\src\30021_io.o
 .debug_macro   0x0000fcd6       0x52 obj\debug\src\30021_io.o
 .debug_macro   0x0000fd28       0x1f obj\debug\src\30021_io.o
 .debug_macro   0x0000fd47       0x43 obj\debug\src\30021_io.o
 .debug_macro   0x0000fd8a       0x20 obj\debug\src\30021_io.o
 .debug_macro   0x0000fdaa      0x187 obj\debug\src\30021_io.o
 .debug_macro   0x0000ff31       0x10 obj\debug\src\30021_io.o
 .debug_macro   0x0000ff41       0x1c obj\debug\src\30021_io.o
 .debug_macro   0x0000ff5d       0x52 obj\debug\src\30021_io.o
 .debug_macro   0x0000ffaf       0x40 obj\debug\src\30021_io.o
 .debug_macro   0x0000ffef       0x10 obj\debug\src\30021_io.o
 .debug_macro   0x0000ffff       0x40 obj\debug\src\30021_io.o
 .debug_macro   0x0001003f       0xd7 obj\debug\src\30021_io.o
 .debug_macro   0x00010116       0x16 obj\debug\src\30021_io.o
 .debug_macro   0x0001012c      0x189 obj\debug\src\30021_io.o
 .debug_macro   0x000102b5      0x2e0 obj\debug\src\adc.o
 .debug_macro   0x00010595      0x1a0 obj\debug\src\flash.o
 .debug_macro   0x00010735       0x1c obj\debug\src\flash.o
 .debug_macro   0x00010751      0x1aa obj\debug\src\lcd.o
 .debug_macro   0x000108fb       0x1c obj\debug\src\lcd.o
 .debug_macro   0x00010917      0x323 obj\debug\src\main.o
 .debug_macro   0x00010c3a       0x22 obj\debug\src\main.o
 .debug_macro   0x00010c5c       0x22 obj\debug\src\main.o
 .debug_macro   0x00010c7e       0x16 obj\debug\src\main.o
 .debug_macro   0x00010c94       0x35 obj\debug\src\main.o
 .debug_macro   0x00010cc9      0x197 obj\debug\src\system_stm32f30x.o
 .debug_macro   0x00010e60      0x2f0 obj\debug\src\timer.o

.debug_line     0x00000000     0x6efd
 .debug_line    0x00000000      0x9d0 obj\debug\spl\src\stm32f30x_adc.o
 .debug_line    0x000009d0      0x4a9 obj\debug\spl\src\stm32f30x_exti.o
 .debug_line    0x00000e79      0x6a7 obj\debug\spl\src\stm32f30x_flash.o
 .debug_line    0x00001520      0x52f obj\debug\spl\src\stm32f30x_gpio.o
 .debug_line    0x00001a4f      0x44a obj\debug\spl\src\stm32f30x_misc.o
 .debug_line    0x00001e99      0x795 obj\debug\spl\src\stm32f30x_rcc.o
 .debug_line    0x0000262e      0x6e6 obj\debug\spl\src\stm32f30x_spi.o
 .debug_line    0x00002d14      0x4f8 obj\debug\spl\src\stm32f30x_syscfg.o
 .debug_line    0x0000320c      0xe9f obj\debug\spl\src\stm32f30x_tim.o
 .debug_line    0x000040ab      0x81c obj\debug\spl\src\stm32f30x_usart.o
 .debug_line    0x000048c7      0x57b obj\debug\src\30021_io.o
 .debug_line    0x00004e42      0x5cb obj\debug\src\adc.o
 .debug_line    0x0000540d      0x44f obj\debug\src\flash.o
 .debug_line    0x0000585c      0x583 obj\debug\src\lcd.o
 .debug_line    0x00005ddf      0x6ae obj\debug\src\main.o
 .debug_line    0x0000648d       0xbb obj\debug\src\startup_stm32f30x.o
 .debug_line    0x00006548      0x443 obj\debug\src\system_stm32f30x.o
 .debug_line    0x0000698b      0x572 obj\debug\src\timer.o

.debug_str      0x00000000    0x5a801
 .debug_str     0x00000000    0x52c20 obj\debug\spl\src\stm32f30x_adc.o
                              0x52dca (size before relaxing)
 .debug_str     0x00052c20      0x1e8 obj\debug\spl\src\stm32f30x_exti.o
                              0x5254d (size before relaxing)
 .debug_str     0x00052e08      0x3ef obj\debug\spl\src\stm32f30x_flash.o
                              0x527a8 (size before relaxing)
 .debug_str     0x000531f7      0x296 obj\debug\spl\src\stm32f30x_gpio.o
                              0x5264a (size before relaxing)
 .debug_str     0x0005348d      0x21d obj\debug\spl\src\stm32f30x_misc.o
                              0x525a3 (size before relaxing)
 .debug_str     0x000536aa      0xa51 obj\debug\spl\src\stm32f30x_rcc.o
                              0x52dfe (size before relaxing)
 .debug_str     0x000540fb      0x4b5 obj\debug\spl\src\stm32f30x_spi.o
                              0x529db (size before relaxing)
 .debug_str     0x000545b0      0x3ba obj\debug\spl\src\stm32f30x_syscfg.o
                              0x52723 (size before relaxing)
 .debug_str     0x0005496a      0xdea obj\debug\spl\src\stm32f30x_tim.o
                              0x531f1 (size before relaxing)
 .debug_str     0x00055754      0x7e5 obj\debug\spl\src\stm32f30x_usart.o
                              0x52cd2 (size before relaxing)
 .debug_str     0x00055f39     0x3e9a obj\debug\src\30021_io.o
                              0x564aa (size before relaxing)
 .debug_str     0x00059dd3       0x90 obj\debug\src\adc.o
                              0x5621d (size before relaxing)
 .debug_str     0x00059e63       0xe7 obj\debug\src\flash.o
                              0x5241b (size before relaxing)
 .debug_str     0x00059f4a      0x136 obj\debug\src\lcd.o
                              0x52589 (size before relaxing)
 .debug_str     0x0005a080      0x6ac obj\debug\src\main.o
                              0x5693c (size before relaxing)
 .debug_str     0x0005a72c       0x68 obj\debug\src\system_stm32f30x.o
                              0x52490 (size before relaxing)
 .debug_str     0x0005a794       0x6d obj\debug\src\timer.o
                              0x564ca (size before relaxing)

.debug_frame    0x00000000     0x4b98
 .debug_frame   0x00000000      0x9e4 obj\debug\spl\src\stm32f30x_adc.o
 .debug_frame   0x000009e4      0x148 obj\debug\spl\src\stm32f30x_exti.o
 .debug_frame   0x00000b2c      0x428 obj\debug\spl\src\stm32f30x_flash.o
 .debug_frame   0x00000f54      0x214 obj\debug\spl\src\stm32f30x_gpio.o
 .debug_frame   0x00001168       0xd8 obj\debug\spl\src\stm32f30x_misc.o
 .debug_frame   0x00001240      0x60c obj\debug\spl\src\stm32f30x_rcc.o
 .debug_frame   0x0000184c      0x508 obj\debug\spl\src\stm32f30x_spi.o
 .debug_frame   0x00001d54      0x230 obj\debug\spl\src\stm32f30x_syscfg.o
 .debug_frame   0x00001f84     0x11c4 obj\debug\spl\src\stm32f30x_tim.o
 .debug_frame   0x00003148      0x7b0 obj\debug\spl\src\stm32f30x_usart.o
 .debug_frame   0x000038f8       0xa4 obj\debug\src\30021_io.o
 .debug_frame   0x0000399c       0x7c obj\debug\src\adc.o
 .debug_frame   0x00003a18      0x118 obj\debug\src\flash.o
 .debug_frame   0x00003b30      0x10c obj\debug\src\lcd.o
 .debug_frame   0x00003c3c      0x18c obj\debug\src\main.o
 .debug_frame   0x00003dc8       0x74 obj\debug\src\system_stm32f30x.o
 .debug_frame   0x00003e3c       0x94 obj\debug\src\timer.o
 .debug_frame   0x00003ed0       0x28 d:/embitz/1.11/share/em_armgcc/bin/../lib/gcc/arm-none-eabi/5.4.1/../../../../arm-none-eabi/lib/armv7e-m\libg_n.a(lib_a-exit.o)
 .debug_frame   0x00003ef8       0x2c d:/embitz/1.11/share/em_armgcc/bin/../lib/gcc/arm-none-eabi/5.4.1/../../../../arm-none-eabi/lib/armv7e-m\libg_n.a(lib_a-init.o)
 .debug_frame   0x00003f24       0x28 d:/embitz/1.11/share/em_armgcc/bin/../lib/gcc/arm-none-eabi/5.4.1/../../../../arm-none-eabi/lib/armv7e-m\libg_n.a(lib_a-memcpy-stub.o)
 .debug_frame   0x00003f4c       0x20 d:/embitz/1.11/share/em_armgcc/bin/../lib/gcc/arm-none-eabi/5.4.1/../../../../arm-none-eabi/lib/armv7e-m\libg_n.a(lib_a-memset.o)
 .debug_frame   0x00003f6c       0x8c d:/embitz/1.11/share/em_armgcc/bin/../lib/gcc/arm-none-eabi/5.4.1/../../../../arm-none-eabi/lib/armv7e-m\libg_n.a(lib_a-nano-vfprintf_float.o)
 .debug_frame   0x00003ff8       0x60 d:/embitz/1.11/share/em_armgcc/bin/../lib/gcc/arm-none-eabi/5.4.1/../../../../arm-none-eabi/lib/armv7e-m\libg_n.a(lib_a-nano-vfprintf_i.o)
 .debug_frame   0x00004058       0x74 d:/embitz/1.11/share/em_armgcc/bin/../lib/gcc/arm-none-eabi/5.4.1/../../../../arm-none-eabi/lib/armv7e-m\libg_n.a(lib_a-printf.o)
 .debug_frame   0x000040cc       0x3c d:/embitz/1.11/share/em_armgcc/bin/../lib/gcc/arm-none-eabi/5.4.1/../../../../arm-none-eabi/lib/armv7e-m\libg_n.a(lib_a-puts.o)
 .debug_frame   0x00004108       0x20 d:/embitz/1.11/share/em_armgcc/bin/../lib/gcc/arm-none-eabi/5.4.1/../../../../arm-none-eabi/lib/armv7e-m\libg_n.a(lib_a-setbuf.o)
 .debug_frame   0x00004128       0x38 d:/embitz/1.11/share/em_armgcc/bin/../lib/gcc/arm-none-eabi/5.4.1/../../../../arm-none-eabi/lib/armv7e-m\libg_n.a(lib_a-setvbuf.o)
 .debug_frame   0x00004160       0x40 d:/embitz/1.11/share/em_armgcc/bin/../lib/gcc/arm-none-eabi/5.4.1/../../../../arm-none-eabi/lib/armv7e-m\libg_n.a(lib_a-wbuf.o)
 .debug_frame   0x000041a0       0x2c d:/embitz/1.11/share/em_armgcc/bin/../lib/gcc/arm-none-eabi/5.4.1/../../../../arm-none-eabi/lib/armv7e-m\libg_n.a(lib_a-wsetup.o)
 .debug_frame   0x000041cc       0x6c d:/embitz/1.11/share/em_armgcc/bin/../lib/gcc/arm-none-eabi/5.4.1/../../../../arm-none-eabi/lib/armv7e-m\libg_n.a(lib_a-dtoa.o)
 .debug_frame   0x00004238       0x68 d:/embitz/1.11/share/em_armgcc/bin/../lib/gcc/arm-none-eabi/5.4.1/../../../../arm-none-eabi/lib/armv7e-m\libg_n.a(lib_a-fflush.o)
 .debug_frame   0x000042a0      0x11c d:/embitz/1.11/share/em_armgcc/bin/../lib/gcc/arm-none-eabi/5.4.1/../../../../arm-none-eabi/lib/armv7e-m\libg_n.a(lib_a-findfp.o)
 .debug_frame   0x000043bc       0x54 d:/embitz/1.11/share/em_armgcc/bin/../lib/gcc/arm-none-eabi/5.4.1/../../../../arm-none-eabi/lib/armv7e-m\libg_n.a(lib_a-fwalk.o)
 .debug_frame   0x00004410       0x98 d:/embitz/1.11/share/em_armgcc/bin/../lib/gcc/arm-none-eabi/5.4.1/../../../../arm-none-eabi/lib/armv7e-m\libg_n.a(lib_a-locale.o)
 .debug_frame   0x000044a8       0x54 d:/embitz/1.11/share/em_armgcc/bin/../lib/gcc/arm-none-eabi/5.4.1/../../../../arm-none-eabi/lib/armv7e-m\libg_n.a(lib_a-makebuf.o)
 .debug_frame   0x000044fc       0x30 d:/embitz/1.11/share/em_armgcc/bin/../lib/gcc/arm-none-eabi/5.4.1/../../../../arm-none-eabi/lib/armv7e-m\libg_n.a(lib_a-malloc.o)
 .debug_frame   0x0000452c      0x234 d:/embitz/1.11/share/em_armgcc/bin/../lib/gcc/arm-none-eabi/5.4.1/../../../../arm-none-eabi/lib/armv7e-m\libg_n.a(lib_a-mprec.o)
 .debug_frame   0x00004760       0x2c d:/embitz/1.11/share/em_armgcc/bin/../lib/gcc/arm-none-eabi/5.4.1/../../../../arm-none-eabi/lib/armv7e-m\libg_n.a(lib_a-nano-callocr.o)
 .debug_frame   0x0000478c       0x38 d:/embitz/1.11/share/em_armgcc/bin/../lib/gcc/arm-none-eabi/5.4.1/../../../../arm-none-eabi/lib/armv7e-m\libg_n.a(lib_a-nano-freer.o)
 .debug_frame   0x000047c4       0x2c d:/embitz/1.11/share/em_armgcc/bin/../lib/gcc/arm-none-eabi/5.4.1/../../../../arm-none-eabi/lib/armv7e-m\libg_n.a(lib_a-nano-mallocr.o)
 .debug_frame   0x000047f0       0xac d:/embitz/1.11/share/em_armgcc/bin/../lib/gcc/arm-none-eabi/5.4.1/../../../../arm-none-eabi/lib/armv7e-m\libg_n.a(lib_a-nano-vfprintf.o)
 .debug_frame   0x0000489c       0x2c d:/embitz/1.11/share/em_armgcc/bin/../lib/gcc/arm-none-eabi/5.4.1/../../../../arm-none-eabi/lib/armv7e-m\libg_n.a(lib_a-sbrkr.o)
 .debug_frame   0x000048c8       0x88 d:/embitz/1.11/share/em_armgcc/bin/../lib/gcc/arm-none-eabi/5.4.1/../../../../arm-none-eabi/lib/armv7e-m\libg_n.a(lib_a-stdio.o)
 .debug_frame   0x00004950       0x2c d:/embitz/1.11/share/em_armgcc/bin/../lib/gcc/arm-none-eabi/5.4.1/../../../../arm-none-eabi/lib/armv7e-m\libg_n.a(lib_a-closer.o)
 .debug_frame   0x0000497c       0x2c d:/embitz/1.11/share/em_armgcc/bin/../lib/gcc/arm-none-eabi/5.4.1/../../../../arm-none-eabi/lib/armv7e-m\libg_n.a(lib_a-fstatr.o)
 .debug_frame   0x000049a8       0x2c d:/embitz/1.11/share/em_armgcc/bin/../lib/gcc/arm-none-eabi/5.4.1/../../../../arm-none-eabi/lib/armv7e-m\libg_n.a(lib_a-isattyr.o)
 .debug_frame   0x000049d4       0x2c d:/embitz/1.11/share/em_armgcc/bin/../lib/gcc/arm-none-eabi/5.4.1/../../../../arm-none-eabi/lib/armv7e-m\libg_n.a(lib_a-lseekr.o)
 .debug_frame   0x00004a00       0x30 d:/embitz/1.11/share/em_armgcc/bin/../lib/gcc/arm-none-eabi/5.4.1/../../../../arm-none-eabi/lib/armv7e-m\libg_n.a(lib_a-mlock.o)
 .debug_frame   0x00004a30       0x2c d:/embitz/1.11/share/em_armgcc/bin/../lib/gcc/arm-none-eabi/5.4.1/../../../../arm-none-eabi/lib/armv7e-m\libg_n.a(lib_a-readr.o)
 .debug_frame   0x00004a5c       0x5c d:/embitz/1.11/share/em_armgcc/bin/../lib/gcc/arm-none-eabi/5.4.1/../../../../arm-none-eabi/lib/armv7e-m\libg_n.a(lib_a-reent.o)
 .debug_frame   0x00004ab8       0x20 d:/embitz/1.11/share/em_armgcc/bin/../lib/gcc/arm-none-eabi/5.4.1/../../../../arm-none-eabi/lib/armv7e-m\libnosys_s.a(close.o)
 .debug_frame   0x00004ad8       0x20 d:/embitz/1.11/share/em_armgcc/bin/../lib/gcc/arm-none-eabi/5.4.1/../../../../arm-none-eabi/lib/armv7e-m\libnosys_s.a(fstat.o)
 .debug_frame   0x00004af8       0x20 d:/embitz/1.11/share/em_armgcc/bin/../lib/gcc/arm-none-eabi/5.4.1/../../../../arm-none-eabi/lib/armv7e-m\libnosys_s.a(isatty.o)
 .debug_frame   0x00004b18       0x20 d:/embitz/1.11/share/em_armgcc/bin/../lib/gcc/arm-none-eabi/5.4.1/../../../../arm-none-eabi/lib/armv7e-m\libnosys_s.a(lseek.o)
 .debug_frame   0x00004b38       0x20 d:/embitz/1.11/share/em_armgcc/bin/../lib/gcc/arm-none-eabi/5.4.1/../../../../arm-none-eabi/lib/armv7e-m\libnosys_s.a(read.o)
 .debug_frame   0x00004b58       0x20 d:/embitz/1.11/share/em_armgcc/bin/../lib/gcc/arm-none-eabi/5.4.1/../../../../arm-none-eabi/lib/armv7e-m\libnosys_s.a(sbrk.o)
 .debug_frame   0x00004b78       0x20 d:/embitz/1.11/share/em_armgcc/bin/../lib/gcc/arm-none-eabi/5.4.1/../../../../arm-none-eabi/lib/armv7e-m\libnosys_s.a(_exit.o)

.stab           0x00000000       0x84
 .stab          0x00000000       0x24 d:/embitz/1.11/share/em_armgcc/bin/../lib/gcc/arm-none-eabi/5.4.1/../../../../arm-none-eabi/lib/armv7e-m\libnosys_s.a(close.o)
 .stab          0x00000024       0x18 d:/embitz/1.11/share/em_armgcc/bin/../lib/gcc/arm-none-eabi/5.4.1/../../../../arm-none-eabi/lib/armv7e-m\libnosys_s.a(fstat.o)
                                 0x24 (size before relaxing)
 .stab          0x0000003c       0x18 d:/embitz/1.11/share/em_armgcc/bin/../lib/gcc/arm-none-eabi/5.4.1/../../../../arm-none-eabi/lib/armv7e-m\libnosys_s.a(isatty.o)
                                 0x24 (size before relaxing)
 .stab          0x00000054       0x18 d:/embitz/1.11/share/em_armgcc/bin/../lib/gcc/arm-none-eabi/5.4.1/../../../../arm-none-eabi/lib/armv7e-m\libnosys_s.a(lseek.o)
                                 0x24 (size before relaxing)
 .stab          0x0000006c       0x18 d:/embitz/1.11/share/em_armgcc/bin/../lib/gcc/arm-none-eabi/5.4.1/../../../../arm-none-eabi/lib/armv7e-m\libnosys_s.a(read.o)
                                 0x24 (size before relaxing)

.stabstr        0x00000000      0x117
 .stabstr       0x00000000      0x117 d:/embitz/1.11/share/em_armgcc/bin/../lib/gcc/arm-none-eabi/5.4.1/../../../../arm-none-eabi/lib/armv7e-m\libnosys_s.a(close.o)
