Archive member included to satisfy reference by file (symbol)

d:/embitz/1.11/share/em_armgcc/bin/../lib/gcc/arm-none-eabi/5.4.1/armv7e-m\libgcc.a(_arm_addsubsf3.o)
                              obj\debug\src\adc.o (__aeabi_ui2f)
d:/embitz/1.11/share/em_armgcc/bin/../lib/gcc/arm-none-eabi/5.4.1/../../../../arm-none-eabi/lib/armv7e-m\libg_n.a(lib_a-exit.o)
                              d:/embitz/1.11/share/em_armgcc/bin/../lib/gcc/arm-none-eabi/5.4.1/../../../../arm-none-eabi/lib/armv7e-m/crt0.o (exit)
d:/embitz/1.11/share/em_armgcc/bin/../lib/gcc/arm-none-eabi/5.4.1/../../../../arm-none-eabi/lib/armv7e-m\libg_n.a(lib_a-impure.o)
                              d:/embitz/1.11/share/em_armgcc/bin/../lib/gcc/arm-none-eabi/5.4.1/../../../../arm-none-eabi/lib/armv7e-m\libg_n.a(lib_a-exit.o) (_global_impure_ptr)
d:/embitz/1.11/share/em_armgcc/bin/../lib/gcc/arm-none-eabi/5.4.1/../../../../arm-none-eabi/lib/armv7e-m\libg_n.a(lib_a-init.o)
                              d:/embitz/1.11/share/em_armgcc/bin/../lib/gcc/arm-none-eabi/5.4.1/../../../../arm-none-eabi/lib/armv7e-m/crt0.o (__libc_init_array)
d:/embitz/1.11/share/em_armgcc/bin/../lib/gcc/arm-none-eabi/5.4.1/../../../../arm-none-eabi/lib/armv7e-m\libg_n.a(lib_a-memcpy-stub.o)
                              obj\debug\src\lcd.o (memcpy)
d:/embitz/1.11/share/em_armgcc/bin/../lib/gcc/arm-none-eabi/5.4.1/../../../../arm-none-eabi/lib/armv7e-m\libg_n.a(lib_a-memset.o)
                              d:/embitz/1.11/share/em_armgcc/bin/../lib/gcc/arm-none-eabi/5.4.1/../../../../arm-none-eabi/lib/armv7e-m/crt0.o (memset)
d:/embitz/1.11/share/em_armgcc/bin/../lib/gcc/arm-none-eabi/5.4.1/../../../../arm-none-eabi/lib/armv7e-m\libg_n.a(lib_a-nano-vfprintf_float.o)
                              (_printf_float)
d:/embitz/1.11/share/em_armgcc/bin/../lib/gcc/arm-none-eabi/5.4.1/../../../../arm-none-eabi/lib/armv7e-m\libg_n.a(lib_a-nano-vfprintf_i.o)
                              d:/embitz/1.11/share/em_armgcc/bin/../lib/gcc/arm-none-eabi/5.4.1/../../../../arm-none-eabi/lib/armv7e-m\libg_n.a(lib_a-nano-vfprintf_float.o) (_printf_common)
d:/embitz/1.11/share/em_armgcc/bin/../lib/gcc/arm-none-eabi/5.4.1/../../../../arm-none-eabi/lib/armv7e-m\libg_n.a(lib_a-printf.o)
                              obj\debug\src\adc.o (printf)
d:/embitz/1.11/share/em_armgcc/bin/../lib/gcc/arm-none-eabi/5.4.1/../../../../arm-none-eabi/lib/armv7e-m\libg_n.a(lib_a-puts.o)
                              obj\debug\src\main.o (puts)
d:/embitz/1.11/share/em_armgcc/bin/../lib/gcc/arm-none-eabi/5.4.1/../../../../arm-none-eabi/lib/armv7e-m\libg_n.a(lib_a-setbuf.o)
                              obj\debug\src\30021_io.o (setbuf)
d:/embitz/1.11/share/em_armgcc/bin/../lib/gcc/arm-none-eabi/5.4.1/../../../../arm-none-eabi/lib/armv7e-m\libg_n.a(lib_a-setvbuf.o)
                              d:/embitz/1.11/share/em_armgcc/bin/../lib/gcc/arm-none-eabi/5.4.1/../../../../arm-none-eabi/lib/armv7e-m\libg_n.a(lib_a-setbuf.o) (setvbuf)
d:/embitz/1.11/share/em_armgcc/bin/../lib/gcc/arm-none-eabi/5.4.1/../../../../arm-none-eabi/lib/armv7e-m\libg_n.a(lib_a-strlen.o)
                              d:/embitz/1.11/share/em_armgcc/bin/../lib/gcc/arm-none-eabi/5.4.1/../../../../arm-none-eabi/lib/armv7e-m\libg_n.a(lib_a-nano-vfprintf_float.o) (strlen)
d:/embitz/1.11/share/em_armgcc/bin/../lib/gcc/arm-none-eabi/5.4.1/../../../../arm-none-eabi/lib/armv7e-m\libg_n.a(lib_a-wbuf.o)
                              d:/embitz/1.11/share/em_armgcc/bin/../lib/gcc/arm-none-eabi/5.4.1/../../../../arm-none-eabi/lib/armv7e-m\libg_n.a(lib_a-puts.o) (__swbuf_r)
d:/embitz/1.11/share/em_armgcc/bin/../lib/gcc/arm-none-eabi/5.4.1/../../../../arm-none-eabi/lib/armv7e-m\libg_n.a(lib_a-wsetup.o)
                              d:/embitz/1.11/share/em_armgcc/bin/../lib/gcc/arm-none-eabi/5.4.1/../../../../arm-none-eabi/lib/armv7e-m\libg_n.a(lib_a-puts.o) (__swsetup_r)
d:/embitz/1.11/share/em_armgcc/bin/../lib/gcc/arm-none-eabi/5.4.1/../../../../arm-none-eabi/lib/armv7e-m\libg_n.a(lib_a-dtoa.o)
                              d:/embitz/1.11/share/em_armgcc/bin/../lib/gcc/arm-none-eabi/5.4.1/../../../../arm-none-eabi/lib/armv7e-m\libg_n.a(lib_a-nano-vfprintf_float.o) (_dtoa_r)
d:/embitz/1.11/share/em_armgcc/bin/../lib/gcc/arm-none-eabi/5.4.1/../../../../arm-none-eabi/lib/armv7e-m\libg_n.a(lib_a-fflush.o)
                              d:/embitz/1.11/share/em_armgcc/bin/../lib/gcc/arm-none-eabi/5.4.1/../../../../arm-none-eabi/lib/armv7e-m\libg_n.a(lib_a-setvbuf.o) (_fflush_r)
d:/embitz/1.11/share/em_armgcc/bin/../lib/gcc/arm-none-eabi/5.4.1/../../../../arm-none-eabi/lib/armv7e-m\libg_n.a(lib_a-findfp.o)
                              d:/embitz/1.11/share/em_armgcc/bin/../lib/gcc/arm-none-eabi/5.4.1/../../../../arm-none-eabi/lib/armv7e-m\libg_n.a(lib_a-printf.o) (__sinit)
d:/embitz/1.11/share/em_armgcc/bin/../lib/gcc/arm-none-eabi/5.4.1/../../../../arm-none-eabi/lib/armv7e-m\libg_n.a(lib_a-fwalk.o)
[...]
Memory Configuration

Name             Origin             Length             Attributes
ROM              0x08000000         0x00008000         xr
RAM              0x20000000         0x00004000         xrw
*default*        0x00000000         0xffffffff

Linker script and memory map

LOAD d:/embitz/1.11/share/em_armgcc/bin/../lib/gcc/arm-none-eabi/5.4.1/armv7e-m/crti.o
LOAD d:/embitz/1.11/share/em_armgcc/bin/../lib/gcc/arm-none-eabi/5.4.1/armv7e-m/crtbegin.o
LOAD d:/embitz/1.11/share/em_armgcc/bin/../lib/gcc/arm-none-eabi/5.4.1/../../../../arm-none-eabi/lib/armv7e-m/crt0.o
                0x00000000                __HEAP_SIZE = 0x0
                0x00000100                __STACK_SIZE = 0x100

.text           0x08000000     0x4194
 *(.isr_vector)
 .isr_vector    0x08000000      0x188 obj\debug\src\startup_stm32f30x.o
                0x08000000                __isr_vector
 *(.text*)
 .text          0x08000188       0x5c d:/embitz/1.11/share/em_armgcc/bin/../lib/gcc/arm-none-eabi/5.4.1/armv7e-m/crtbegin.o
 .text          0x080001e4       0x74 d:/embitz/1.11/share/em_armgcc/bin/../lib/gcc/arm-none-eabi/5.4.1/../../../../arm-none-eabi/lib/armv7e-m/crt0.o
                0x080001e4                _start
                0x080001e4                _mainCRTStartup
 .text.GPIO_Init
                0x08000258      0x12c obj\debug\spl\src\stm32f30x_gpio.o
                0x08000258                GPIO_Init
 .text.GPIO_StructInit
                0x08000384       0x34 obj\debug\spl\src\stm32f30x_gpio.o
                0x08000384                GPIO_StructInit
 .text.GPIO_PinAFConfig
                0x080003b8       0x90 obj\debug\spl\src\stm32f30x_gpio.o
                0x080003b8                GPIO_PinAFConfig
 .text.RCC_GetClocksFreq
                0x08000448      0x414 obj\debug\spl\src\stm32f30x_rcc.o
                0x08000448                RCC_GetClocksFreq
 .text.RCC_APB2PeriphClockCmd
                0x0800085c       0x3c obj\debug\spl\src\stm32f30x_rcc.o
                0x0800085c                RCC_APB2PeriphClockCmd
 .text.TIM_TimeBaseInit
                0x08000898       0xec obj\debug\spl\src\stm32f30x_tim.o
                0x08000898                TIM_TimeBaseInit
 .text.TIM_TimeBaseStructInit
                0x08000984       0x34 obj\debug\spl\src\stm32f30x_tim.o
                0x08000984                TIM_TimeBaseStructInit
 .text.TIM_Cmd  0x080009b8       0x40 obj\debug\spl\src\stm32f30x_tim.o
                0x080009b8                TIM_Cmd
 .text.TIM_OC1Init
                0x080009f8      0x124 obj\debug\spl\src\stm32f30x_tim.o
                0x080009f8                TIM_OC1Init
 .text.TIM_OCStructInit
                0x08000b1c       0x44 obj\debug\spl\src\stm32f30x_tim.o
                0x08000b1c                TIM_OCStructInit
 .text.TIM_SetCompare1
                0x08000b60       0x1c obj\debug\spl\src\stm32f30x_tim.o
                0x08000b60                TIM_SetCompare1
 .text.TIM_OC1PreloadConfig
                0x08000b7c       0x38 obj\debug\spl\src\stm32f30x_tim.o
                0x08000b7c                TIM_OC1PreloadConfig
 .text.TIM_CtrlPWMOutputs
                0x08000bb4       0x38 obj\debug\spl\src\stm32f30x_tim.o
                0x08000bb4                TIM_CtrlPWMOutputs
 .text.USART_SendData
                0x08000bec       0x24 obj\debug\spl\src\stm32f30x_usart.o
                0x08000bec                USART_SendData
 .text.USART_ReceiveData
                0x08000c10       0x20 obj\debug\spl\src\stm32f30x_usart.o
                0x08000c10                USART_ReceiveData
 .text.USART_GetFlagStatus
                0x08000c30       0x30 obj\debug\spl\src\stm32f30x_usart.o
                0x08000c30                USART_GetFlagStatus
 .text.uart_putc
                0x08000c60       0x34 obj\debug\src\30021_io.o
                0x08000c60                uart_putc
 .text.uart_getc
                0x08000c94       0x3c obj\debug\src\30021_io.o
                0x08000c94                uart_getc
 .text._write_r
                0x08000cd0       0x4c obj\debug\src\30021_io.o
                0x08000cd0                _write_r
 .text.init_usb_uart
                0x08000d1c      0x220 obj\debug\src\30021_io.o
                0x08000d1c                init_usb_uart
 .text.GPIO_set_AF1_PA6
                0x08000f3c       0x40 obj\debug\src\gpio.o
                0x08000f3c                GPIO_set_AF1_PA6
 .text.setup    0x08000f7c       0x20 obj\debug\src\main.o
                0x08000f7c                setup
 .text.main     0x08000f9c       0x34 obj\debug\src\main.o
                0x08000f9c                main
 .text          0x08000fd0       0xe4 obj\debug\src\startup_stm32f30x.o
                0x08000fd0                Reset_Handler
                0x08001016                NMI_Handler
                0x08001018                HardFault_Handler
                0x0800101a                MemManage_Handler
                0x0800101c                BusFault_Handler
                0x0800101e                UsageFault_Handler
                0x08001020                SVC_Handler
                0x08001022                DebugMon_Handler
                0x08001024                PendSV_Handler
                0x08001026                SysTick_Handler
                0x08001028                WWDG_IRQHandler
                0x0800102a                PVD_IRQHandler
                0x0800102c                TAMPER_STAMP_IRQHandler
                0x0800102e                RTC_WKUP_IRQHandler
                0x08001030                FLASH_IRQHandler
                0x08001032                RCC_IRQHandler
                0x08001034                EXTI0_IRQHandler
                0x08001036                EXTI1_IRQHandler
                0x08001038                EXTI2_TS_IRQHandler
                0x0800103a                EXTI3_IRQHandler
                0x0800103c                EXTI4_IRQHandler
                0x0800103e                DMA1_Channel1_IRQHandler
                0x08001040                DMA1_Channel2_IRQHandler
                0x08001042                DMA1_Channel3_IRQHandler
                0x08001044                DMA1_Channel4_IRQHandler
                0x08001046                DMA1_Channel5_IRQHandler
                0x08001048                DMA1_Channel6_IRQHandler
                0x0800104a                DMA1_Channel7_IRQHandler
                0x0800104c                ADC1_2_IRQHandler
                0x0800104e                USB_HP_CAN1_TX_IRQHandler
                0x08001050                USB_LP_CAN1_RX0_IRQHandler
                0x08001052                CAN1_RX1_IRQHandler
                0x08001054                CAN1_SCE_IRQHandler
                0x08001056                EXTI9_5_IRQHandler
                0x08001058                TIM1_BRK_TIM15_IRQHandler
                0x0800105a                TIM1_UP_TIM16_IRQHandler
                0x0800105c                TIM1_TRG_COM_TIM17_IRQHandler
                0x0800105e                TIM1_CC_IRQHandler
                0x08001060                TIM2_IRQHandler
                0x08001062                TIM3_IRQHandler
                0x08001064                TIM4_IRQHandler
                0x08001066                I2C1_EV_IRQHandler
                0x08001068                I2C1_ER_IRQHandler
                0x0800106a                I2C2_EV_IRQHandler
                0x0800106c                I2C2_ER_IRQHandler
                0x0800106e                SPI1_IRQHandler
                0x08001070                SPI2_IRQHandler
                0x08001072                USART1_IRQHandler
                0x08001074                USART2_IRQHandler
                0x08001076                USART3_IRQHandler
                0x08001078                EXTI15_10_IRQHandler
                0x0800107a                RTC_Alarm_IRQHandler
                0x0800107c                USBWakeUp_IRQHandler
                0x0800107e                TIM8_BRK_IRQHandler
                0x08001080                TIM8_UP_IRQHandler
                0x08001082                TIM8_TRG_COM_IRQHandler
                0x08001084                TIM8_CC_IRQHandler
                0x08001086                ADC3_IRQHandler
                0x08001088                SPI3_IRQHandler
                0x0800108a                UART4_IRQHandler
                0x0800108c                UART5_IRQHandler
                0x0800108e                TIM6_DAC_IRQHandler
                0x08001090                TIM7_IRQHandler
                0x08001092                DMA2_Channel1_IRQHandler
                0x08001094                DMA2_Channel2_IRQHandler
                0x08001096                DMA2_Channel3_IRQHandler
                0x08001098                DMA2_Channel4_IRQHandler
                0x0800109a                DMA2_Channel5_IRQHandler
                0x0800109c                ADC4_IRQHandler
                0x0800109e                COMP1_2_3_IRQHandler
                0x080010a0                COMP4_5_6_IRQHandler
                0x080010a2                COMP7_IRQHandler
                0x080010a4                USB_HP_IRQHandler
                0x080010a6                USB_LP_IRQHandler
                0x080010a8                USBWakeUp_RMP_IRQHandler
                0x080010aa                FPU_IRQHandler
 .text.serialcom
                0x080010b4       0x50 obj\debug\src\stepper.o
                0x080010b4                serialcom
 .text.SystemInit
                0x08001104       0x84 obj\debug\src\system_stm32f30x.o
                0x08001104                SystemInit
 .text.SetSysClock
                0x08001188       0x90 obj\debug\src\system_stm32f30x.o
 .text.timer16_clock_init
                0x08001218       0x80 obj\debug\src\timer.o
                0x08001218                timer16_clock_init
 .text.exit     0x08001298       0x28 d:/embitz/1.11/share/em_armgcc/bin/../lib/gcc/arm-none-eabi/5.4.1/../../../../arm-none-eabi/lib/armv7e-m\libg_n.a(lib_a-exit.o)
                0x08001298                exit
 .text.__libc_init_array
                0x080012c0       0x4c d:/embitz/1.11/share/em_armgcc/bin/../lib/gcc/arm-none-eabi/5.4.1/../../../../arm-none-eabi/lib/armv7e-m\libg_n.a(lib_a-init.o)
                0x080012c0                __libc_init_array
 .text.memcpy   0x0800130c       0x16 d:/embitz/1.11/share/em_armgcc/bin/../lib/gcc/arm-none-eabi/5.4.1/../../../../arm-none-eabi/lib/armv7e-m\libg_n.a(lib_a-memcpy-stub.o)
                0x0800130c                memcpy
 .text.memset   0x08001322       0x10 d:/embitz/1.11/share/em_armgcc/bin/../lib/gcc/arm-none-eabi/5.4.1/../../../../arm-none-eabi/lib/armv7e-m\libg_n.a(lib_a-memset.o)
                0x08001322                memset
 .text.__cvt    0x08001332       0xbe d:/embitz/1.11/share/em_armgcc/bin/../lib/gcc/arm-none-eabi/5.4.1/../../../../arm-none-eabi/lib/armv7e-m\libg_n.a(lib_a-nano-vfprintf_float.o)
                0x08001332                __cvt
 .text.__exponent
                0x080013f0       0x60 d:/embitz/1.11/share/em_armgcc/bin/../lib/gcc/arm-none-eabi/5.4.1/../../../../arm-none-eabi/lib/armv7e-m\libg_n.a(lib_a-nano-vfprintf_float.o)
                0x080013f0                __exponent
 .text._printf_float
                0x08001450      0x488 d:/embitz/1.11/share/em_armgcc/bin/../lib/gcc/arm-none-eabi/5.4.1/../../../../arm-none-eabi/lib/armv7e-m\libg_n.a(lib_a-nano-vfprintf_float.o)
                0x08001450                _printf_float
 .text._printf_common
                0x080018d8       0xec d:/embitz/1.11/share/em_armgcc/bin/../lib/gcc/arm-none-eabi/5.4.1/../../../../arm-none-eabi/lib/armv7e-m\libg_n.a(lib_a-nano-vfprintf_i.o)
                0x080018d8                _printf_common
 .text._puts_r  0x080019c4       0xb4 d:/embitz/1.11/share/em_armgcc/bin/../lib/gcc/arm-none-eabi/5.4.1/../../../../arm-none-eabi/lib/armv7e-m\libg_n.a(lib_a-puts.o)
                0x080019c4                _puts_r
 .text.puts     0x08001a78       0x10 d:/embitz/1.11/share/em_armgcc/bin/../lib/gcc/arm-none-eabi/5.4.1/../../../../arm-none-eabi/lib/armv7e-m\libg_n.a(lib_a-puts.o)
                0x08001a78                puts
 .text.setbuf   0x08001a88       0x10 d:/embitz/1.11/share/em_armgcc/bin/../lib/gcc/arm-none-eabi/5.4.1/../../../../arm-none-eabi/lib/armv7e-m\libg_n.a(lib_a-setbuf.o)
                0x08001a88                setbuf
 .text.setvbuf  0x08001a98      0x154 d:/embitz/1.11/share/em_armgcc/bin/../lib/gcc/arm-none-eabi/5.4.1/../../../../arm-none-eabi/lib/armv7e-m\libg_n.a(lib_a-setvbuf.o)
                0x08001a98                setvbuf
 .text          0x08001bec       0x10 d:/embitz/1.11/share/em_armgcc/bin/../lib/gcc/arm-none-eabi/5.4.1/../../../../arm-none-eabi/lib/armv7e-m\libg_n.a(lib_a-strlen.o)
                0x08001bec                strlen
 .text.__swbuf_r
                0x08001bfc       0xa8 d:/embitz/1.11/share/em_armgcc/bin/../lib/gcc/arm-none-eabi/5.4.1/../../../../arm-none-eabi/lib/armv7e-m\libg_n.a(lib_a-wbuf.o)
                0x08001bfc                __swbuf_r
 .text.__swsetup_r
                0x08001ca4       0xdc d:/embitz/1.11/share/em_armgcc/bin/../lib/gcc/arm-none-eabi/5.4.1/../../../../arm-none-eabi/lib/armv7e-m\libg_n.a(lib_a-wsetup.o)
                0x08001ca4                __swsetup_r
 .text.quorem   0x08001d80      0x11e d:/embitz/1.11/share/em_armgcc/bin/../lib/gcc/arm-none-eabi/5.4.1/../../../../arm-none-eabi/lib/armv7e-m\libg_n.a(lib_a-dtoa.o)
 *fill*         0x08001e9e        0x2 
 .text._dtoa_r  0x08001ea0      0xb38 d:/embitz/1.11/share/em_armgcc/bin/../lib/gcc/arm-none-eabi/5.4.1/../../../../arm-none-eabi/lib/armv7e-m\libg_n.a(lib_a-dtoa.o)
                0x08001ea0                _dtoa_r
 .text.__sflush_r
                0x080029d8      0x110 d:/embitz/1.11/share/em_armgcc/bin/../lib/gcc/arm-none-eabi/5.4.1/../../../../arm-none-eabi/lib/armv7e-m\libg_n.a(lib_a-fflush.o)
                0x080029d8                __sflush_r
 .text._fflush_r
                0x08002ae8       0x54 d:/embitz/1.11/share/em_armgcc/bin/../lib/gcc/arm-none-eabi/5.4.1/../../../../arm-none-eabi/lib/armv7e-m\libg_n.a(lib_a-fflush.o)
                0x08002ae8                _fflush_r
 .text._cleanup_r
                0x08002b3c        0xc d:/embitz/1.11/share/em_armgcc/bin/../lib/gcc/arm-none-eabi/5.4.1/../../../../arm-none-eabi/lib/armv7e-m\libg_n.a(lib_a-findfp.o)
                0x08002b3c                _cleanup_r
 .text.std.isra.0
                0x08002b48       0x48 d:/embitz/1.11/share/em_armgcc/bin/../lib/gcc/arm-none-eabi/5.4.1/../../../../arm-none-eabi/lib/armv7e-m\libg_n.a(lib_a-findfp.o)
 .text.__sfmoreglue
                0x08002b90       0x2c d:/embitz/1.11/share/em_armgcc/bin/../lib/gcc/arm-none-eabi/5.4.1/../../../../arm-none-eabi/lib/armv7e-m\libg_n.a(lib_a-findfp.o)
                0x08002b90                __sfmoreglue
 .text.__sinit  0x08002bbc       0x60 d:/embitz/1.11/share/em_armgcc/bin/../lib/gcc/arm-none-eabi/5.4.1/../../../../arm-none-eabi/lib/armv7e-m\libg_n.a(lib_a-findfp.o)
                0x08002bbc                __sinit
 .text.__sfp    0x08002c1c       0x78 d:/embitz/1.11/share/em_armgcc/bin/../lib/gcc/arm-none-eabi/5.4.1/../../../../arm-none-eabi/lib/armv7e-m\libg_n.a(lib_a-findfp.o)
                0x08002c1c                __sfp
 .text._fwalk_reent
                0x08002c94       0x3c d:/embitz/1.11/share/em_armgcc/bin/../lib/gcc/arm-none-eabi/5.4.1/../../../../arm-none-eabi/lib/armv7e-m\libg_n.a(lib_a-fwalk.o)
                0x08002c94                _fwalk_reent
 .text._localeconv_r
                0x08002cd0        0x8 d:/embitz/1.11/share/em_armgcc/bin/../lib/gcc/arm-none-eabi/5.4.1/../../../../arm-none-eabi/lib/armv7e-m\libg_n.a(lib_a-locale.o)
                0x08002cd0                _localeconv_r
 .text.__swhatbuf_r
                0x08002cd8       0x46 d:/embitz/1.11/share/em_armgcc/bin/../lib/gcc/arm-none-eabi/5.4.1/../../../../arm-none-eabi/lib/armv7e-m\libg_n.a(lib_a-makebuf.o)
                0x08002cd8                __swhatbuf_r
 *fill*         0x08002d1e        0x2 
 .text.__smakebuf_r
                0x08002d20       0x78 d:/embitz/1.11/share/em_armgcc/bin/../lib/gcc/arm-none-eabi/5.4.1/../../../../arm-none-eabi/lib/armv7e-m\libg_n.a(lib_a-makebuf.o)
                0x08002d20                __smakebuf_r
 .text.malloc   0x08002d98       0x10 d:/embitz/1.11/share/em_armgcc/bin/../lib/gcc/arm-none-eabi/5.4.1/../../../../arm-none-eabi/lib/armv7e-m\libg_n.a(lib_a-malloc.o)
                0x08002d98                malloc
 .text._Balloc  0x08002da8       0x6a d:/embitz/1.11/share/em_armgcc/bin/../lib/gcc/arm-none-eabi/5.4.1/../../../../arm-none-eabi/lib/armv7e-m\libg_n.a(lib_a-mprec.o)
                0x08002da8                _Balloc
 .text._Bfree   0x08002e12       0x2e d:/embitz/1.11/share/em_armgcc/bin/../lib/gcc/arm-none-eabi/5.4.1/../../../../arm-none-eabi/lib/armv7e-m\libg_n.a(lib_a-mprec.o)
                0x08002e12                _Bfree
 .text.__multadd
                0x08002e40       0x76 d:/embitz/1.11/share/em_armgcc/bin/../lib/gcc/arm-none-eabi/5.4.1/../../../../arm-none-eabi/lib/armv7e-m\libg_n.a(lib_a-mprec.o)
                0x08002e40                __multadd
 .text.__hi0bits
                0x08002eb6       0x40 d:/embitz/1.11/share/em_armgcc/bin/../lib/gcc/arm-none-eabi/5.4.1/../../../../arm-none-eabi/lib/armv7e-m\libg_n.a(lib_a-mprec.o)
                0x08002eb6                __hi0bits
 .text.__lo0bits
                0x08002ef6       0x5a d:/embitz/1.11/share/em_armgcc/bin/../lib/gcc/arm-none-eabi/5.4.1/../../../../arm-none-eabi/lib/armv7e-m\libg_n.a(lib_a-mprec.o)
                0x08002ef6                __lo0bits
 .text.__i2b    0x08002f50       0x12 d:/embitz/1.11/share/em_armgcc/bin/../lib/gcc/arm-none-eabi/5.4.1/../../../../arm-none-eabi/lib/armv7e-m\libg_n.a(lib_a-mprec.o)
                0x08002f50                __i2b
 .text.__multiply
                0x08002f62      0x122 d:/embitz/1.11/share/em_armgcc/bin/../lib/gcc/arm-none-eabi/5.4.1/../../../../arm-none-eabi/lib/armv7e-m\libg_n.a(lib_a-mprec.o)
                0x08002f62                __multiply
 .text.__pow5mult
                0x08003084       0x9c d:/embitz/1.11/share/em_armgcc/bin/../lib/gcc/arm-none-eabi/5.4.1/../../../../arm-none-eabi/lib/armv7e-m\libg_n.a(lib_a-mprec.o)
                0x08003084                __pow5mult
 .text.__lshift
                0x08003120       0xa2 d:/embitz/1.11/share/em_armgcc/bin/../lib/gcc/arm-none-eabi/5.4.1/../../../../arm-none-eabi/lib/armv7e-m\libg_n.a(lib_a-mprec.o)
                0x08003120                __lshift
 .text.__mcmp   0x080031c2       0x38 d:/embitz/1.11/share/em_armgcc/bin/../lib/gcc/arm-none-eabi/5.4.1/../../../../arm-none-eabi/lib/armv7e-m\libg_n.a(lib_a-mprec.o)
                0x080031c2                __mcmp
 .text.__mdiff  0x080031fa       0xbe d:/embitz/1.11/share/em_armgcc/bin/../lib/gcc/arm-none-eabi/5.4.1/../../../../arm-none-eabi/lib/armv7e-m\libg_n.a(lib_a-mprec.o)
                0x080031fa                __mdiff
 .text.__d2b    0x080032b8       0x9c d:/embitz/1.11/share/em_armgcc/bin/../lib/gcc/arm-none-eabi/5.4.1/../../../../arm-none-eabi/lib/armv7e-m\libg_n.a(lib_a-mprec.o)
                0x080032b8                __d2b
 .text._calloc_r
                0x08003354       0x1c d:/embitz/1.11/share/em_armgcc/bin/../lib/gcc/arm-none-eabi/5.4.1/../../../../arm-none-eabi/lib/armv7e-m\libg_n.a(lib_a-nano-callocr.o)
                0x08003354                _calloc_r
 .text._free_r  0x08003370       0x9c d:/embitz/1.11/share/em_armgcc/bin/../lib/gcc/arm-none-eabi/5.4.1/../../../../arm-none-eabi/lib/armv7e-m\libg_n.a(lib_a-nano-freer.o)
                0x08003370                _free_r
 .text._malloc_r
                0x0800340c       0xbc d:/embitz/1.11/share/em_armgcc/bin/../lib/gcc/arm-none-eabi/5.4.1/../../../../arm-none-eabi/lib/armv7e-m\libg_n.a(lib_a-nano-mallocr.o)
                0x0800340c                _malloc_r
 .text._sbrk_r  0x080034c8       0x20 d:/embitz/1.11/share/em_armgcc/bin/../lib/gcc/arm-none-eabi/5.4.1/../../../../arm-none-eabi/lib/armv7e-m\libg_n.a(lib_a-sbrkr.o)
                0x080034c8                _sbrk_r
 .text.__sread  0x080034e8       0x22 d:/embitz/1.11/share/em_armgcc/bin/../lib/gcc/arm-none-eabi/5.4.1/../../../../arm-none-eabi/lib/armv7e-m\libg_n.a(lib_a-stdio.o)
                0x080034e8                __sread
 .text.__swrite
                0x0800350a       0x38 d:/embitz/1.11/share/em_armgcc/bin/../lib/gcc/arm-none-eabi/5.4.1/../../../../arm-none-eabi/lib/armv7e-m\libg_n.a(lib_a-stdio.o)
                0x0800350a                __swrite
 .text.__sseek  0x08003542       0x24 d:/embitz/1.11/share/em_armgcc/bin/../lib/gcc/arm-none-eabi/5.4.1/../../../../arm-none-eabi/lib/armv7e-m\libg_n.a(lib_a-stdio.o)
                0x08003542                __sseek
 .text.__sclose
                0x08003566        0x8 d:/embitz/1.11/share/em_armgcc/bin/../lib/gcc/arm-none-eabi/5.4.1/../../../../arm-none-eabi/lib/armv7e-m\libg_n.a(lib_a-stdio.o)
                0x08003566                __sclose
 *fill*         0x0800356e        0x2 
 .text._close_r
                0x08003570       0x20 d:/embitz/1.11/share/em_armgcc/bin/../lib/gcc/arm-none-eabi/5.4.1/../../../../arm-none-eabi/lib/armv7e-m\libg_n.a(lib_a-closer.o)
                0x08003570                _close_r
 .text._fstat_r
                0x08003590       0x24 d:/embitz/1.11/share/em_armgcc/bin/../lib/gcc/arm-none-eabi/5.4.1/../../../../arm-none-eabi/lib/armv7e-m\libg_n.a(lib_a-fstatr.o)
                0x08003590                _fstat_r
 .text._isatty_r
                0x080035b4       0x20 d:/embitz/1.11/share/em_armgcc/bin/../lib/gcc/arm-none-eabi/5.4.1/../../../../arm-none-eabi/lib/armv7e-m\libg_n.a(lib_a-isattyr.o)
                0x080035b4                _isatty_r
 .text._lseek_r
                0x080035d4       0x24 d:/embitz/1.11/share/em_armgcc/bin/../lib/gcc/arm-none-eabi/5.4.1/../../../../arm-none-eabi/lib/armv7e-m\libg_n.a(lib_a-lseekr.o)
                0x080035d4                _lseek_r
 .text.__malloc_lock
                0x080035f8        0x2 d:/embitz/1.11/share/em_armgcc/bin/../lib/gcc/arm-none-eabi/5.4.1/../../../../arm-none-eabi/lib/armv7e-m\libg_n.a(lib_a-mlock.o)
                0x080035f8                __malloc_lock
 .text.__malloc_unlock
                0x080035fa        0x2 d:/embitz/1.11/share/em_armgcc/bin/../lib/gcc/arm-none-eabi/5.4.1/../../../../arm-none-eabi/lib/armv7e-m\libg_n.a(lib_a-mlock.o)
                0x080035fa                __malloc_unlock
 .text._read_r  0x080035fc       0x24 d:/embitz/1.11/share/em_armgcc/bin/../lib/gcc/arm-none-eabi/5.4.1/../../../../arm-none-eabi/lib/armv7e-m\libg_n.a(lib_a-readr.o)
                0x080035fc                _read_r
 .text          0x08003620      0x370 d:/embitz/1.11/share/em_armgcc/bin/../lib/gcc/arm-none-eabi/5.4.1/armv7e-m\libgcc.a(_arm_addsubdf3.o)
                0x08003620                __aeabi_drsub
                0x08003628                __aeabi_dsub
                0x08003628                __subdf3
                0x0800362c                __aeabi_dadd
                0x0800362c                __adddf3
                0x080038a4                __floatunsidf
                0x080038a4                __aeabi_ui2d
                0x080038c4                __floatsidf
                0x080038c4                __aeabi_i2d
                0x080038e8                __aeabi_f2d
                0x080038e8                __extendsfdf2
                0x08003924                __floatundidf
                0x08003924                __aeabi_ul2d
                0x08003934                __floatdidf
                0x08003934                __aeabi_l2d
 .text          0x08003990      0x424 d:/embitz/1.11/share/em_armgcc/bin/../lib/gcc/arm-none-eabi/5.4.1/armv7e-m\libgcc.a(_arm_muldivdf3.o)
                0x08003990                __aeabi_dmul
                0x08003990                __muldf3
                0x08003be4                __divdf3
                0x08003be4                __aeabi_ddiv
 .text          0x08003db4      0x110 d:/embitz/1.11/share/em_armgcc/bin/../lib/gcc/arm-none-eabi/5.4.1/armv7e-m\libgcc.a(_arm_cmpdf2.o)
                0x08003db4                __gtdf2
                0x08003db4                __gedf2
                0x08003dbc                __ltdf2
                0x08003dbc                __ledf2
                0x08003dc4                __nedf2
                0x08003dc4                __eqdf2
                0x08003dc4                __cmpdf2
                0x08003e40                __aeabi_cdrcmple
                0x08003e50                __aeabi_cdcmpeq
                0x08003e50                __aeabi_cdcmple
                0x08003e60                __aeabi_dcmpeq
                0x08003e74                __aeabi_dcmplt
                0x08003e88                __aeabi_dcmple
                0x08003e9c                __aeabi_dcmpge
                0x08003eb0                __aeabi_dcmpgt
 .text          0x08003ec4       0x2c d:/embitz/1.11/share/em_armgcc/bin/../lib/gcc/arm-none-eabi/5.4.1/armv7e-m\libgcc.a(_arm_unorddf2.o)
                0x08003ec4                __unorddf2
                0x08003ec4                __aeabi_dcmpun
 .text          0x08003ef0       0x50 d:/embitz/1.11/share/em_armgcc/bin/../lib/gcc/arm-none-eabi/5.4.1/armv7e-m\libgcc.a(_arm_fixdfsi.o)
                0x08003ef0                __aeabi_d2iz
                0x08003ef0                __fixdfsi
 .text._close   0x08003f40       0x10 d:/embitz/1.11/share/em_armgcc/bin/../lib/gcc/arm-none-eabi/5.4.1/../../../../arm-none-eabi/lib/armv7e-m\libnosys_s.a(close.o)
                0x08003f40                _close
 .text._fstat   0x08003f50       0x10 d:/embitz/1.11/share/em_armgcc/bin/../lib/gcc/arm-none-eabi/5.4.1/../../../../arm-none-eabi/lib/armv7e-m\libnosys_s.a(fstat.o)
                0x08003f50                _fstat
 .text._isatty  0x08003f60       0x10 d:/embitz/1.11/share/em_armgcc/bin/../lib/gcc/arm-none-eabi/5.4.1/../../../../arm-none-eabi/lib/armv7e-m\libnosys_s.a(isatty.o)
                0x08003f60                _isatty
 .text._lseek   0x08003f70       0x10 d:/embitz/1.11/share/em_armgcc/bin/../lib/gcc/arm-none-eabi/5.4.1/../../../../arm-none-eabi/lib/armv7e-m\libnosys_s.a(lseek.o)
                0x08003f70                _lseek
 .text._read    0x08003f80       0x10 d:/embitz/1.11/share/em_armgcc/bin/../lib/gcc/arm-none-eabi/5.4.1/../../../../arm-none-eabi/lib/armv7e-m\libnosys_s.a(read.o)
                0x08003f80                _read
 .text._sbrk    0x08003f90       0x1c d:/embitz/1.11/share/em_armgcc/bin/../lib/gcc/arm-none-eabi/5.4.1/../../../../arm-none-eabi/lib/armv7e-m\libnosys_s.a(sbrk.o)
                0x08003f90                _sbrk
 .text._exit    0x08003fac        0x2 d:/embitz/1.11/share/em_armgcc/bin/../lib/gcc/arm-none-eabi/5.4.1/../../../../arm-none-eabi/lib/armv7e-m\libnosys_s.a(_exit.o)
                0x08003fac                _exit
 *(.init)
 *fill*         0x08003fae        0x2 
 .init          0x08003fb0        0x4 d:/embitz/1.11/share/em_armgcc/bin/../lib/gcc/arm-none-eabi/5.4.1/armv7e-m/crti.o
                0x08003fb0                _init
 .init          0x08003fb4        0x8 d:/embitz/1.11/share/em_armgcc/bin/../lib/gcc/arm-none-eabi/5.4.1/armv7e-m/crtn.o
 *(.fini)
 .fini          0x08003fbc        0x4 d:/embitz/1.11/share/em_armgcc/bin/../lib/gcc/arm-none-eabi/5.4.1/armv7e-m/crti.o
                0x08003fbc                _fini
 .fini          0x08003fc0        0x8 d:/embitz/1.11/share/em_armgcc/bin/../lib/gcc/arm-none-eabi/5.4.1/armv7e-m/crtn.o
 *crtbegin.o(.ctors)
 *crtbegin?.o(.ctors)
 *(EXCLUDE_FILE(*crtend.o *crtend?.o) .ctors)
 *(SORT(.ctors.*))
 *(.ctors)
 *crtbegin.o(.dtors)
 *crtbegin?.o(.dtors)
 *(EXCLUDE_FILE(*crtend.o *crtend?.o) .dtors)
 *(SORT(.dtors.*))
 *(.dtors)
 *(.rodata*)
 .rodata        0x08003fc8       0x36 obj\debug\src\main.o
 .rodata.str1.1
                0x08003ffe        0x2 d:/embitz/1.11/share/em_armgcc/bin/../lib/gcc/arm-none-eabi/5.4.1/../../../../arm-none-eabi/lib/armv7e-m\libg_n.a(lib_a-impure.o)
 .rodata._global_impure_ptr
                0x08004000        0x4 d:/embitz/1.11/share/em_armgcc/bin/../lib/gcc/arm-none-eabi/5.4.1/../../../../arm-none-eabi/lib/armv7e-m\libg_n.a(lib_a-impure.o)
                0x08004000                _global_impure_ptr
 .rodata.str1.1
                0x08004004       0x12 d:/embitz/1.11/share/em_armgcc/bin/../lib/gcc/arm-none-eabi/5.4.1/../../../../arm-none-eabi/lib/armv7e-m\libg_n.a(lib_a-nano-vfprintf_float.o)
 .rodata.str1.1
                0x08004016        0xd d:/embitz/1.11/share/em_armgcc/bin/../lib/gcc/arm-none-eabi/5.4.1/../../../../arm-none-eabi/lib/armv7e-m\libg_n.a(lib_a-dtoa.o)
                                  0xf (size before relaxing)
 *fill*         0x08004023        0x1 
 .rodata.__sf_fake_stdin
                0x08004024       0x20 d:/embitz/1.11/share/em_armgcc/bin/../lib/gcc/arm-none-eabi/5.4.1/../../../../arm-none-eabi/lib/armv7e-m\libg_n.a(lib_a-findfp.o)
                0x08004024                __sf_fake_stdin
 .rodata.__sf_fake_stdout
                0x08004044       0x20 d:/embitz/1.11/share/em_armgcc/bin/../lib/gcc/arm-none-eabi/5.4.1/../../../../arm-none-eabi/lib/armv7e-m\libg_n.a(lib_a-findfp.o)
                0x08004044                __sf_fake_stdout
 .rodata.__sf_fake_stderr
                0x08004064       0x20 d:/embitz/1.11/share/em_armgcc/bin/../lib/gcc/arm-none-eabi/5.4.1/../../../../arm-none-eabi/lib/armv7e-m\libg_n.a(lib_a-findfp.o)
                0x08004064                __sf_fake_stderr
 .rodata.str1.1
                0x08004084        0x8 d:/embitz/1.11/share/em_armgcc/bin/../lib/gcc/arm-none-eabi/5.4.1/../../../../arm-none-eabi/lib/armv7e-m\libg_n.a(lib_a-locale.o)
                                  0xb (size before relaxing)
 *fill*         0x0800408c        0x4 
 .rodata.__mprec_tens
                0x08004090       0xc8 d:/embitz/1.11/share/em_armgcc/bin/../lib/gcc/arm-none-eabi/5.4.1/../../../../arm-none-eabi/lib/armv7e-m\libg_n.a(lib_a-mprec.o)
                0x08004090                __mprec_tens
 .rodata.p05.5408
                0x08004158        0xc d:/embitz/1.11/share/em_armgcc/bin/../lib/gcc/arm-none-eabi/5.4.1/../../../../arm-none-eabi/lib/armv7e-m\libg_n.a(lib_a-mprec.o)
 *fill*         0x08004164        0x4 
 .rodata.__mprec_bigtens
                0x08004168       0x28 d:/embitz/1.11/share/em_armgcc/bin/../lib/gcc/arm-none-eabi/5.4.1/../../../../arm-none-eabi/lib/armv7e-m\libg_n.a(lib_a-mprec.o)
                0x08004168                __mprec_bigtens
 *(.eh_frame*)
 .eh_frame      0x08004190        0x0 d:/embitz/1.11/share/em_armgcc/bin/../lib/gcc/arm-none-eabi/5.4.1/armv7e-m/crtbegin.o
 .eh_frame      0x08004190        0x4 d:/embitz/1.11/share/em_armgcc/bin/../lib/gcc/arm-none-eabi/5.4.1/armv7e-m/crtend.o

.glue_7         0x08004194        0x0
 .glue_7        0x08004194        0x0 linker stubs

.glue_7t        0x08004194        0x0
 .glue_7t       0x08004194        0x0 linker stubs

.vfp11_veneer   0x08004194        0x0
 .vfp11_veneer  0x08004194        0x0 linker stubs

.v4_bx          0x08004194        0x0
 .v4_bx         0x08004194        0x0 linker stubs

.iplt           0x08004194        0x0
 .iplt          0x08004194        0x0 d:/embitz/1.11/share/em_armgcc/bin/../lib/gcc/arm-none-eabi/5.4.1/armv7e-m/crtbegin.o

.ARM.extab
 *(.ARM.extab* .gnu.linkonce.armextab.*)
                0x08004194                __exidx_start = .

.ARM.exidx      0x08004194        0x8
 *(.ARM.exidx* .gnu.linkonce.armexidx.*)
 .ARM.exidx     0x08004194        0x8 d:/embitz/1.11/share/em_armgcc/bin/../lib/gcc/arm-none-eabi/5.4.1/../../../../arm-none-eabi/lib/armv7e-m/crt0.o
                0x0800419c                __exidx_end = .
                0x0800419c                __etext = .

.rel.dyn        0x0800419c        0x0
 .rel.iplt      0x0800419c        0x0 d:/embitz/1.11/share/em_armgcc/bin/../lib/gcc/arm-none-eabi/5.4.1/armv7e-m/crtbegin.o

.data           0x20000000       0xd0 load address 0x0800419c
                0x20000000                __data_start__ = .
 *(vtable)
 *(.data*)
 .data.APBAHBPrescTable
                0x20000000       0x10 obj\debug\spl\src\stm32f30x_rcc.o
 .data.ADCPrescTable
                0x20000010       0x1a obj\debug\spl\src\stm32f30x_rcc.o
 *fill*         0x2000002a        0x2 
 .data.impure_data
                0x2000002c       0x60 d:/embitz/1.11/share/em_armgcc/bin/../lib/gcc/arm-none-eabi/5.4.1/../../../../arm-none-eabi/lib/armv7e-m\libg_n.a(lib_a-impure.o)
 .data._impure_ptr
                0x2000008c        0x4 d:/embitz/1.11/share/em_armgcc/bin/../lib/gcc/arm-none-eabi/5.4.1/../../../../arm-none-eabi/lib/armv7e-m\libg_n.a(lib_a-impure.o)
                0x2000008c                _impure_ptr
 .data.lconv    0x20000090       0x38 d:/embitz/1.11/share/em_armgcc/bin/../lib/gcc/arm-none-eabi/5.4.1/../../../../arm-none-eabi/lib/armv7e-m\libg_n.a(lib_a-locale.o)
                0x200000c8                . = ALIGN (0x4)
                0x200000c8                PROVIDE (__preinit_array_start, .)
 *(.preinit_array)
                0x200000c8                PROVIDE (__preinit_array_end, .)
                0x200000c8                . = ALIGN (0x4)
                0x200000c8                PROVIDE (__init_array_start, .)
 *(SORT(.init_array.*))
 *(.init_array)
 .init_array    0x200000c8        0x4 d:/embitz/1.11/share/em_armgcc/bin/../lib/gcc/arm-none-eabi/5.4.1/armv7e-m/crtbegin.o
                0x200000cc                PROVIDE (__init_array_end, .)
                0x200000cc                . = ALIGN (0x4)
                [!provide]                PROVIDE (__fini_array_start, .)
 *(SORT(.fini_array.*))
 *(.fini_array)
 .fini_array    0x200000cc        0x4 d:/embitz/1.11/share/em_armgcc/bin/../lib/gcc/arm-none-eabi/5.4.1/armv7e-m/crtbegin.o
                [!provide]                PROVIDE (__fini_array_end, .)
                0x200000d0                . = ALIGN (0x4)
                0x200000d0                __data_end__ = .

.jcr            0x200000d0        0x0 load address 0x0800426c
 .jcr           0x200000d0        0x0 d:/embitz/1.11/share/em_armgcc/bin/../lib/gcc/arm-none-eabi/5.4.1/armv7e-m/crtbegin.o

.igot.plt       0x200000d0        0x0 load address 0x0800426c
 .igot.plt      0x200000d0        0x0 d:/embitz/1.11/share/em_armgcc/bin/../lib/gcc/arm-none-eabi/5.4.1/armv7e-m/crtbegin.o

.bss            0x200000d0       0x2c load address 0x0800426c
                0x200000d0                __bss_start__ = .
 *(.bss*)
 .bss           0x200000d0       0x1c d:/embitz/1.11/share/em_armgcc/bin/../lib/gcc/arm-none-eabi/5.4.1/armv7e-m/crtbegin.o
 .bss.__malloc_sbrk_start
                0x200000ec        0x4 d:/embitz/1.11/share/em_armgcc/bin/../lib/gcc/arm-none-eabi/5.4.1/../../../../arm-none-eabi/lib/armv7e-m\libg_n.a(lib_a-nano-mallocr.o)
                0x200000ec                __malloc_sbrk_start
 .bss.__malloc_free_list
                0x200000f0        0x4 d:/embitz/1.11/share/em_armgcc/bin/../lib/gcc/arm-none-eabi/5.4.1/../../../../arm-none-eabi/lib/armv7e-m\libg_n.a(lib_a-nano-mallocr.o)
                0x200000f0                __malloc_free_list
 .bss.heap_end.4167
                0x200000f4        0x4 d:/embitz/1.11/share/em_armgcc/bin/../lib/gcc/arm-none-eabi/5.4.1/../../../../arm-none-eabi/lib/armv7e-m\libnosys_s.a(sbrk.o)
 *(COMMON)
 COMMON         0x200000f8        0x4 d:/embitz/1.11/share/em_armgcc/bin/../lib/gcc/arm-none-eabi/5.4.1/../../../../arm-none-eabi/lib/armv7e-m\libg_n.a(lib_a-reent.o)
                0x200000f8                errno
                0x200000fc                __bss_end__ = .

.heap           0x20000100        0x0
                0x20000100                __end__ = .
                0x20000100                end = __end__
 *(.heap*)
 .heap          0x20000100        0x0 obj\debug\src\startup_stm32f30x.o
                0x20000100                __HeapLimit = .

.stack_dummy    0x20000100      0x100
 *(.stack)
 .stack         0x20000100      0x100 obj\debug\src\startup_stm32f30x.o
                0x20004000                __StackTop = (ORIGIN (RAM) + LENGTH (RAM))
                0x20003f00                __StackLimit = (__StackTop - SIZEOF (.stack_dummy))
                0x20004000                PROVIDE (__stack, __StackTop)
                0x00000001                ASSERT ((__StackLimit >= __HeapLimit), region RAM overflowed with stack)
LOAD obj\debug\spl\src\stm32f30x_adc.o
LOAD obj\debug\spl\src\stm32f30x_can.o
LOAD obj\debug\spl\src\stm32f30x_comp.o
LOAD obj\debug\spl\src\stm32f30x_crc.o
LOAD obj\debug\spl\src\stm32f30x_dac.o
LOAD obj\debug\spl\src\stm32f30x_dbgmcu.o
LOAD obj\debug\spl\src\stm32f30x_dma.o
LOAD obj\debug\spl\src\stm32f30x_exti.o
LOAD obj\debug\spl\src\stm32f30x_flash.o
LOAD obj\debug\spl\src\stm32f30x_gpio.o
LOAD obj\debug\spl\src\stm32f30x_i2c.o
LOAD obj\debug\spl\src\stm32f30x_iwdg.o
LOAD obj\debug\spl\src\stm32f30x_misc.o
LOAD obj\debug\spl\src\stm32f30x_opamp.o
LOAD obj\debug\spl\src\stm32f30x_pwr.o
LOAD obj\debug\spl\src\stm32f30x_rcc.o
LOAD obj\debug\spl\src\stm32f30x_rtc.o
LOAD obj\debug\spl\src\stm32f30x_spi.o
LOAD obj\debug\spl\src\stm32f30x_syscfg.o
LOAD obj\debug\spl\src\stm32f30x_tim.o
LOAD obj\debug\spl\src\stm32f30x_usart.o
LOAD obj\debug\spl\src\stm32f30x_wwdg.o
LOAD obj\debug\src\30021_io.o
LOAD obj\debug\src\adc.o
LOAD obj\debug\src\flash.o
LOAD obj\debug\src\gpio.o
LOAD obj\debug\src\lcd.o
LOAD obj\debug\src\main.o
LOAD obj\debug\src\pwm.o
LOAD obj\debug\src\startup_stm32f30x.o
LOAD obj\debug\src\stepper.o
LOAD obj\debug\src\system_stm32f30x.o
LOAD obj\debug\src\timer.o
START GROUP
LOAD d:/embitz/1.11/share/em_armgcc/bin/../lib/gcc/arm-none-eabi/5.4.1/armv7e-m\libgcc.a
LOAD d:/embitz/1.11/share/em_armgcc/bin/../lib/gcc/arm-none-eabi/5.4.1/../../../../arm-none-eabi/lib/armv7e-m\libg_n.a
LOAD d:/embitz/1.11/share/em_armgcc/bin/../lib/gcc/arm-none-eabi/5.4.1/../../../../arm-none-eabi/lib/armv7e-m\libc_n.a
END GROUP
START GROUP
LOAD d:/embitz/1.11/share/em_armgcc/bin/../lib/gcc/arm-none-eabi/5.4.1/armv7e-m\libgcc.a
LOAD d:/embitz/1.11/share/em_armgcc/bin/../lib/gcc/arm-none-eabi/5.4.1/../../../../arm-none-eabi/lib/armv7e-m\libc_n.a
LOAD d:/embitz/1.11/share/em_armgcc/bin/../lib/gcc/arm-none-eabi/5.4.1/../../../../arm-none-eabi/lib/armv7e-m\libnosys_s.a
END GROUP
LOAD d:/embitz/1.11/share/em_armgcc/bin/../lib/gcc/arm-none-eabi/5.4.1/armv7e-m/crtend.o
LOAD d:/embitz/1.11/share/em_armgcc/bin/../lib/gcc/arm-none-eabi/5.4.1/armv7e-m/crtn.o
OUTPUT(bin\Debug\EX1.elf elf32-littlearm)

.ARM.attributes
                0x00000000       0x2a
 .ARM.attributes
                0x00000000       0x1e d:/embitz/1.11/share/em_armgcc/bin/../lib/gcc/arm-none-eabi/5.4.1/armv7e-m/crti.o
 .ARM.attributes
                0x0000001e       0x2e d:/embitz/1.11/share/em_armgcc/bin/../lib/gcc/arm-none-eabi/5.4.1/armv7e-m/crtbegin.o
 .ARM.attributes
                0x0000004c       0x1c d:/embitz/1.11/share/em_armgcc/bin/../lib/gcc/arm-none-eabi/5.4.1/../../../../arm-none-eabi/lib/armv7e-m/crt0.o
 .ARM.attributes
                0x00000068       0x33 obj\debug\spl\src\stm32f30x_gpio.o
 .ARM.attributes
                0x0000009b       0x33 obj\debug\spl\src\stm32f30x_rcc.o
 .ARM.attributes
                0x000000ce       0x33 obj\debug\spl\src\stm32f30x_tim.o
 .ARM.attributes
                0x00000101       0x33 obj\debug\spl\src\stm32f30x_usart.o
 .ARM.attributes
                0x00000134       0x33 obj\debug\src\30021_io.o
 .ARM.attributes
                0x00000167       0x33 obj\debug\src\gpio.o
 .ARM.attributes
                0x0000019a       0x33 obj\debug\src\main.o
 .ARM.attributes
                0x000001cd       0x1b obj\debug\src\startup_stm32f30x.o
 .ARM.attributes
                0x000001e8       0x33 obj\debug\src\stepper.o
 .ARM.attributes
                0x0000021b       0x33 obj\debug\src\system_stm32f30x.o
 .ARM.attributes
                0x0000024e       0x33 obj\debug\src\timer.o
 .ARM.attributes
                0x00000281       0x2e d:/embitz/1.11/share/em_armgcc/bin/../lib/gcc/arm-none-eabi/5.4.1/../../../../arm-none-eabi/lib/armv7e-m\libg_n.a(lib_a-exit.o)
 .ARM.attributes
                0x000002af       0x2e d:/embitz/1.11/share/em_armgcc/bin/../lib/gcc/arm-none-eabi/5.4.1/../../../../arm-none-eabi/lib/armv7e-m\libg_n.a(lib_a-impure.o)
 .ARM.attributes
                0x000002dd       0x2e d:/embitz/1.11/share/em_armgcc/bin/../lib/gcc/arm-none-eabi/5.4.1/../../../../arm-none-eabi/lib/armv7e-m\libg_n.a(lib_a-init.o)
 .ARM.attributes
                0x0000030b       0x2e d:/embitz/1.11/share/em_armgcc/bin/../lib/gcc/arm-none-eabi/5.4.1/../../../../arm-none-eabi/lib/armv7e-m\libg_n.a(lib_a-memcpy-stub.o)
 .ARM.attributes
                0x00000339       0x2e d:/embitz/1.11/share/em_armgcc/bin/../lib/gcc/arm-none-eabi/5.4.1/../../../../arm-none-eabi/lib/armv7e-m\libg_n.a(lib_a-memset.o)
 .ARM.attributes
                0x00000367       0x2e d:/embitz/1.11/share/em_armgcc/bin/../lib/gcc/arm-none-eabi/5.4.1/../../../../arm-none-eabi/lib/armv7e-m\libg_n.a(lib_a-nano-vfprintf_float.o)
 .ARM.attributes
                0x00000395       0x2e d:/embitz/1.11/share/em_armgcc/bin/../lib/gcc/arm-none-eabi/5.4.1/../../../../arm-none-eabi/lib/armv7e-m\libg_n.a(lib_a-nano-vfprintf_i.o)
 .ARM.attributes
                0x000003c3       0x2e d:/embitz/1.11/share/em_armgcc/bin/../lib/gcc/arm-none-eabi/5.4.1/../../../../arm-none-eabi/lib/armv7e-m\libg_n.a(lib_a-puts.o)
 .ARM.attributes
                0x000003f1       0x2e d:/embitz/1.11/share/em_armgcc/bin/../lib/gcc/arm-none-eabi/5.4.1/../../../../arm-none-eabi/lib/armv7e-m\libg_n.a(lib_a-setbuf.o)
 .ARM.attributes
                0x0000041f       0x2e d:/embitz/1.11/share/em_armgcc/bin/../lib/gcc/arm-none-eabi/5.4.1/../../../../arm-none-eabi/lib/armv7e-m\libg_n.a(lib_a-setvbuf.o)
 .ARM.attributes
                0x0000044d       0x17 d:/embitz/1.11/share/em_armgcc/bin/../lib/gcc/arm-none-eabi/5.4.1/../../../../arm-none-eabi/lib/armv7e-m\libg_n.a(lib_a-strlen.o)
 .ARM.attributes
                0x00000464       0x2e d:/embitz/1.11/share/em_armgcc/bin/../lib/gcc/arm-none-eabi/5.4.1/../../../../arm-none-eabi/lib/armv7e-m\libg_n.a(lib_a-wbuf.o)
 .ARM.attributes
                0x00000492       0x2e d:/embitz/1.11/share/em_armgcc/bin/../lib/gcc/arm-none-eabi/5.4.1/../../../../arm-none-eabi/lib/armv7e-m\libg_n.a(lib_a-wsetup.o)
 .ARM.attributes
                0x000004c0       0x2e d:/embitz/1.11/share/em_armgcc/bin/../lib/gcc/arm-none-eabi/5.4.1/../../../../arm-none-eabi/lib/armv7e-m\libg_n.a(lib_a-dtoa.o)
 .ARM.attributes
                0x000004ee       0x2e d:/embitz/1.11/share/em_armgcc/bin/../lib/gcc/arm-none-eabi/5.4.1/../../../../arm-none-eabi/lib/armv7e-m\libg_n.a(lib_a-fflush.o)
 .ARM.attributes
                0x0000051c       0x2e d:/embitz/1.11/share/em_armgcc/bin/../lib/gcc/arm-none-eabi/5.4.1/../../../../arm-none-eabi/lib/armv7e-m\libg_n.a(lib_a-findfp.o)
 .ARM.attributes
                0x0000054a       0x2e d:/embitz/1.11/share/em_armgcc/bin/../lib/gcc/arm-none-eabi/5.4.1/../../../../arm-none-eabi/lib/armv7e-m\libg_n.a(lib_a-fwalk.o)
 .ARM.attributes
                0x00000578       0x2e d:/embitz/1.11/share/em_armgcc/bin/../lib/gcc/arm-none-eabi/5.4.1/../../../../arm-none-eabi/lib/armv7e-m\libg_n.a(lib_a-locale.o)
 .ARM.attributes
                0x000005a6       0x2e d:/embitz/1.11/share/em_armgcc/bin/../lib/gcc/arm-none-eabi/5.4.1/../../../../arm-none-eabi/lib/armv7e-m\libg_n.a(lib_a-makebuf.o)
 .ARM.attributes
                0x000005d4       0x2e d:/embitz/1.11/share/em_armgcc/bin/../lib/gcc/arm-none-eabi/5.4.1/../../../../arm-none-eabi/lib/armv7e-m\libg_n.a(lib_a-malloc.o)
 .ARM.attributes
                0x00000602       0x2e d:/embitz/1.11/share/em_armgcc/bin/../lib/gcc/arm-none-eabi/5.4.1/../../../../arm-none-eabi/lib/armv7e-m\libg_n.a(lib_a-mprec.o)
 .ARM.attributes
                0x00000630       0x2e d:/embitz/1.11/share/em_armgcc/bin/../lib/gcc/arm-none-eabi/5.4.1/../../../../arm-none-eabi/lib/armv7e-m\libg_n.a(lib_a-nano-callocr.o)
 .ARM.attributes
                0x0000065e       0x2e d:/embitz/1.11/share/em_armgcc/bin/../lib/gcc/arm-none-eabi/5.4.1/../../../../arm-none-eabi/lib/armv7e-m\libg_n.a(lib_a-nano-freer.o)
 .ARM.attributes
                0x0000068c       0x2e d:/embitz/1.11/share/em_armgcc/bin/../lib/gcc/arm-none-eabi/5.4.1/../../../../arm-none-eabi/lib/armv7e-m\libg_n.a(lib_a-nano-mallocr.o)
 .ARM.attributes
                0x000006ba       0x2e d:/embitz/1.11/share/em_armgcc/bin/../lib/gcc/arm-none-eabi/5.4.1/../../../../arm-none-eabi/lib/armv7e-m\libg_n.a(lib_a-sbrkr.o)
 .ARM.attributes
                0x000006e8       0x2e d:/embitz/1.11/share/em_armgcc/bin/../lib/gcc/arm-none-eabi/5.4.1/../../../../arm-none-eabi/lib/armv7e-m\libg_n.a(lib_a-stdio.o)
 .ARM.attributes
                0x00000716       0x2e d:/embitz/1.11/share/em_armgcc/bin/../lib/gcc/arm-none-eabi/5.4.1/../../../../arm-none-eabi/lib/armv7e-m\libg_n.a(lib_a-closer.o)
 .ARM.attributes
                0x00000744       0x2e d:/embitz/1.11/share/em_armgcc/bin/../lib/gcc/arm-none-eabi/5.4.1/../../../../arm-none-eabi/lib/armv7e-m\libg_n.a(lib_a-fstatr.o)
 .ARM.attributes
                0x00000772       0x2e d:/embitz/1.11/share/em_armgcc/bin/../lib/gcc/arm-none-eabi/5.4.1/../../../../arm-none-eabi/lib/armv7e-m\libg_n.a(lib_a-isattyr.o)
 .ARM.attributes
                0x000007a0       0x2e d:/embitz/1.11/share/em_armgcc/bin/../lib/gcc/arm-none-eabi/5.4.1/../../../../arm-none-eabi/lib/armv7e-m\libg_n.a(lib_a-lseekr.o)
 .ARM.attributes
                0x000007ce       0x2e d:/embitz/1.11/share/em_armgcc/bin/../lib/gcc/arm-none-eabi/5.4.1/../../../../arm-none-eabi/lib/armv7e-m\libg_n.a(lib_a-mlock.o)
 .ARM.attributes
                0x000007fc       0x2e d:/embitz/1.11/share/em_armgcc/bin/../lib/gcc/arm-none-eabi/5.4.1/../../../../arm-none-eabi/lib/armv7e-m\libg_n.a(lib_a-readr.o)
 .ARM.attributes
                0x0000082a       0x2e d:/embitz/1.11/share/em_armgcc/bin/../lib/gcc/arm-none-eabi/5.4.1/../../../../arm-none-eabi/lib/armv7e-m\libg_n.a(lib_a-reent.o)
 .ARM.attributes
                0x00000858       0x1e d:/embitz/1.11/share/em_armgcc/bin/../lib/gcc/arm-none-eabi/5.4.1/armv7e-m\libgcc.a(_arm_addsubdf3.o)
 .ARM.attributes
                0x00000876       0x1e d:/embitz/1.11/share/em_armgcc/bin/../lib/gcc/arm-none-eabi/5.4.1/armv7e-m\libgcc.a(_arm_muldivdf3.o)
 .ARM.attributes
                0x00000894       0x1e d:/embitz/1.11/share/em_armgcc/bin/../lib/gcc/arm-none-eabi/5.4.1/armv7e-m\libgcc.a(_arm_cmpdf2.o)
 .ARM.attributes
                0x000008b2       0x1e d:/embitz/1.11/share/em_armgcc/bin/../lib/gcc/arm-none-eabi/5.4.1/armv7e-m\libgcc.a(_arm_unorddf2.o)
 .ARM.attributes
                0x000008d0       0x1e d:/embitz/1.11/share/em_armgcc/bin/../lib/gcc/arm-none-eabi/5.4.1/armv7e-m\libgcc.a(_arm_fixdfsi.o)
 .ARM.attributes
                0x000008ee       0x2e d:/embitz/1.11/share/em_armgcc/bin/../lib/gcc/arm-none-eabi/5.4.1/../../../../arm-none-eabi/lib/armv7e-m\libnosys_s.a(close.o)
 .ARM.attributes
                0x0000091c       0x2e d:/embitz/1.11/share/em_armgcc/bin/../lib/gcc/arm-none-eabi/5.4.1/../../../../arm-none-eabi/lib/armv7e-m\libnosys_s.a(fstat.o)
 .ARM.attributes
                0x0000094a       0x2e d:/embitz/1.11/share/em_armgcc/bin/../lib/gcc/arm-none-eabi/5.4.1/../../../../arm-none-eabi/lib/armv7e-m\libnosys_s.a(isatty.o)
 .ARM.attributes
                0x00000978       0x2e d:/embitz/1.11/share/em_armgcc/bin/../lib/gcc/arm-none-eabi/5.4.1/../../../../arm-none-eabi/lib/armv7e-m\libnosys_s.a(lseek.o)
 .ARM.attributes
                0x000009a6       0x2e d:/embitz/1.11/share/em_armgcc/bin/../lib/gcc/arm-none-eabi/5.4.1/../../../../arm-none-eabi/lib/armv7e-m\libnosys_s.a(read.o)
 .ARM.attributes
                0x000009d4       0x2e d:/embitz/1.11/share/em_armgcc/bin/../lib/gcc/arm-none-eabi/5.4.1/../../../../arm-none-eabi/lib/armv7e-m\libnosys_s.a(sbrk.o)
 .ARM.attributes
                0x00000a02       0x2e d:/embitz/1.11/share/em_armgcc/bin/../lib/gcc/arm-none-eabi/5.4.1/../../../../arm-none-eabi/lib/armv7e-m\libnosys_s.a(_exit.o)
 .ARM.attributes
                0x00000a30       0x2e d:/embitz/1.11/share/em_armgcc/bin/../lib/gcc/arm-none-eabi/5.4.1/armv7e-m/crtend.o
 .ARM.attributes
                0x00000a5e       0x1e d:/embitz/1.11/share/em_armgcc/bin/../lib/gcc/arm-none-eabi/5.4.1/armv7e-m/crtn.o

.comment        0x00000000       0x6e
 .comment       0x00000000       0x6e obj\debug\spl\src\stm32f30x_gpio.o
                                 0x6f (size before relaxing)
 .comment       0x0000006e       0x6f obj\debug\spl\src\stm32f30x_rcc.o
 .comment       0x0000006e       0x6f obj\debug\spl\src\stm32f30x_tim.o
 .comment       0x0000006e       0x6f obj\debug\spl\src\stm32f30x_usart.o
 .comment       0x0000006e       0x6f obj\debug\src\30021_io.o
 .comment       0x0000006e       0x6f obj\debug\src\gpio.o
 .comment       0x0000006e       0x6f obj\debug\src\main.o
 .comment       0x0000006e       0x6f obj\debug\src\stepper.o
 .comment       0x0000006e       0x6f obj\debug\src\system_stm32f30x.o
 .comment       0x0000006e       0x6f obj\debug\src\timer.o

.debug_info     0x00000000     0x5cee
 .debug_info    0x00000000      0x61a obj\debug\spl\src\stm32f30x_gpio.o
 .debug_info    0x0000061a      0xad4 obj\debug\spl\src\stm32f30x_rcc.o
 .debug_info    0x000010ee     0x2194 obj\debug\spl\src\stm32f30x_tim.o
 .debug_info    0x00003282      0xecc obj\debug\spl\src\stm32f30x_usart.o
 .debug_info    0x0000414e      0xd55 obj\debug\src\30021_io.o
 .debug_info    0x00004ea3      0x2f5 obj\debug\src\gpio.o
 .debug_info    0x00005198      0x103 obj\debug\src\main.o
 .debug_info    0x0000529b       0xa7 obj\debug\src\startup_stm32f30x.o
 .debug_info    0x00005342      0x1a7 obj\debug\src\stepper.o
 .debug_info    0x000054e9      0x470 obj\debug\src\system_stm32f30x.o
 .debug_info    0x00005959      0x395 obj\debug\src\timer.o

.debug_abbrev   0x00000000      0xd18
 .debug_abbrev  0x00000000      0x19d obj\debug\spl\src\stm32f30x_gpio.o
 .debug_abbrev  0x0000019d      0x1ea obj\debug\spl\src\stm32f30x_rcc.o
 .debug_abbrev  0x00000387      0x18e obj\debug\spl\src\stm32f30x_tim.o
 .debug_abbrev  0x00000515      0x15c obj\debug\spl\src\stm32f30x_usart.o
 .debug_abbrev  0x00000671      0x23b obj\debug\src\30021_io.o
 .debug_abbrev  0x000008ac       0xf7 obj\debug\src\gpio.o
 .debug_abbrev  0x000009a3       0x9e obj\debug\src\main.o
 .debug_abbrev  0x00000a41       0x14 obj\debug\src\startup_stm32f30x.o
 .debug_abbrev  0x00000a55       0xc4 obj\debug\src\stepper.o
 .debug_abbrev  0x00000b19      0x11a obj\debug\src\system_stm32f30x.o
 .debug_abbrev  0x00000c33       0xe5 obj\debug\src\timer.o

.debug_aranges  0x00000000      0x830
 .debug_aranges
                0x00000000       0x80 obj\debug\spl\src\stm32f30x_gpio.o
 .debug_aranges
                0x00000080      0x150 obj\debug\spl\src\stm32f30x_rcc.o
 .debug_aranges
                0x000001d0      0x3a8 obj\debug\spl\src\stm32f30x_tim.o
 .debug_aranges
                0x00000578      0x1a0 obj\debug\spl\src\stm32f30x_usart.o
 .debug_aranges
                0x00000718       0x38 obj\debug\src\30021_io.o
 .debug_aranges
                0x00000750       0x20 obj\debug\src\gpio.o
 .debug_aranges
                0x00000770       0x28 obj\debug\src\main.o
 .debug_aranges
                0x00000798       0x20 obj\debug\src\startup_stm32f30x.o
 .debug_aranges
                0x000007b8       0x28 obj\debug\src\stepper.o
 .debug_aranges
                0x000007e0       0x30 obj\debug\src\system_stm32f30x.o
 .debug_aranges
                0x00000810       0x20 obj\debug\src\timer.o

.debug_ranges   0x00000000      0x770
 .debug_ranges  0x00000000       0x70 obj\debug\spl\src\stm32f30x_gpio.o
 .debug_ranges  0x00000070      0x140 obj\debug\spl\src\stm32f30x_rcc.o
 .debug_ranges  0x000001b0      0x398 obj\debug\spl\src\stm32f30x_tim.o
 .debug_ranges  0x00000548      0x190 obj\debug\spl\src\stm32f30x_usart.o
 .debug_ranges  0x000006d8       0x28 obj\debug\src\30021_io.o
 .debug_ranges  0x00000700       0x10 obj\debug\src\gpio.o
 .debug_ranges  0x00000710       0x18 obj\debug\src\main.o
 .debug_ranges  0x00000728       0x18 obj\debug\src\stepper.o
 .debug_ranges  0x00000740       0x20 obj\debug\src\system_stm32f30x.o
 .debug_ranges  0x00000760       0x10 obj\debug\src\timer.o

.debug_macro    0x00000000     0x3580
 .debug_macro   0x00000000      0x19b obj\debug\spl\src\stm32f30x_gpio.o
 .debug_macro   0x0000019b      0x1b0 obj\debug\spl\src\stm32f30x_gpio.o
 .debug_macro   0x0000034b      0x238 obj\debug\spl\src\stm32f30x_rcc.o
 .debug_macro   0x00000583      0x5c0 obj\debug\spl\src\stm32f30x_rcc.o
 .debug_macro   0x00000b43      0x1c5 obj\debug\spl\src\stm32f30x_tim.o
 .debug_macro   0x00000d08      0x8d2 obj\debug\spl\src\stm32f30x_tim.o
 .debug_macro   0x000015da      0x1b3 obj\debug\spl\src\stm32f30x_usart.o
 .debug_macro   0x0000178d      0x35e obj\debug\spl\src\stm32f30x_usart.o
 .debug_macro   0x00001aeb      0x2d8 obj\debug\src\30021_io.o
 .debug_macro   0x00001dc3       0x52 obj\debug\src\30021_io.o
 .debug_macro   0x00001e15       0x35 obj\debug\src\30021_io.o
 .debug_macro   0x00001e4a       0x9c obj\debug\src\30021_io.o
 .debug_macro   0x00001ee6       0x16 obj\debug\src\30021_io.o
 .debug_macro   0x00001efc       0x97 obj\debug\src\30021_io.o
 .debug_macro   0x00001f93      0x30d obj\debug\src\30021_io.o
 .debug_macro   0x000022a0       0xfd obj\debug\src\30021_io.o
 .debug_macro   0x0000239d       0x10 obj\debug\src\30021_io.o
 .debug_macro   0x000023ad       0x52 obj\debug\src\30021_io.o
 .debug_macro   0x000023ff       0x1f obj\debug\src\30021_io.o
 .debug_macro   0x0000241e       0x43 obj\debug\src\30021_io.o
 .debug_macro   0x00002461       0x20 obj\debug\src\30021_io.o
 .debug_macro   0x00002481      0x187 obj\debug\src\30021_io.o
 .debug_macro   0x00002608       0x10 obj\debug\src\30021_io.o
 .debug_macro   0x00002618       0x1c obj\debug\src\30021_io.o
 .debug_macro   0x00002634       0x52 obj\debug\src\30021_io.o
 .debug_macro   0x00002686       0x40 obj\debug\src\30021_io.o
 .debug_macro   0x000026c6       0x10 obj\debug\src\30021_io.o
 .debug_macro   0x000026d6       0x40 obj\debug\src\30021_io.o
 .debug_macro   0x00002716       0xd7 obj\debug\src\30021_io.o
 .debug_macro   0x000027ed       0x16 obj\debug\src\30021_io.o
 .debug_macro   0x00002803      0x189 obj\debug\src\30021_io.o
 .debug_macro   0x0000298c      0x2d8 obj\debug\src\gpio.o
 .debug_macro   0x00002c64      0x2fa obj\debug\src\main.o
 .debug_macro   0x00002f5e      0x19b obj\debug\src\stepper.o
 .debug_macro   0x000030f9      0x197 obj\debug\src\system_stm32f30x.o
 .debug_macro   0x00003290      0x2f0 obj\debug\src\timer.o

.debug_line     0x00000000     0x43af
 .debug_line    0x00000000      0x57f obj\debug\spl\src\stm32f30x_gpio.o
 .debug_line    0x0000057f      0x7e5 obj\debug\spl\src\stm32f30x_rcc.o
 .debug_line    0x00000d64      0xeef obj\debug\spl\src\stm32f30x_tim.o
 .debug_line    0x00001c53      0x86c obj\debug\spl\src\stm32f30x_usart.o
 .debug_line    0x000024bf      0x5cb obj\debug\src\30021_io.o
 .debug_line    0x00002a8a      0x4f8 obj\debug\src\gpio.o
 .debug_line    0x00002f82      0x538 obj\debug\src\main.o
 .debug_line    0x000034ba       0xbb obj\debug\src\startup_stm32f30x.o
 .debug_line    0x00003575      0x490 obj\debug\src\stepper.o
 .debug_line    0x00003a05      0x493 obj\debug\src\system_stm32f30x.o
 .debug_line    0x00003e98      0x517 obj\debug\src\timer.o

.debug_str      0x00000000    0x5862c
 .debug_str     0x00000000    0x5248d obj\debug\spl\src\stm32f30x_gpio.o
                              0x52648 (size before relaxing)
 .debug_str     0x0005248d      0xa76 obj\debug\spl\src\stm32f30x_rcc.o
                              0x52dfc (size before relaxing)
 .debug_str     0x00052f03      0xdfd obj\debug\spl\src\stm32f30x_tim.o
                              0x531ef (size before relaxing)
 .debug_str     0x00053d00      0x800 obj\debug\spl\src\stm32f30x_usart.o
                              0x52cd0 (size before relaxing)
 .debug_str     0x00054500     0x3ea0 obj\debug\src\30021_io.o
                              0x564a8 (size before relaxing)
 .debug_str     0x000583a0       0x98 obj\debug\src\gpio.o
                              0x56044 (size before relaxing)
 .debug_str     0x00058438       0x38 obj\debug\src\main.o
                              0x55e8c (size before relaxing)
 .debug_str     0x00058470       0x3b obj\debug\src\stepper.o
                              0x5236a (size before relaxing)
 .debug_str     0x000584ab       0xe0 obj\debug\src\system_stm32f30x.o
                              0x5248e (size before relaxing)
 .debug_str     0x0005858b       0xa1 obj\debug\src\timer.o
                              0x56062 (size before relaxing)

.debug_frame    0x00000000     0x2f64
 .debug_frame   0x00000000      0x214 obj\debug\spl\src\stm32f30x_gpio.o
 .debug_frame   0x00000214      0x60c obj\debug\spl\src\stm32f30x_rcc.o
 .debug_frame   0x00000820     0x11c4 obj\debug\spl\src\stm32f30x_tim.o
 .debug_frame   0x000019e4      0x7b0 obj\debug\spl\src\stm32f30x_usart.o
 .debug_frame   0x00002194       0xa4 obj\debug\src\30021_io.o
 .debug_frame   0x00002238       0x34 obj\debug\src\gpio.o
 .debug_frame   0x0000226c       0x4c obj\debug\src\main.o
 .debug_frame   0x000022b8       0x5c obj\debug\src\stepper.o
 .debug_frame   0x00002314       0x74 obj\debug\src\system_stm32f30x.o
 .debug_frame   0x00002388       0x34 obj\debug\src\timer.o
 .debug_frame   0x000023bc       0x28 d:/embitz/1.11/share/em_armgcc/bin/../lib/gcc/arm-none-eabi/5.4.1/../../../../arm-none-eabi/lib/armv7e-m\libg_n.a(lib_a-exit.o)
 .debug_frame   0x000023e4       0x2c d:/embitz/1.11/share/em_armgcc/bin/../lib/gcc/arm-none-eabi/5.4.1/../../../../arm-none-eabi/lib/armv7e-m\libg_n.a(lib_a-init.o)
 .debug_frame   0x00002410       0x28 d:/embitz/1.11/share/em_armgcc/bin/../lib/gcc/arm-none-eabi/5.4.1/../../../../arm-none-eabi/lib/armv7e-m\libg_n.a(lib_a-memcpy-stub.o)
 .debug_frame   0x00002438       0x20 d:/embitz/1.11/share/em_armgcc/bin/../lib/gcc/arm-none-eabi/5.4.1/../../../../arm-none-eabi/lib/armv7e-m\libg_n.a(lib_a-memset.o)
 .debug_frame   0x00002458       0x8c d:/embitz/1.11/share/em_armgcc/bin/../lib/gcc/arm-none-eabi/5.4.1/../../../../arm-none-eabi/lib/armv7e-m\libg_n.a(lib_a-nano-vfprintf_float.o)
 .debug_frame   0x000024e4       0x60 d:/embitz/1.11/share/em_armgcc/bin/../lib/gcc/arm-none-eabi/5.4.1/../../../../arm-none-eabi/lib/armv7e-m\libg_n.a(lib_a-nano-vfprintf_i.o)
 .debug_frame   0x00002544       0x3c d:/embitz/1.11/share/em_armgcc/bin/../lib/gcc/arm-none-eabi/5.4.1/../../../../arm-none-eabi/lib/armv7e-m\libg_n.a(lib_a-puts.o)
 .debug_frame   0x00002580       0x20 d:/embitz/1.11/share/em_armgcc/bin/../lib/gcc/arm-none-eabi/5.4.1/../../../../arm-none-eabi/lib/armv7e-m\libg_n.a(lib_a-setbuf.o)
 .debug_frame   0x000025a0       0x38 d:/embitz/1.11/share/em_armgcc/bin/../lib/gcc/arm-none-eabi/5.4.1/../../../../arm-none-eabi/lib/armv7e-m\libg_n.a(lib_a-setvbuf.o)
 .debug_frame   0x000025d8       0x40 d:/embitz/1.11/share/em_armgcc/bin/../lib/gcc/arm-none-eabi/5.4.1/../../../../arm-none-eabi/lib/armv7e-m\libg_n.a(lib_a-wbuf.o)
 .debug_frame   0x00002618       0x2c d:/embitz/1.11/share/em_armgcc/bin/../lib/gcc/arm-none-eabi/5.4.1/../../../../arm-none-eabi/lib/armv7e-m\libg_n.a(lib_a-wsetup.o)
 .debug_frame   0x00002644       0x6c d:/embitz/1.11/share/em_armgcc/bin/../lib/gcc/arm-none-eabi/5.4.1/../../../../arm-none-eabi/lib/armv7e-m\libg_n.a(lib_a-dtoa.o)
 .debug_frame   0x000026b0       0x68 d:/embitz/1.11/share/em_armgcc/bin/../lib/gcc/arm-none-eabi/5.4.1/../../../../arm-none-eabi/lib/armv7e-m\libg_n.a(lib_a-fflush.o)
 .debug_frame   0x00002718      0x11c d:/embitz/1.11/share/em_armgcc/bin/../lib/gcc/arm-none-eabi/5.4.1/../../../../arm-none-eabi/lib/armv7e-m\libg_n.a(lib_a-findfp.o)
 .debug_frame   0x00002834       0x54 d:/embitz/1.11/share/em_armgcc/bin/../lib/gcc/arm-none-eabi/5.4.1/../../../../arm-none-eabi/lib/armv7e-m\libg_n.a(lib_a-fwalk.o)
 .debug_frame   0x00002888       0x98 d:/embitz/1.11/share/em_armgcc/bin/../lib/gcc/arm-none-eabi/5.4.1/../../../../arm-none-eabi/lib/armv7e-m\libg_n.a(lib_a-locale.o)
 .debug_frame   0x00002920       0x54 d:/embitz/1.11/share/em_armgcc/bin/../lib/gcc/arm-none-eabi/5.4.1/../../../../arm-none-eabi/lib/armv7e-m\libg_n.a(lib_a-makebuf.o)
 .debug_frame   0x00002974       0x30 d:/embitz/1.11/share/em_armgcc/bin/../lib/gcc/arm-none-eabi/5.4.1/../../../../arm-none-eabi/lib/armv7e-m\libg_n.a(lib_a-malloc.o)
 .debug_frame   0x000029a4      0x234 d:/embitz/1.11/share/em_armgcc/bin/../lib/gcc/arm-none-eabi/5.4.1/../../../../arm-none-eabi/lib/armv7e-m\libg_n.a(lib_a-mprec.o)
 .debug_frame   0x00002bd8       0x2c d:/embitz/1.11/share/em_armgcc/bin/../lib/gcc/arm-none-eabi/5.4.1/../../../../arm-none-eabi/lib/armv7e-m\libg_n.a(lib_a-nano-callocr.o)
 .debug_frame   0x00002c04       0x38 d:/embitz/1.11/share/em_armgcc/bin/../lib/gcc/arm-none-eabi/5.4.1/../../../../arm-none-eabi/lib/armv7e-m\libg_n.a(lib_a-nano-freer.o)
 .debug_frame   0x00002c3c       0x2c d:/embitz/1.11/share/em_armgcc/bin/../lib/gcc/arm-none-eabi/5.4.1/../../../../arm-none-eabi/lib/armv7e-m\libg_n.a(lib_a-nano-mallocr.o)
 .debug_frame   0x00002c68       0x2c d:/embitz/1.11/share/em_armgcc/bin/../lib/gcc/arm-none-eabi/5.4.1/../../../../arm-none-eabi/lib/armv7e-m\libg_n.a(lib_a-sbrkr.o)
 .debug_frame   0x00002c94       0x88 d:/embitz/1.11/share/em_armgcc/bin/../lib/gcc/arm-none-eabi/5.4.1/../../../../arm-none-eabi/lib/armv7e-m\libg_n.a(lib_a-stdio.o)
 .debug_frame   0x00002d1c       0x2c d:/embitz/1.11/share/em_armgcc/bin/../lib/gcc/arm-none-eabi/5.4.1/../../../../arm-none-eabi/lib/armv7e-m\libg_n.a(lib_a-closer.o)
 .debug_frame   0x00002d48       0x2c d:/embitz/1.11/share/em_armgcc/bin/../lib/gcc/arm-none-eabi/5.4.1/../../../../arm-none-eabi/lib/armv7e-m\libg_n.a(lib_a-fstatr.o)
 .debug_frame   0x00002d74       0x2c d:/embitz/1.11/share/em_armgcc/bin/../lib/gcc/arm-none-eabi/5.4.1/../../../../arm-none-eabi/lib/armv7e-m\libg_n.a(lib_a-isattyr.o)
 .debug_frame   0x00002da0       0x2c d:/embitz/1.11/share/em_armgcc/bin/../lib/gcc/arm-none-eabi/5.4.1/../../../../arm-none-eabi/lib/armv7e-m\libg_n.a(lib_a-lseekr.o)
 .debug_frame   0x00002dcc       0x30 d:/embitz/1.11/share/em_armgcc/bin/../lib/gcc/arm-none-eabi/5.4.1/../../../../arm-none-eabi/lib/armv7e-m\libg_n.a(lib_a-mlock.o)
 .debug_frame   0x00002dfc       0x2c d:/embitz/1.11/share/em_armgcc/bin/../lib/gcc/arm-none-eabi/5.4.1/../../../../arm-none-eabi/lib/armv7e-m\libg_n.a(lib_a-readr.o)
 .debug_frame   0x00002e28       0x5c d:/embitz/1.11/share/em_armgcc/bin/../lib/gcc/arm-none-eabi/5.4.1/../../../../arm-none-eabi/lib/armv7e-m\libg_n.a(lib_a-reent.o)
 .debug_frame   0x00002e84       0x20 d:/embitz/1.11/share/em_armgcc/bin/../lib/gcc/arm-none-eabi/5.4.1/../../../../arm-none-eabi/lib/armv7e-m\libnosys_s.a(close.o)
 .debug_frame   0x00002ea4       0x20 d:/embitz/1.11/share/em_armgcc/bin/../lib/gcc/arm-none-eabi/5.4.1/../../../../arm-none-eabi/lib/armv7e-m\libnosys_s.a(fstat.o)
 .debug_frame   0x00002ec4       0x20 d:/embitz/1.11/share/em_armgcc/bin/../lib/gcc/arm-none-eabi/5.4.1/../../../../arm-none-eabi/lib/armv7e-m\libnosys_s.a(isatty.o)
 .debug_frame   0x00002ee4       0x20 d:/embitz/1.11/share/em_armgcc/bin/../lib/gcc/arm-none-eabi/5.4.1/../../../../arm-none-eabi/lib/armv7e-m\libnosys_s.a(lseek.o)
 .debug_frame   0x00002f04       0x20 d:/embitz/1.11/share/em_armgcc/bin/../lib/gcc/arm-none-eabi/5.4.1/../../../../arm-none-eabi/lib/armv7e-m\libnosys_s.a(read.o)
 .debug_frame   0x00002f24       0x20 d:/embitz/1.11/share/em_armgcc/bin/../lib/gcc/arm-none-eabi/5.4.1/../../../../arm-none-eabi/lib/armv7e-m\libnosys_s.a(sbrk.o)
 .debug_frame   0x00002f44       0x20 d:/embitz/1.11/share/em_armgcc/bin/../lib/gcc/arm-none-eabi/5.4.1/../../../../arm-none-eabi/lib/armv7e-m\libnosys_s.a(_exit.o)

.stab           0x00000000       0x84
 .stab          0x00000000       0x24 d:/embitz/1.11/share/em_armgcc/bin/../lib/gcc/arm-none-eabi/5.4.1/../../../../arm-none-eabi/lib/armv7e-m\libnosys_s.a(close.o)
 .stab          0x00000024       0x18 d:/embitz/1.11/share/em_armgcc/bin/../lib/gcc/arm-none-eabi/5.4.1/../../../../arm-none-eabi/lib/armv7e-m\libnosys_s.a(fstat.o)
                                 0x24 (size before relaxing)
 .stab          0x0000003c       0x18 d:/embitz/1.11/share/em_armgcc/bin/../lib/gcc/arm-none-eabi/5.4.1/../../../../arm-none-eabi/lib/armv7e-m\libnosys_s.a(isatty.o)
                                 0x24 (size before relaxing)
 .stab          0x00000054       0x18 d:/embitz/1.11/share/em_armgcc/bin/../lib/gcc/arm-none-eabi/5.4.1/../../../../arm-none-eabi/lib/armv7e-m\libnosys_s.a(lseek.o)
                                 0x24 (size before relaxing)
 .stab          0x0000006c       0x18 d:/embitz/1.11/share/em_armgcc/bin/../lib/gcc/arm-none-eabi/5.4.1/../../../../arm-none-eabi/lib/armv7e-m\libnosys_s.a(read.o)
                                 0x24 (size before relaxing)

.stabstr        0x00000000      0x117
 .stabstr       0x00000000      0x117 d:/embitz/1.11/share/em_armgcc/bin/../lib/gcc/arm-none-eabi/5.4.1/../../../../arm-none-eabi/lib/armv7e-m\libnosys_s.a(close.o)
